Archive member included to satisfy reference by file (symbol)

/usr/lib/gcc/arm-none-eabi/10.3.1/thumb/v6-m/nofp/libgcc.a(_dvmd_tls.o)
                              CMakeFiles/Keyboard.dir/home/sidney/pico/pico-sdk/src/rp2_common/pico_divider/divider.S.obj (__aeabi_idiv0)
/usr/lib/gcc/arm-none-eabi/10.3.1/../../../arm-none-eabi/lib/thumb/v6-m/nofp/libg.a(lib_a-atexit.o)
                              /usr/lib/gcc/arm-none-eabi/10.3.1/../../../arm-none-eabi/lib/thumb/v6-m/nofp/crt0.o (atexit)
/usr/lib/gcc/arm-none-eabi/10.3.1/../../../arm-none-eabi/lib/thumb/v6-m/nofp/libg.a(lib_a-calloc.o)
                              CMakeFiles/Keyboard.dir/home/sidney/pico/pico-sdk/src/rp2_common/pico_malloc/pico_malloc.c.obj (calloc)
/usr/lib/gcc/arm-none-eabi/10.3.1/../../../arm-none-eabi/lib/thumb/v6-m/nofp/libg.a(lib_a-callocr.o)
                              /usr/lib/gcc/arm-none-eabi/10.3.1/../../../arm-none-eabi/lib/thumb/v6-m/nofp/libg.a(lib_a-calloc.o) (_calloc_r)
/usr/lib/gcc/arm-none-eabi/10.3.1/../../../arm-none-eabi/lib/thumb/v6-m/nofp/libg.a(lib_a-fini.o)
                              /usr/lib/gcc/arm-none-eabi/10.3.1/../../../arm-none-eabi/lib/thumb/v6-m/nofp/crt0.o (__libc_fini_array)
/usr/lib/gcc/arm-none-eabi/10.3.1/../../../arm-none-eabi/lib/thumb/v6-m/nofp/libg.a(lib_a-impure.o)
                              /usr/lib/gcc/arm-none-eabi/10.3.1/../../../arm-none-eabi/lib/thumb/v6-m/nofp/libg.a(lib_a-calloc.o) (_impure_ptr)
/usr/lib/gcc/arm-none-eabi/10.3.1/../../../arm-none-eabi/lib/thumb/v6-m/nofp/libg.a(lib_a-init.o)
                              /usr/lib/gcc/arm-none-eabi/10.3.1/../../../arm-none-eabi/lib/thumb/v6-m/nofp/crt0.o (__libc_init_array)
/usr/lib/gcc/arm-none-eabi/10.3.1/../../../arm-none-eabi/lib/thumb/v6-m/nofp/libg.a(lib_a-malloc.o)
                              CMakeFiles/Keyboard.dir/home/sidney/pico/pico-sdk/src/rp2_common/pico_malloc/pico_malloc.c.obj (malloc)
/usr/lib/gcc/arm-none-eabi/10.3.1/../../../arm-none-eabi/lib/thumb/v6-m/nofp/libg.a(lib_a-mallocr.o)
                              /usr/lib/gcc/arm-none-eabi/10.3.1/../../../arm-none-eabi/lib/thumb/v6-m/nofp/libg.a(lib_a-callocr.o) (_malloc_r)
/usr/lib/gcc/arm-none-eabi/10.3.1/../../../arm-none-eabi/lib/thumb/v6-m/nofp/libg.a(lib_a-mlock.o)
                              /usr/lib/gcc/arm-none-eabi/10.3.1/../../../arm-none-eabi/lib/thumb/v6-m/nofp/libg.a(lib_a-mallocr.o) (__malloc_lock)
/usr/lib/gcc/arm-none-eabi/10.3.1/../../../arm-none-eabi/lib/thumb/v6-m/nofp/libg.a(lib_a-realloc.o)
                              CMakeFiles/Keyboard.dir/home/sidney/pico/pico-sdk/src/rp2_common/pico_malloc/pico_malloc.c.obj (realloc)
/usr/lib/gcc/arm-none-eabi/10.3.1/../../../arm-none-eabi/lib/thumb/v6-m/nofp/libg.a(lib_a-reallocr.o)
                              /usr/lib/gcc/arm-none-eabi/10.3.1/../../../arm-none-eabi/lib/thumb/v6-m/nofp/libg.a(lib_a-realloc.o) (_realloc_r)
/usr/lib/gcc/arm-none-eabi/10.3.1/../../../arm-none-eabi/lib/thumb/v6-m/nofp/libg.a(lib_a-sbrkr.o)
                              /usr/lib/gcc/arm-none-eabi/10.3.1/../../../arm-none-eabi/lib/thumb/v6-m/nofp/libg.a(lib_a-mallocr.o) (_sbrk_r)
/usr/lib/gcc/arm-none-eabi/10.3.1/../../../arm-none-eabi/lib/thumb/v6-m/nofp/libg.a(lib_a-strlen-stub.o)
                              CMakeFiles/Keyboard.dir/home/sidney/pico/pico-sdk/src/rp2_common/pico_stdio/stdio.c.obj (strlen)
/usr/lib/gcc/arm-none-eabi/10.3.1/../../../arm-none-eabi/lib/thumb/v6-m/nofp/libg.a(lib_a-__atexit.o)
                              /usr/lib/gcc/arm-none-eabi/10.3.1/../../../arm-none-eabi/lib/thumb/v6-m/nofp/libg.a(lib_a-atexit.o) (__register_exitproc)
/usr/lib/gcc/arm-none-eabi/10.3.1/../../../arm-none-eabi/lib/thumb/v6-m/nofp/libg.a(lib_a-freer.o)
                              /usr/lib/gcc/arm-none-eabi/10.3.1/../../../arm-none-eabi/lib/thumb/v6-m/nofp/libg.a(lib_a-malloc.o) (_free_r)
/usr/lib/gcc/arm-none-eabi/10.3.1/../../../arm-none-eabi/lib/thumb/v6-m/nofp/libg.a(lib_a-memmove.o)
                              /usr/lib/gcc/arm-none-eabi/10.3.1/../../../arm-none-eabi/lib/thumb/v6-m/nofp/libg.a(lib_a-reallocr.o) (memmove)
/usr/lib/gcc/arm-none-eabi/10.3.1/../../../arm-none-eabi/lib/thumb/v6-m/nofp/libg.a(lib_a-reent.o)
                              /usr/lib/gcc/arm-none-eabi/10.3.1/../../../arm-none-eabi/lib/thumb/v6-m/nofp/libg.a(lib_a-sbrkr.o) (errno)

Discarded input sections

 .text          0x0000000000000000        0x0 /usr/lib/gcc/arm-none-eabi/10.3.1/thumb/v6-m/nofp/crti.o
 .data          0x0000000000000000        0x0 /usr/lib/gcc/arm-none-eabi/10.3.1/thumb/v6-m/nofp/crti.o
 .bss           0x0000000000000000        0x0 /usr/lib/gcc/arm-none-eabi/10.3.1/thumb/v6-m/nofp/crti.o
 .data          0x0000000000000000        0x4 /usr/lib/gcc/arm-none-eabi/10.3.1/thumb/v6-m/nofp/crtbegin.o
 .rodata        0x0000000000000000       0x24 /usr/lib/gcc/arm-none-eabi/10.3.1/thumb/v6-m/nofp/crtbegin.o
 .fini_array    0x0000000000000000        0x4 /usr/lib/gcc/arm-none-eabi/10.3.1/thumb/v6-m/nofp/crtbegin.o
[...]
Memory Configuration

Name             Origin             Length             Attributes
FLASH            0x0000000010000000 0x0000000000200000 xr
RAM              0x0000000020000000 0x0000000000040000 xrw
SCRATCH_X        0x0000000020040000 0x0000000000001000 xrw
SCRATCH_Y        0x0000000020041000 0x0000000000001000 xrw
*default*        0x0000000000000000 0xffffffffffffffff

Linker script and memory map

LOAD /usr/lib/gcc/arm-none-eabi/10.3.1/thumb/v6-m/nofp/crti.o
LOAD /usr/lib/gcc/arm-none-eabi/10.3.1/thumb/v6-m/nofp/crtbegin.o
LOAD /usr/lib/gcc/arm-none-eabi/10.3.1/../../../arm-none-eabi/lib/thumb/v6-m/nofp/crt0.o

.flash_begin    0x0000000010000000        0x0
                0x0000000010000000                __flash_binary_start = .

.boot2          0x0000000010000000      0x100
                0x0000000010000000                __boot2_start__ = .
 *(.boot2)
 .boot2         0x0000000010000000      0x100 /tmp/ccppmv52.o
                0x0000000010000100                __boot2_end__ = .
                0x0000000000000001                ASSERT (((__boot2_end__ - __boot2_start__) == 0x100), ERROR: Pico second stage bootloader must be 256 bytes in size)

.text           0x0000000010000100     0x6db8
                0x0000000010000100                __logical_binary_start = .
 *(.vectors)
 .vectors       0x0000000010000100       0xd4 CMakeFiles/Keyboard.dir/home/sidney/pico/pico-sdk/src/rp2_common/pico_standard_link/crt0.S.obj
                0x0000000010000100                __vectors
                0x0000000010000100                __VECTOR_TABLE
                0x00000000100001c0                isr_invalid
                0x00000000100001c0                __default_isrs_start
                0x00000000100001c2                isr_nmi
                0x00000000100001c4                isr_hardfault
                0x00000000100001c6                isr_svcall
                0x00000000100001c8                isr_pendsv
                0x00000000100001ca                isr_systick
                0x00000000100001cc                isr_irq30
                0x00000000100001cc                __unhandled_user_irq
                0x00000000100001cc                isr_irq13
                0x00000000100001cc                isr_irq27
                0x00000000100001cc                isr_irq31
                0x00000000100001cc                isr_irq5
                0x00000000100001cc                isr_irq11
                0x00000000100001cc                isr_irq23
                0x00000000100001cc                isr_irq18
                0x00000000100001cc                isr_irq28
                0x00000000100001cc                isr_irq19
                0x00000000100001cc                isr_irq0
                0x00000000100001cc                isr_irq6
                0x00000000100001cc                isr_irq22
                0x00000000100001cc                isr_irq17
                0x00000000100001cc                isr_irq14
                0x00000000100001cc                isr_irq2
                0x00000000100001cc                isr_irq10
                0x00000000100001cc                isr_irq8
                0x00000000100001cc                isr_irq24
                0x00000000100001cc                isr_irq1
                0x00000000100001cc                isr_irq7
                0x00000000100001cc                isr_irq21
                0x00000000100001cc                isr_irq20
                0x00000000100001cc                isr_irq15
                0x00000000100001cc                isr_irq25
                0x00000000100001cc                isr_irq4
                0x00000000100001cc                isr_irq16
                0x00000000100001cc                isr_irq29
                0x00000000100001cc                isr_irq26
                0x00000000100001cc                __default_isrs_end
                0x00000000100001cc                isr_irq3
                0x00000000100001cc                isr_irq12
                0x00000000100001cc                isr_irq9
                0x00000000100001d2                unhandled_user_irq_num_in_r0
 *(.binary_info_header)
 .binary_info_header
                0x00000000100001d4       0x14 CMakeFiles/Keyboard.dir/home/sidney/pico/pico-sdk/src/rp2_common/pico_standard_link/crt0.S.obj
                0x00000000100001e8                __binary_info_header_end = .
 *(.reset)
 .reset         0x00000000100001e8       0xa0 CMakeFiles/Keyboard.dir/home/sidney/pico/pico-sdk/src/rp2_common/pico_standard_link/crt0.S.obj
                0x00000000100001e8                _entry_point
 .reset         0x0000000010000288       0x30 CMakeFiles/Keyboard.dir/home/sidney/pico/pico-sdk/src/rp2_common/pico_standard_link/binary_info.c.obj
 *(.init)
 .init          0x00000000100002b8        0x4 /usr/lib/gcc/arm-none-eabi/10.3.1/thumb/v6-m/nofp/crti.o
                0x00000000100002b8                _init
 *(EXCLUDE_FILE(*libm.a: *libc.a:*lib_a-mem*.o *libgcc.a:) .text*)
 .text          0x00000000100002bc       0x98 /usr/lib/gcc/arm-none-eabi/10.3.1/thumb/v6-m/nofp/crtbegin.o
 .text._Z19initialise_registerv
                0x0000000010000354       0x48 CMakeFiles/Keyboard.dir/debug.cpp.obj
                0x0000000010000354                initialise_register()
 .text._Z16load_to_registerv
                0x000000001000039c       0x26 CMakeFiles/Keyboard.dir/debug.cpp.obj
                0x000000001000039c                load_to_register()
 *fill*         0x00000000100003c2        0x2 
 .text._Z13read_registerv
                0x00000000100003c4       0x48 CMakeFiles/Keyboard.dir/debug.cpp.obj
                0x00000000100003c4                read_register()
 .text.main     0x000000001000040c       0x44 CMakeFiles/Keyboard.dir/debug.cpp.obj
                0x000000001000040c                main
 .text.gpio_set_function
                0x0000000010000450       0x30 CMakeFiles/Keyboard.dir/home/sidney/pico/pico-sdk/src/rp2_common/hardware_gpio/gpio.c.obj
                0x0000000010000450                gpio_set_function
 .text.gpio_init
                0x0000000010000480       0x16 CMakeFiles/Keyboard.dir/home/sidney/pico/pico-sdk/src/rp2_common/hardware_gpio/gpio.c.obj
                0x0000000010000480                gpio_init
 *fill*         0x0000000010000496        0x2 
 .text.running_on_fpga
                0x0000000010000498       0x14 CMakeFiles/Keyboard.dir/home/sidney/pico/pico-sdk/src/rp2_common/pico_platform/platform.c.obj
                0x0000000010000498                running_on_fpga
 .text.hw_claim_lock
                0x00000000100004ac       0x18 CMakeFiles/Keyboard.dir/home/sidney/pico/pico-sdk/src/rp2_common/hardware_claim/claim.c.obj
                0x00000000100004ac                hw_claim_lock
 .text.hw_claim_unlock
                0x00000000100004c4       0x14 CMakeFiles/Keyboard.dir/home/sidney/pico/pico-sdk/src/rp2_common/hardware_claim/claim.c.obj
                0x00000000100004c4                hw_claim_unlock
 .text.hw_claim_or_assert
                0x00000000100004d8       0x32 CMakeFiles/Keyboard.dir/home/sidney/pico/pico-sdk/src/rp2_common/hardware_claim/claim.c.obj
                0x00000000100004d8                hw_claim_or_assert
 .text.hw_claim_unused_from_range
                0x000000001000050a       0x50 CMakeFiles/Keyboard.dir/home/sidney/pico/pico-sdk/src/rp2_common/hardware_claim/claim.c.obj
                0x000000001000050a                hw_claim_unused_from_range
 *fill*         0x000000001000055a        0x2 
 .text.spin_locks_reset
                0x000000001000055c       0x20 CMakeFiles/Keyboard.dir/home/sidney/pico/pico-sdk/src/rp2_common/hardware_sync/sync.c.obj
                0x000000001000055c                spin_locks_reset
 .text.next_striped_spin_lock_num
                0x000000001000057c       0x1c CMakeFiles/Keyboard.dir/home/sidney/pico/pico-sdk/src/rp2_common/hardware_sync/sync.c.obj
                0x000000001000057c                next_striped_spin_lock_num
 .text.spin_lock_claim_unused
                0x0000000010000598       0x20 CMakeFiles/Keyboard.dir/home/sidney/pico/pico-sdk/src/rp2_common/hardware_sync/sync.c.obj
                0x0000000010000598                spin_lock_claim_unused
 .text.set_raw_irq_handler_and_unlock
                0x00000000100005b8       0x28 CMakeFiles/Keyboard.dir/home/sidney/pico/pico-sdk/src/rp2_common/hardware_irq/irq.c.obj
 .text.make_branch
                0x00000000100005e0       0x48 CMakeFiles/Keyboard.dir/home/sidney/pico/pico-sdk/src/rp2_common/hardware_irq/irq.c.obj
 .text.insert_branch_and_link
                0x0000000010000628       0x40 CMakeFiles/Keyboard.dir/home/sidney/pico/pico-sdk/src/rp2_common/hardware_irq/irq.c.obj
 .text.irq_is_enabled
                0x0000000010000668       0x18 CMakeFiles/Keyboard.dir/home/sidney/pico/pico-sdk/src/rp2_common/hardware_irq/irq.c.obj
                0x0000000010000668                irq_is_enabled
 .text.irq_set_mask_enabled
                0x0000000010000680       0x20 CMakeFiles/Keyboard.dir/home/sidney/pico/pico-sdk/src/rp2_common/hardware_irq/irq.c.obj
                0x0000000010000680                irq_set_mask_enabled
 .text.irq_set_enabled
                0x00000000100006a0        0xe CMakeFiles/Keyboard.dir/home/sidney/pico/pico-sdk/src/rp2_common/hardware_irq/irq.c.obj
                0x00000000100006a0                irq_set_enabled
 *fill*         0x00000000100006ae        0x2 
 .text.irq_set_pending
                0x00000000100006b0       0x10 CMakeFiles/Keyboard.dir/home/sidney/pico/pico-sdk/src/rp2_common/hardware_irq/irq.c.obj
                0x00000000100006b0                irq_set_pending
 .text.irq_get_vtable_handler
                0x00000000100006c0       0x10 CMakeFiles/Keyboard.dir/home/sidney/pico/pico-sdk/src/rp2_common/hardware_irq/irq.c.obj
                0x00000000100006c0                irq_get_vtable_handler
 .text.irq_has_shared_handler
                0x00000000100006d0       0x24 CMakeFiles/Keyboard.dir/home/sidney/pico/pico-sdk/src/rp2_common/hardware_irq/irq.c.obj
                0x00000000100006d0                irq_has_shared_handler
 .text.irq_set_exclusive_handler
                0x00000000100006f4       0x54 CMakeFiles/Keyboard.dir/home/sidney/pico/pico-sdk/src/rp2_common/hardware_irq/irq.c.obj
                0x00000000100006f4                irq_set_exclusive_handler
 .text.irq_add_shared_handler
                0x0000000010000748      0x234 CMakeFiles/Keyboard.dir/home/sidney/pico/pico-sdk/src/rp2_common/hardware_irq/irq.c.obj
                0x0000000010000748                irq_add_shared_handler
 .text.irq_remove_handler
                0x000000001000097c      0x1ac CMakeFiles/Keyboard.dir/home/sidney/pico/pico-sdk/src/rp2_common/hardware_irq/irq.c.obj
                0x000000001000097c                irq_remove_handler
 .text.irq_add_tail_to_free_list
                0x0000000010000b28       0xf0 CMakeFiles/Keyboard.dir/home/sidney/pico/pico-sdk/src/rp2_common/hardware_irq/irq.c.obj
                0x0000000010000b28                irq_add_tail_to_free_list
 .text.irq_init_priorities
                0x0000000010000c18       0x1c CMakeFiles/Keyboard.dir/home/sidney/pico/pico-sdk/src/rp2_common/hardware_irq/irq.c.obj
                0x0000000010000c18                irq_init_priorities
 .text.user_irq_claim_unused
                0x0000000010000c34       0x28 CMakeFiles/Keyboard.dir/home/sidney/pico/pico-sdk/src/rp2_common/hardware_irq/irq.c.obj
                0x0000000010000c34                user_irq_claim_unused
 .text.lock_init
                0x0000000010000c5c       0x10 CMakeFiles/Keyboard.dir/home/sidney/pico/pico-sdk/src/common/pico_sync/lock_core.c.obj
                0x0000000010000c5c                lock_init
 .text.mutex_init
                0x0000000010000c6c       0x1a CMakeFiles/Keyboard.dir/home/sidney/pico/pico-sdk/src/common/pico_sync/mutex.c.obj
                0x0000000010000c6c                mutex_init
 .text.recursive_mutex_init
                0x0000000010000c86       0x1e CMakeFiles/Keyboard.dir/home/sidney/pico/pico-sdk/src/common/pico_sync/mutex.c.obj
                0x0000000010000c86                recursive_mutex_init
 .text.critical_section_init_with_lock_num
                0x0000000010000ca4       0x14 CMakeFiles/Keyboard.dir/home/sidney/pico/pico-sdk/src/common/pico_sync/critical_section.c.obj
                0x0000000010000ca4                critical_section_init_with_lock_num
 .text.critical_section_init
                0x0000000010000cb8       0x14 CMakeFiles/Keyboard.dir/home/sidney/pico/pico-sdk/src/common/pico_sync/critical_section.c.obj
                0x0000000010000cb8                critical_section_init
 .text.alarm_pool_post_alloc_init
                0x0000000010000ccc       0x40 CMakeFiles/Keyboard.dir/home/sidney/pico/pico-sdk/src/common/pico_time/time.c.obj
 .text.sleep_until_callback
                0x0000000010000d0c       0x30 CMakeFiles/Keyboard.dir/home/sidney/pico/pico-sdk/src/common/pico_time/time.c.obj
 .text.timer_pool_entry_comparator
                0x0000000010000d3c       0x7c CMakeFiles/Keyboard.dir/home/sidney/pico/pico-sdk/src/common/pico_time/time.c.obj
                0x0000000010000d3c                timer_pool_entry_comparator
 .text.ph_add_child_node
                0x0000000010000db8       0xa4 CMakeFiles/Keyboard.dir/home/sidney/pico/pico-sdk/src/common/pico_time/time.c.obj
 .text.ph_merge_nodes
                0x0000000010000e5c       0x3e CMakeFiles/Keyboard.dir/home/sidney/pico/pico-sdk/src/common/pico_time/time.c.obj
 *fill*         0x0000000010000e9a        0x2 
 .text.add_alarm_under_lock
                0x0000000010000e9c      0x174 CMakeFiles/Keyboard.dir/home/sidney/pico/pico-sdk/src/common/pico_time/time.c.obj
 .text.alarm_pool_alarm_callback
                0x0000000010001010      0x33c CMakeFiles/Keyboard.dir/home/sidney/pico/pico-sdk/src/common/pico_time/time.c.obj
 .text.alarm_pool_init_default
                0x000000001000134c       0x40 CMakeFiles/Keyboard.dir/home/sidney/pico/pico-sdk/src/common/pico_time/time.c.obj
                0x000000001000134c                alarm_pool_init_default
 .text.alarm_pool_get_default
                0x000000001000138c       0x2c CMakeFiles/Keyboard.dir/home/sidney/pico/pico-sdk/src/common/pico_time/time.c.obj
                0x000000001000138c                alarm_pool_get_default
 .text.alarm_pool_add_alarm_at
                0x00000000100013b8      0x168 CMakeFiles/Keyboard.dir/home/sidney/pico/pico-sdk/src/common/pico_time/time.c.obj
                0x00000000100013b8                alarm_pool_add_alarm_at
 .text.alarm_pool_cancel_alarm
                0x0000000010001520       0xf0 CMakeFiles/Keyboard.dir/home/sidney/pico/pico-sdk/src/common/pico_time/time.c.obj
                0x0000000010001520                alarm_pool_cancel_alarm
 .text.alarm_pool_core_num
                0x0000000010001610        0x4 CMakeFiles/Keyboard.dir/home/sidney/pico/pico-sdk/src/common/pico_time/time.c.obj
                0x0000000010001610                alarm_pool_core_num
 .text.sleep_until
                0x0000000010001614       0xfc CMakeFiles/Keyboard.dir/home/sidney/pico/pico-sdk/src/common/pico_time/time.c.obj
                0x0000000010001614                sleep_until
 .text.sleep_us
                0x0000000010001710       0x58 CMakeFiles/Keyboard.dir/home/sidney/pico/pico-sdk/src/common/pico_time/time.c.obj
                0x0000000010001710                sleep_us
 .text.sleep_ms
                0x0000000010001768       0x14 CMakeFiles/Keyboard.dir/home/sidney/pico/pico-sdk/src/common/pico_time/time.c.obj
                0x0000000010001768                sleep_ms
 .text.best_effort_wfe_or_timeout
                0x000000001000177c       0xac CMakeFiles/Keyboard.dir/home/sidney/pico/pico-sdk/src/common/pico_time/time.c.obj
                0x000000001000177c                best_effort_wfe_or_timeout
 .text.hardware_alarm_irq_handler
                0x0000000010001828       0x90 CMakeFiles/Keyboard.dir/home/sidney/pico/pico-sdk/src/rp2_common/hardware_timer/timer.c.obj
 .text.hardware_alarm_claim
                0x00000000100018b8       0x18 CMakeFiles/Keyboard.dir/home/sidney/pico/pico-sdk/src/rp2_common/hardware_timer/timer.c.obj
                0x00000000100018b8                hardware_alarm_claim
 .text.time_us_64
                0x00000000100018d0       0x18 CMakeFiles/Keyboard.dir/home/sidney/pico/pico-sdk/src/rp2_common/hardware_timer/timer.c.obj
                0x00000000100018d0                time_us_64
 .text.busy_wait_until
                0x00000000100018e8       0x28 CMakeFiles/Keyboard.dir/home/sidney/pico/pico-sdk/src/rp2_common/hardware_timer/timer.c.obj
                0x00000000100018e8                busy_wait_until
 .text.hardware_alarm_set_callback
                0x0000000010001910       0x90 CMakeFiles/Keyboard.dir/home/sidney/pico/pico-sdk/src/rp2_common/hardware_timer/timer.c.obj
                0x0000000010001910                hardware_alarm_set_callback
 .text.hardware_alarm_set_target
                0x00000000100019a0       0xe8 CMakeFiles/Keyboard.dir/home/sidney/pico/pico-sdk/src/rp2_common/hardware_timer/timer.c.obj
                0x00000000100019a0                hardware_alarm_set_target
 .text.hardware_alarm_cancel
                0x0000000010001a88       0x40 CMakeFiles/Keyboard.dir/home/sidney/pico/pico-sdk/src/rp2_common/hardware_timer/timer.c.obj
                0x0000000010001a88                hardware_alarm_cancel
 .text.ph_add_child_node
                0x0000000010001ac8       0xa4 CMakeFiles/Keyboard.dir/home/sidney/pico/pico-sdk/src/common/pico_util/pheap.c.obj
 .text.ph_merge_nodes
                0x0000000010001b6c       0x3e CMakeFiles/Keyboard.dir/home/sidney/pico/pico-sdk/src/common/pico_util/pheap.c.obj
 *fill*         0x0000000010001baa        0x2 
 .text.ph_clear
                0x0000000010001bac       0x70 CMakeFiles/Keyboard.dir/home/sidney/pico/pico-sdk/src/common/pico_util/pheap.c.obj
                0x0000000010001bac                ph_clear
 .text.ph_post_alloc_init
                0x0000000010001c1c        0xe CMakeFiles/Keyboard.dir/home/sidney/pico/pico-sdk/src/common/pico_util/pheap.c.obj
                0x0000000010001c1c                ph_post_alloc_init
 *fill*         0x0000000010001c2a        0x2 
 .text.ph_merge_two_pass
                0x0000000010001c2c       0xa8 CMakeFiles/Keyboard.dir/home/sidney/pico/pico-sdk/src/common/pico_util/pheap.c.obj
                0x0000000010001c2c                ph_merge_two_pass
 .text.ph_remove_any_head
                0x0000000010001cd4      0x128 CMakeFiles/Keyboard.dir/home/sidney/pico/pico-sdk/src/common/pico_util/pheap.c.obj
 .text.ph_remove_head
                0x0000000010001dfc       0x14 CMakeFiles/Keyboard.dir/home/sidney/pico/pico-sdk/src/common/pico_util/pheap.c.obj
                0x0000000010001dfc                ph_remove_head
 .text.ph_remove_and_free_node
                0x0000000010001e10       0xf8 CMakeFiles/Keyboard.dir/home/sidney/pico/pico-sdk/src/common/pico_util/pheap.c.obj
                0x0000000010001e10                ph_remove_and_free_node
 .text.clock_configure
                0x0000000010001f08      0x104 CMakeFiles/Keyboard.dir/home/sidney/pico/pico-sdk/src/rp2_common/hardware_clocks/clocks.c.obj
                0x0000000010001f08                clock_configure
 .text.clocks_init
                0x000000001000200c      0x100 CMakeFiles/Keyboard.dir/home/sidney/pico/pico-sdk/src/rp2_common/hardware_clocks/clocks.c.obj
                0x000000001000200c                clocks_init
 .text.pll_init
                0x000000001000210c      0x12c CMakeFiles/Keyboard.dir/home/sidney/pico/pico-sdk/src/rp2_common/hardware_pll/pll.c.obj
                0x000000001000210c                pll_init
 .text.watchdog_start_tick
                0x0000000010002238       0x10 CMakeFiles/Keyboard.dir/home/sidney/pico/pico-sdk/src/rp2_common/hardware_watchdog/watchdog.c.obj
                0x0000000010002238                watchdog_start_tick
 .text.watchdog_update
                0x0000000010002248       0x14 CMakeFiles/Keyboard.dir/home/sidney/pico/pico-sdk/src/rp2_common/hardware_watchdog/watchdog.c.obj
                0x0000000010002248                watchdog_update
 .text._watchdog_enable
                0x000000001000225c       0x78 CMakeFiles/Keyboard.dir/home/sidney/pico/pico-sdk/src/rp2_common/hardware_watchdog/watchdog.c.obj
                0x000000001000225c                _watchdog_enable
 .text.watchdog_reboot
                0x00000000100022d4       0x48 CMakeFiles/Keyboard.dir/home/sidney/pico/pico-sdk/src/rp2_common/hardware_watchdog/watchdog.c.obj
                0x00000000100022d4                watchdog_reboot
 .text.xosc_init
                0x000000001000231c       0x28 CMakeFiles/Keyboard.dir/home/sidney/pico/pico-sdk/src/rp2_common/hardware_xosc/xosc.c.obj
                0x000000001000231c                xosc_init
 .text._exit    0x0000000010002344        0x4 CMakeFiles/Keyboard.dir/home/sidney/pico/pico-sdk/src/rp2_common/pico_runtime/runtime.c.obj
                0x0000000010002344                _exit
 .text.exit     0x0000000010002348        0x6 CMakeFiles/Keyboard.dir/home/sidney/pico/pico-sdk/src/rp2_common/pico_runtime/runtime.c.obj
                0x0000000010002348                exit
 *fill*         0x000000001000234e        0x2 
 .text.__assert_func
                0x0000000010002350       0x3c CMakeFiles/Keyboard.dir/home/sidney/pico/pico-sdk/src/rp2_common/pico_runtime/runtime.c.obj
                0x0000000010002350                __assert_func
 .text.runtime_init
                0x000000001000238c       0xf8 CMakeFiles/Keyboard.dir/home/sidney/pico/pico-sdk/src/rp2_common/pico_runtime/runtime.c.obj
                0x000000001000238c                runtime_init
 .text.panic    0x0000000010002484       0x30 CMakeFiles/Keyboard.dir/home/sidney/pico/pico-sdk/src/rp2_common/pico_runtime/runtime.c.obj
                0x0000000010002484                panic
 .text._out_null
                0x00000000100024b4        0x2 CMakeFiles/Keyboard.dir/home/sidney/pico/pico-sdk/src/rp2_common/pico_printf/printf.c.obj
 .text._out_fct
                0x00000000100024b6        0xe CMakeFiles/Keyboard.dir/home/sidney/pico/pico-sdk/src/rp2_common/pico_printf/printf.c.obj
 .text._atoi    0x00000000100024c4       0x24 CMakeFiles/Keyboard.dir/home/sidney/pico/pico-sdk/src/rp2_common/pico_printf/printf.c.obj
 .text._out_rev
                0x00000000100024e8       0xae CMakeFiles/Keyboard.dir/home/sidney/pico/pico-sdk/src/rp2_common/pico_printf/printf.c.obj
 .text._ntoa_format
                0x0000000010002596      0x112 CMakeFiles/Keyboard.dir/home/sidney/pico/pico-sdk/src/rp2_common/pico_printf/printf.c.obj
 .text._ntoa_long
                0x00000000100026a8       0xbc CMakeFiles/Keyboard.dir/home/sidney/pico/pico-sdk/src/rp2_common/pico_printf/printf.c.obj
 .text._ntoa_long_long
                0x0000000010002764       0xe2 CMakeFiles/Keyboard.dir/home/sidney/pico/pico-sdk/src/rp2_common/pico_printf/printf.c.obj
 *fill*         0x0000000010002846        0x2 
 .text._etoa    0x0000000010002848      0x414 CMakeFiles/Keyboard.dir/home/sidney/pico/pico-sdk/src/rp2_common/pico_printf/printf.c.obj
 .text._ftoa    0x0000000010002c5c      0x354 CMakeFiles/Keyboard.dir/home/sidney/pico/pico-sdk/src/rp2_common/pico_printf/printf.c.obj
 .text._vsnprintf
                0x0000000010002fb0      0x624 CMakeFiles/Keyboard.dir/home/sidney/pico/pico-sdk/src/rp2_common/pico_printf/printf.c.obj
 .text.vfctprintf
                0x00000000100035d4       0x20 CMakeFiles/Keyboard.dir/home/sidney/pico/pico-sdk/src/rp2_common/pico_printf/printf.c.obj
                0x00000000100035d4                vfctprintf
 .text          0x00000000100035f4       0x10 CMakeFiles/Keyboard.dir/home/sidney/pico/pico-sdk/src/rp2_common/pico_bit_ops/bit_ops_aeabi.S.obj
 .text.rom_func_lookup
                0x0000000010003604       0x10 CMakeFiles/Keyboard.dir/home/sidney/pico/pico-sdk/src/rp2_common/pico_bootrom/bootrom.c.obj
                0x0000000010003604                rom_func_lookup
 .text.rom_data_lookup
                0x0000000010003614       0x10 CMakeFiles/Keyboard.dir/home/sidney/pico/pico-sdk/src/rp2_common/pico_bootrom/bootrom.c.obj
                0x0000000010003614                rom_data_lookup
 .text.rom_funcs_lookup
                0x0000000010003624       0x36 CMakeFiles/Keyboard.dir/home/sidney/pico/pico-sdk/src/rp2_common/pico_bootrom/bootrom.c.obj
                0x0000000010003624                rom_funcs_lookup
 *fill*         0x000000001000365a        0x2 
 .text.__wrap___aeabi_idiv
                0x000000001000365c       0x50 CMakeFiles/Keyboard.dir/home/sidney/pico/pico-sdk/src/rp2_common/pico_divider/divider.S.obj
                0x000000001000365c                __wrap___aeabi_idivmod
                0x000000001000365c                divmod_s32s32
                0x000000001000365c                div_s32s32
                0x000000001000365c                __wrap___aeabi_idiv
                0x0000000010003664                divmod_s32s32_unsafe
                0x0000000010003690                divmod_s32s32_savestate
 .text.__wrap___aeabi_uidiv
                0x00000000100036ac       0x4c CMakeFiles/Keyboard.dir/home/sidney/pico/pico-sdk/src/rp2_common/pico_divider/divider.S.obj
                0x00000000100036ac                __wrap___aeabi_uidiv
                0x00000000100036ac                __wrap___aeabi_uidivmod
                0x00000000100036ac                div_u32u32
                0x00000000100036ac                divmod_u32u32
                0x00000000100036b4                divmod_u32u32_unsafe
                0x00000000100036dc                divmod_u32u32_savestate
 .text.__wrap___aeabi_ldiv
                0x00000000100036f8      0x424 CMakeFiles/Keyboard.dir/home/sidney/pico/pico-sdk/src/rp2_common/pico_divider/divider.S.obj
                0x00000000100036f8                div_s64s64
                0x00000000100036f8                divmod_s64s64
                0x00000000100036f8                __wrap___aeabi_ldivmod
                0x0000000010003728                div_u64u64
                0x0000000010003728                divmod_u64u64
                0x0000000010003728                __wrap___aeabi_uldivmod
                0x0000000010003738                divmod_u64u64_savestate
                0x0000000010003758                divmod_s64s64_unsafe
                0x00000000100037e0                divmod_u64u64_unsafe
 .text.__wrap___aeabi_darithmetic
                0x0000000010003b1c       0x80 CMakeFiles/Keyboard.dir/home/sidney/pico/pico-sdk/src/rp2_common/pico_double/double_aeabi.S.obj
                0x0000000010003b1c                __wrap___aeabi_drsub
                0x0000000010003b22                __wrap___aeabi_dsub
                0x0000000010003b34                __wrap___aeabi_dadd
                0x0000000010003b46                __wrap___aeabi_ddiv
                0x0000000010003b82                __wrap___aeabi_dmul
 .text.__wrap___aeabi_cdcmple
                0x0000000010003b9c       0x6c CMakeFiles/Keyboard.dir/home/sidney/pico/pico-sdk/src/rp2_common/pico_double/double_aeabi.S.obj
                0x0000000010003b9c                __wrap___aeabi_cdrcmple
                0x0000000010003bac                __wrap___aeabi_cdcmple
                0x0000000010003bac                __wrap___aeabi_cdcmpeq
 .text.__wrap___aeabi_dcmplt
                0x0000000010003c08        0xc CMakeFiles/Keyboard.dir/home/sidney/pico/pico-sdk/src/rp2_common/pico_double/double_aeabi.S.obj
                0x0000000010003c08                __wrap___aeabi_dcmplt
 .text.__wrap___aeabi_dcmple
                0x0000000010003c14       0x10 CMakeFiles/Keyboard.dir/home/sidney/pico/pico-sdk/src/rp2_common/pico_double/double_aeabi.S.obj
                0x0000000010003c14                __wrap___aeabi_dcmple
 .text.__wrap___aeabi_dcmpge
                0x0000000010003c24       0x10 CMakeFiles/Keyboard.dir/home/sidney/pico/pico-sdk/src/rp2_common/pico_double/double_aeabi.S.obj
                0x0000000010003c24                __wrap___aeabi_dcmpge
 .text.__wrap___aeabi_dcmpgt
                0x0000000010003c34        0xa CMakeFiles/Keyboard.dir/home/sidney/pico/pico-sdk/src/rp2_common/pico_double/double_aeabi.S.obj
                0x0000000010003c34                __wrap___aeabi_dcmpgt
 .text.__wrap___aeabi_dcmpun
                0x0000000010003c3e       0x1c CMakeFiles/Keyboard.dir/home/sidney/pico/pico-sdk/src/rp2_common/pico_double/double_aeabi.S.obj
                0x0000000010003c3e                __wrap___aeabi_dcmpun
 *fill*         0x0000000010003c5a        0x2 
 .text.__wrap___aeabi_i2d
                0x0000000010003c5c       0x38 CMakeFiles/Keyboard.dir/home/sidney/pico/pico-sdk/src/rp2_common/pico_double/double_aeabi.S.obj
                0x0000000010003c5c                __wrap___aeabi_ui2d
                0x0000000010003c64                __wrap___aeabi_i2d
 .text.__wrap___aeabi_d2iz
                0x0000000010003c94       0x48 CMakeFiles/Keyboard.dir/home/sidney/pico/pico-sdk/src/rp2_common/pico_double/double_aeabi.S.obj
                0x0000000010003c94                __wrap___aeabi_d2iz
                0x0000000010003c94                double2int_z
 .text.__wrap___aeabi_d2uiz
                0x0000000010003cdc       0x18 CMakeFiles/Keyboard.dir/home/sidney/pico/pico-sdk/src/rp2_common/pico_double/double_aeabi.S.obj
                0x0000000010003cdc                double2uint
                0x0000000010003cdc                __wrap___aeabi_d2uiz
 .text.__aeabi_double_init
                0x0000000010003cf4       0xc8 CMakeFiles/Keyboard.dir/home/sidney/pico/pico-sdk/src/rp2_common/pico_double/double_init_rom.c.obj
                0x0000000010003cf4                __aeabi_double_init
 .text.double_table_shim_on_use_helper
                0x0000000010003dbc       0x34 CMakeFiles/Keyboard.dir/home/sidney/pico/pico-sdk/src/rp2_common/pico_double/double_v1_rom_shim.S.obj
                0x0000000010003dbc                double_table_shim_on_use_helper
 .text.__wrap___aeabi_dsub
                0x0000000010003df0       0x10 CMakeFiles/Keyboard.dir/home/sidney/pico/pico-sdk/src/rp2_common/pico_double/double_v1_rom_shim.S.obj
                0x0000000010003df0                drsub_shim
                0x0000000010003df6                dsub_shim
 .text.dadd_shim
                0x0000000010003e00      0x15c CMakeFiles/Keyboard.dir/home/sidney/pico/pico-sdk/src/rp2_common/pico_double/double_v1_rom_shim.S.obj
                0x0000000010003e00                dadd_shim
 .text.dmul_shim
                0x0000000010003f5c      0x15c CMakeFiles/Keyboard.dir/home/sidney/pico/pico-sdk/src/rp2_common/pico_double/double_v1_rom_shim.S.obj
                0x0000000010003f5c                dmul_shim
 .text.ddiv_shim
                0x00000000100040b8      0x1b0 CMakeFiles/Keyboard.dir/home/sidney/pico/pico-sdk/src/rp2_common/pico_double/double_v1_rom_shim.S.obj
                0x00000000100040b8                ddiv_shim
 .text.double2uint_shim
                0x0000000010004268        0xe CMakeFiles/Keyboard.dir/home/sidney/pico/pico-sdk/src/rp2_common/pico_double/double_v1_rom_shim.S.obj
                0x0000000010004268                double2uint_shim
                0x000000001000426a                double2ufix_shim
 *fill*         0x0000000010004276        0x2 
 .text.double2uint64_shim
                0x0000000010004278       0x70 CMakeFiles/Keyboard.dir/home/sidney/pico/pico-sdk/src/rp2_common/pico_double/double_v1_rom_shim.S.obj
                0x0000000010004278                double2uint64_shim
                0x000000001000427a                double2ufix64_shim
                0x000000001000429a                d2fix_a
 .text.dunpacks
                0x00000000100042e8       0x3c CMakeFiles/Keyboard.dir/home/sidney/pico/pico-sdk/src/rp2_common/pico_double/double_v1_rom_shim.S.obj
                0x00000000100042e8                dunpacks
 .text.__aeabi_lmul
                0x0000000010004324       0x32 CMakeFiles/Keyboard.dir/home/sidney/pico/pico-sdk/src/rp2_common/pico_int64_ops/pico_int64_ops_aeabi.S.obj
                0x0000000010004324                __wrap___aeabi_lmul
 *fill*         0x0000000010004356        0x2 
 .text.__aeabi_float_init
                0x0000000010004358       0xfc CMakeFiles/Keyboard.dir/home/sidney/pico/pico-sdk/src/rp2_common/pico_float/float_init_rom.c.obj
                0x0000000010004358                __aeabi_float_init
 .text.float_table_shim_on_use_helper
                0x0000000010004454       0x34 CMakeFiles/Keyboard.dir/home/sidney/pico/pico-sdk/src/rp2_common/pico_float/float_v1_rom_shim.S.obj
                0x0000000010004454                float_table_shim_on_use_helper
 .text          0x0000000010004488       0x10 CMakeFiles/Keyboard.dir/home/sidney/pico/pico-sdk/src/rp2_common/pico_mem_ops/mem_ops_aeabi.S.obj
                0x0000000010004488                __aeabi_mem_init
 .text.memset   0x0000000010004498        0xc CMakeFiles/Keyboard.dir/home/sidney/pico/pico-sdk/src/rp2_common/pico_mem_ops/mem_ops_aeabi.S.obj
                0x0000000010004498                __wrap_memset
 .text.memcpy   0x00000000100044a4        0xc CMakeFiles/Keyboard.dir/home/sidney/pico/pico-sdk/src/rp2_common/pico_mem_ops/mem_ops_aeabi.S.obj
                0x00000000100044a4                __wrap___aeabi_memcpy
                0x00000000100044a4                __wrap_memcpy
 .text.stdio_out_chars_no_crlf
                0x00000000100044b0        0xe CMakeFiles/Keyboard.dir/home/sidney/pico/pico-sdk/src/rp2_common/pico_stdio/stdio.c.obj
 *fill*         0x00000000100044be        0x2 
 .text.stdio_out_chars_crlf
                0x00000000100044c0       0x80 CMakeFiles/Keyboard.dir/home/sidney/pico/pico-sdk/src/rp2_common/pico_stdio/stdio.c.obj
 .text.stdio_stack_buffer_flush
                0x0000000010004540       0x44 CMakeFiles/Keyboard.dir/home/sidney/pico/pico-sdk/src/rp2_common/pico_stdio/stdio.c.obj
 .text.stdio_buffered_printer
                0x0000000010004584       0x20 CMakeFiles/Keyboard.dir/home/sidney/pico/pico-sdk/src/rp2_common/pico_stdio/stdio.c.obj
 .text.stdout_serialize_begin
                0x00000000100045a4       0x5c CMakeFiles/Keyboard.dir/home/sidney/pico/pico-sdk/src/rp2_common/pico_stdio/stdio.c.obj
                0x00000000100045a4                stdout_serialize_begin
 .text.stdout_serialize_end
                0x0000000010004600       0x10 CMakeFiles/Keyboard.dir/home/sidney/pico/pico-sdk/src/rp2_common/pico_stdio/stdio.c.obj
                0x0000000010004600                stdout_serialize_end
 .text.stdio_put_string
                0x0000000010004610       0x98 CMakeFiles/Keyboard.dir/home/sidney/pico/pico-sdk/src/rp2_common/pico_stdio/stdio.c.obj
 .text.stdio_set_driver_enabled
                0x00000000100046a8       0x2c CMakeFiles/Keyboard.dir/home/sidney/pico/pico-sdk/src/rp2_common/pico_stdio/stdio.c.obj
                0x00000000100046a8                stdio_set_driver_enabled
 .text.stdio_flush
                0x00000000100046d4       0x20 CMakeFiles/Keyboard.dir/home/sidney/pico/pico-sdk/src/rp2_common/pico_stdio/stdio.c.obj
                0x00000000100046d4                stdio_flush
 .text.__wrap_puts
                0x00000000100046f4       0x1e CMakeFiles/Keyboard.dir/home/sidney/pico/pico-sdk/src/rp2_common/pico_stdio/stdio.c.obj
                0x00000000100046f4                __wrap_puts
 *fill*         0x0000000010004712        0x2 
 .text.__wrap_vprintf
                0x0000000010004714       0x40 CMakeFiles/Keyboard.dir/home/sidney/pico/pico-sdk/src/rp2_common/pico_stdio/stdio.c.obj
                0x0000000010004714                __wrap_vprintf
 .text.__wrap_printf
                0x0000000010004754       0x18 CMakeFiles/Keyboard.dir/home/sidney/pico/pico-sdk/src/rp2_common/pico_stdio/stdio.c.obj
                0x0000000010004754                __wrap_printf
 .text.stdio_init_all
                0x000000001000476c        0x8 CMakeFiles/Keyboard.dir/home/sidney/pico/pico-sdk/src/rp2_common/pico_stdio/stdio.c.obj
                0x000000001000476c                stdio_init_all
 .text.resetd_init
                0x0000000010004774        0x2 CMakeFiles/Keyboard.dir/home/sidney/pico/pico-sdk/src/rp2_common/pico_stdio_usb/reset_interface.c.obj
 *fill*         0x0000000010004776        0x2 
 .text.resetd_reset
                0x0000000010004778        0xc CMakeFiles/Keyboard.dir/home/sidney/pico/pico-sdk/src/rp2_common/pico_stdio_usb/reset_interface.c.obj
 .text.resetd_open
                0x0000000010004784       0x34 CMakeFiles/Keyboard.dir/home/sidney/pico/pico-sdk/src/rp2_common/pico_stdio_usb/reset_interface.c.obj
 .text.resetd_xfer_cb
                0x00000000100047b8        0x4 CMakeFiles/Keyboard.dir/home/sidney/pico/pico-sdk/src/rp2_common/pico_stdio_usb/reset_interface.c.obj
 .text.reset_usb_boot
                0x00000000100047bc       0x18 CMakeFiles/Keyboard.dir/home/sidney/pico/pico-sdk/src/rp2_common/pico_stdio_usb/reset_interface.c.obj
 .text.resetd_control_xfer_cb
                0x00000000100047d4       0x5c CMakeFiles/Keyboard.dir/home/sidney/pico/pico-sdk/src/rp2_common/pico_stdio_usb/reset_interface.c.obj
 .text.usbd_app_driver_get_cb
                0x0000000010004830        0xc CMakeFiles/Keyboard.dir/home/sidney/pico/pico-sdk/src/rp2_common/pico_stdio_usb/reset_interface.c.obj
                0x0000000010004830                usbd_app_driver_get_cb
 .text.tud_cdc_line_coding_cb
                0x000000001000483c       0x28 CMakeFiles/Keyboard.dir/home/sidney/pico/pico-sdk/src/rp2_common/pico_stdio_usb/reset_interface.c.obj
                0x000000001000483c                tud_cdc_line_coding_cb
 .text.stdio_usb_set_chars_available_callback
                0x0000000010004864       0x14 CMakeFiles/Keyboard.dir/home/sidney/pico/pico-sdk/src/rp2_common/pico_stdio_usb/stdio_usb.c.obj
                0x0000000010004864                stdio_usb_set_chars_available_callback
 .text.usb_irq  0x0000000010004878       0x10 CMakeFiles/Keyboard.dir/home/sidney/pico/pico-sdk/src/rp2_common/pico_stdio_usb/stdio_usb.c.obj
 .text.timer_task
                0x0000000010004888       0x58 CMakeFiles/Keyboard.dir/home/sidney/pico/pico-sdk/src/rp2_common/pico_stdio_usb/stdio_usb.c.obj
 .text.low_priority_worker_irq
                0x00000000100048e0       0xd8 CMakeFiles/Keyboard.dir/home/sidney/pico/pico-sdk/src/rp2_common/pico_stdio_usb/stdio_usb.c.obj
 .text.tud_cdc_rx_cb
                0x00000000100049b8       0x20 CMakeFiles/Keyboard.dir/home/sidney/pico/pico-sdk/src/rp2_common/pico_stdio_usb/stdio_usb.c.obj
                0x00000000100049b8                tud_cdc_rx_cb
 .text.stdio_usb_init
                0x00000000100049d8      0x12c CMakeFiles/Keyboard.dir/home/sidney/pico/pico-sdk/src/rp2_common/pico_stdio_usb/stdio_usb.c.obj
                0x00000000100049d8                stdio_usb_init
 .text.stdio_usb_connected
                0x0000000010004b04        0xa CMakeFiles/Keyboard.dir/home/sidney/pico/pico-sdk/src/rp2_common/pico_stdio_usb/stdio_usb.c.obj
                0x0000000010004b04                stdio_usb_connected
 *fill*         0x0000000010004b0e        0x2 
 .text.stdio_usb_in_chars
                0x0000000010004b10       0xc4 CMakeFiles/Keyboard.dir/home/sidney/pico/pico-sdk/src/rp2_common/pico_stdio_usb/stdio_usb.c.obj
                0x0000000010004b10                stdio_usb_in_chars
 .text.stdio_usb_out_chars
                0x0000000010004bd4      0x114 CMakeFiles/Keyboard.dir/home/sidney/pico/pico-sdk/src/rp2_common/pico_stdio_usb/stdio_usb.c.obj
 .text.tud_descriptor_device_cb
                0x0000000010004ce8        0x8 CMakeFiles/Keyboard.dir/home/sidney/pico/pico-sdk/src/rp2_common/pico_stdio_usb/stdio_usb_descriptors.c.obj
                0x0000000010004ce8                tud_descriptor_device_cb
 .text.tud_descriptor_configuration_cb
                0x0000000010004cf0        0x8 CMakeFiles/Keyboard.dir/home/sidney/pico/pico-sdk/src/rp2_common/pico_stdio_usb/stdio_usb_descriptors.c.obj
                0x0000000010004cf0                tud_descriptor_configuration_cb
 .text.tud_descriptor_string_cb
                0x0000000010004cf8       0x6c CMakeFiles/Keyboard.dir/home/sidney/pico/pico-sdk/src/rp2_common/pico_stdio_usb/stdio_usb_descriptors.c.obj
                0x0000000010004cf8                tud_descriptor_string_cb
 .text._retrieve_unique_id_on_boot
                0x0000000010004d64       0x10 CMakeFiles/Keyboard.dir/home/sidney/pico/pico-sdk/src/rp2_common/pico_unique_id/unique_id.c.obj
 .text.pico_get_unique_board_id_string
                0x0000000010004d74       0x60 CMakeFiles/Keyboard.dir/home/sidney/pico/pico-sdk/src/rp2_common/pico_unique_id/unique_id.c.obj
                0x0000000010004d74                pico_get_unique_board_id_string
 .text.flash_get_unique_id
                0x0000000010004dd4       0x46 CMakeFiles/Keyboard.dir/home/sidney/pico/pico-sdk/src/rp2_common/hardware_flash/flash.c.obj
                0x0000000010004dd4                flash_get_unique_id
 *fill*         0x0000000010004e1a        0x2 
 .text.hw_endpoint_get_by_addr
                0x0000000010004e1c       0x18 CMakeFiles/Keyboard.dir/home/sidney/pico/pico-sdk/lib/tinyusb/src/portable/raspberrypi/rp2040/dcd_rp2040.c.obj
 .text._hw_endpoint_alloc
                0x0000000010004e34       0x70 CMakeFiles/Keyboard.dir/home/sidney/pico/pico-sdk/lib/tinyusb/src/portable/raspberrypi/rp2040/dcd_rp2040.c.obj
 .text.hw_endpoint_init
                0x0000000010004ea4       0x88 CMakeFiles/Keyboard.dir/home/sidney/pico/pico-sdk/lib/tinyusb/src/portable/raspberrypi/rp2040/dcd_rp2040.c.obj
 .text.hw_endpoint_xfer
                0x0000000010004f2c       0x14 CMakeFiles/Keyboard.dir/home/sidney/pico/pico-sdk/lib/tinyusb/src/portable/raspberrypi/rp2040/dcd_rp2040.c.obj
 .text.dcd_int_enable
                0x0000000010004f40       0x2c CMakeFiles/Keyboard.dir/home/sidney/pico/pico-sdk/lib/tinyusb/src/portable/raspberrypi/rp2040/dcd_rp2040.c.obj
                0x0000000010004f40                dcd_int_enable
 .text.dcd_set_address
                0x0000000010004f6c       0x2c CMakeFiles/Keyboard.dir/home/sidney/pico/pico-sdk/lib/tinyusb/src/portable/raspberrypi/rp2040/dcd_rp2040.c.obj
                0x0000000010004f6c                dcd_set_address
 .text.dcd_connect
                0x0000000010004f98       0x10 CMakeFiles/Keyboard.dir/home/sidney/pico/pico-sdk/lib/tinyusb/src/portable/raspberrypi/rp2040/dcd_rp2040.c.obj
                0x0000000010004f98                dcd_connect
 .text.dcd_init
                0x0000000010004fa8       0x80 CMakeFiles/Keyboard.dir/home/sidney/pico/pico-sdk/lib/tinyusb/src/portable/raspberrypi/rp2040/dcd_rp2040.c.obj
                0x0000000010004fa8                dcd_init
 .text.dcd_edpt0_status_complete
                0x0000000010005028       0x1c CMakeFiles/Keyboard.dir/home/sidney/pico/pico-sdk/lib/tinyusb/src/portable/raspberrypi/rp2040/dcd_rp2040.c.obj
                0x0000000010005028                dcd_edpt0_status_complete
 .text.dcd_edpt_open
                0x0000000010005044       0x40 CMakeFiles/Keyboard.dir/home/sidney/pico/pico-sdk/lib/tinyusb/src/portable/raspberrypi/rp2040/dcd_rp2040.c.obj
                0x0000000010005044                dcd_edpt_open
 .text.dcd_edpt_close_all
                0x0000000010005084        0x8 CMakeFiles/Keyboard.dir/home/sidney/pico/pico-sdk/lib/tinyusb/src/portable/raspberrypi/rp2040/dcd_rp2040.c.obj
                0x0000000010005084                dcd_edpt_close_all
 .text.dcd_edpt_xfer
                0x000000001000508c       0x34 CMakeFiles/Keyboard.dir/home/sidney/pico/pico-sdk/lib/tinyusb/src/portable/raspberrypi/rp2040/dcd_rp2040.c.obj
                0x000000001000508c                dcd_edpt_xfer
 .text.dcd_edpt_stall
                0x00000000100050c0       0x2c CMakeFiles/Keyboard.dir/home/sidney/pico/pico-sdk/lib/tinyusb/src/portable/raspberrypi/rp2040/dcd_rp2040.c.obj
                0x00000000100050c0                dcd_edpt_stall
 .text.dcd_edpt_clear_stall
                0x00000000100050ec       0x20 CMakeFiles/Keyboard.dir/home/sidney/pico/pico-sdk/lib/tinyusb/src/portable/raspberrypi/rp2040/dcd_rp2040.c.obj
                0x00000000100050ec                dcd_edpt_clear_stall
 .text.rp2040_usb_init
                0x000000001000510c       0x4c CMakeFiles/Keyboard.dir/home/sidney/pico/pico-sdk/lib/tinyusb/src/portable/raspberrypi/rp2040/rp2040_usb.c.obj
                0x000000001000510c                rp2040_usb_init
 .text.hw_endpoint_xfer_start
                0x0000000010005158       0x50 CMakeFiles/Keyboard.dir/home/sidney/pico/pico-sdk/lib/tinyusb/src/portable/raspberrypi/rp2040/rp2040_usb.c.obj
                0x0000000010005158                hw_endpoint_xfer_start
 .text.configuration_reset
                0x00000000100051a8       0x84 CMakeFiles/Keyboard.dir/home/sidney/pico/pico-sdk/lib/tinyusb/src/device/usbd.c.obj
 .text.usbd_reset
                0x000000001000522c        0xc CMakeFiles/Keyboard.dir/home/sidney/pico/pico-sdk/lib/tinyusb/src/device/usbd.c.obj
 .text.invoke_class_control
                0x0000000010005238       0x1a CMakeFiles/Keyboard.dir/home/sidney/pico/pico-sdk/lib/tinyusb/src/device/usbd.c.obj
 *fill*         0x0000000010005252        0x2 
 .text.process_set_config
                0x0000000010005254      0x178 CMakeFiles/Keyboard.dir/home/sidney/pico/pico-sdk/lib/tinyusb/src/device/usbd.c.obj
 .text.process_get_descriptor
                0x00000000100053cc       0xdc CMakeFiles/Keyboard.dir/home/sidney/pico/pico-sdk/lib/tinyusb/src/device/usbd.c.obj
 .text.tud_mounted
                0x00000000100054a8       0x10 CMakeFiles/Keyboard.dir/home/sidney/pico/pico-sdk/lib/tinyusb/src/device/usbd.c.obj
                0x00000000100054a8                tud_mounted
 .text.tud_suspended
                0x00000000100054b8       0x10 CMakeFiles/Keyboard.dir/home/sidney/pico/pico-sdk/lib/tinyusb/src/device/usbd.c.obj
                0x00000000100054b8                tud_suspended
 .text.tud_inited
                0x00000000100054c8       0x14 CMakeFiles/Keyboard.dir/home/sidney/pico/pico-sdk/lib/tinyusb/src/device/usbd.c.obj
                0x00000000100054c8                tud_inited
 .text.tud_init
                0x00000000100054dc       0xcc CMakeFiles/Keyboard.dir/home/sidney/pico/pico-sdk/lib/tinyusb/src/device/usbd.c.obj
                0x00000000100054dc                tud_init
 .text.usbd_defer_func
                0x00000000100055a8       0x2a CMakeFiles/Keyboard.dir/home/sidney/pico/pico-sdk/lib/tinyusb/src/device/usbd.c.obj
                0x00000000100055a8                usbd_defer_func
 *fill*         0x00000000100055d2        0x2 
 .text.usbd_edpt_open
                0x00000000100055d4       0x34 CMakeFiles/Keyboard.dir/home/sidney/pico/pico-sdk/lib/tinyusb/src/device/usbd.c.obj
                0x00000000100055d4                usbd_edpt_open
 .text.usbd_open_edpt_pair
                0x0000000010005608       0x62 CMakeFiles/Keyboard.dir/home/sidney/pico/pico-sdk/lib/tinyusb/src/device/usbd.c.obj
                0x0000000010005608                usbd_open_edpt_pair
 *fill*         0x000000001000566a        0x2 
 .text.usbd_edpt_claim
                0x000000001000566c       0x28 CMakeFiles/Keyboard.dir/home/sidney/pico/pico-sdk/lib/tinyusb/src/device/usbd.c.obj
                0x000000001000566c                usbd_edpt_claim
 .text.usbd_edpt_release
                0x0000000010005694       0x28 CMakeFiles/Keyboard.dir/home/sidney/pico/pico-sdk/lib/tinyusb/src/device/usbd.c.obj
                0x0000000010005694                usbd_edpt_release
 .text.usbd_edpt_xfer
                0x00000000100056bc       0x78 CMakeFiles/Keyboard.dir/home/sidney/pico/pico-sdk/lib/tinyusb/src/device/usbd.c.obj
                0x00000000100056bc                usbd_edpt_xfer
 .text.usbd_edpt_stall
                0x0000000010005734       0x48 CMakeFiles/Keyboard.dir/home/sidney/pico/pico-sdk/lib/tinyusb/src/device/usbd.c.obj
                0x0000000010005734                usbd_edpt_stall
 .text.usbd_edpt_clear_stall
                0x000000001000577c       0x48 CMakeFiles/Keyboard.dir/home/sidney/pico/pico-sdk/lib/tinyusb/src/device/usbd.c.obj
                0x000000001000577c                usbd_edpt_clear_stall
 .text.usbd_edpt_stalled
                0x00000000100057c4       0x1c CMakeFiles/Keyboard.dir/home/sidney/pico/pico-sdk/lib/tinyusb/src/device/usbd.c.obj
                0x00000000100057c4                usbd_edpt_stalled
 .text.process_control_request
                0x00000000100057e0      0x37c CMakeFiles/Keyboard.dir/home/sidney/pico/pico-sdk/lib/tinyusb/src/device/usbd.c.obj
 .text.tud_task_ext
                0x0000000010005b5c      0x1b4 CMakeFiles/Keyboard.dir/home/sidney/pico/pico-sdk/lib/tinyusb/src/device/usbd.c.obj
                0x0000000010005b5c                tud_task_ext
 .text._data_stage_xact
                0x0000000010005d10       0x58 CMakeFiles/Keyboard.dir/home/sidney/pico/pico-sdk/lib/tinyusb/src/device/usbd_control.c.obj
 .text.tud_control_status
                0x0000000010005d68       0x38 CMakeFiles/Keyboard.dir/home/sidney/pico/pico-sdk/lib/tinyusb/src/device/usbd_control.c.obj
                0x0000000010005d68                tud_control_status
 .text.tud_control_xfer
                0x0000000010005da0       0x74 CMakeFiles/Keyboard.dir/home/sidney/pico/pico-sdk/lib/tinyusb/src/device/usbd_control.c.obj
                0x0000000010005da0                tud_control_xfer
 .text.usbd_control_reset
                0x0000000010005e14       0x14 CMakeFiles/Keyboard.dir/home/sidney/pico/pico-sdk/lib/tinyusb/src/device/usbd_control.c.obj
                0x0000000010005e14                usbd_control_reset
 .text.usbd_control_set_complete_callback
                0x0000000010005e28        0xc CMakeFiles/Keyboard.dir/home/sidney/pico/pico-sdk/lib/tinyusb/src/device/usbd_control.c.obj
                0x0000000010005e28                usbd_control_set_complete_callback
 .text.usbd_control_set_request
                0x0000000010005e34       0x1c CMakeFiles/Keyboard.dir/home/sidney/pico/pico-sdk/lib/tinyusb/src/device/usbd_control.c.obj
                0x0000000010005e34                usbd_control_set_request
 .text.usbd_control_xfer_cb
                0x0000000010005e50       0xcc CMakeFiles/Keyboard.dir/home/sidney/pico/pico-sdk/lib/tinyusb/src/device/usbd_control.c.obj
                0x0000000010005e50                usbd_control_xfer_cb
 .text._prep_out_transaction
                0x0000000010005f1c       0x4a CMakeFiles/Keyboard.dir/home/sidney/pico/pico-sdk/lib/tinyusb/src/class/cdc/cdc_device.c.obj
 *fill*         0x0000000010005f66        0x2 
 .text.tud_cdc_n_connected
                0x0000000010005f68       0x44 CMakeFiles/Keyboard.dir/home/sidney/pico/pico-sdk/lib/tinyusb/src/class/cdc/cdc_device.c.obj
                0x0000000010005f68                tud_cdc_n_connected
 .text.tud_cdc_n_available
                0x0000000010005fac       0x18 CMakeFiles/Keyboard.dir/home/sidney/pico/pico-sdk/lib/tinyusb/src/class/cdc/cdc_device.c.obj
                0x0000000010005fac                tud_cdc_n_available
 .text.tud_cdc_n_read
                0x0000000010005fc4       0x28 CMakeFiles/Keyboard.dir/home/sidney/pico/pico-sdk/lib/tinyusb/src/class/cdc/cdc_device.c.obj
                0x0000000010005fc4                tud_cdc_n_read
 .text.tud_cdc_n_write_flush
                0x0000000010005fec       0xb8 CMakeFiles/Keyboard.dir/home/sidney/pico/pico-sdk/lib/tinyusb/src/class/cdc/cdc_device.c.obj
                0x0000000010005fec                tud_cdc_n_write_flush
 .text.tud_cdc_n_write
                0x00000000100060a4       0x38 CMakeFiles/Keyboard.dir/home/sidney/pico/pico-sdk/lib/tinyusb/src/class/cdc/cdc_device.c.obj
                0x00000000100060a4                tud_cdc_n_write
 .text.tud_cdc_n_write_available
                0x00000000100060dc       0x1c CMakeFiles/Keyboard.dir/home/sidney/pico/pico-sdk/lib/tinyusb/src/class/cdc/cdc_device.c.obj
                0x00000000100060dc                tud_cdc_n_write_available
 .text.cdcd_init
                0x00000000100060f8       0xbc CMakeFiles/Keyboard.dir/home/sidney/pico/pico-sdk/lib/tinyusb/src/class/cdc/cdc_device.c.obj
                0x00000000100060f8                cdcd_init
 .text.cdcd_reset
                0x00000000100061b4       0x44 CMakeFiles/Keyboard.dir/home/sidney/pico/pico-sdk/lib/tinyusb/src/class/cdc/cdc_device.c.obj
                0x00000000100061b4                cdcd_reset
 .text.cdcd_open
                0x00000000100061f8       0xcc CMakeFiles/Keyboard.dir/home/sidney/pico/pico-sdk/lib/tinyusb/src/class/cdc/cdc_device.c.obj
                0x00000000100061f8                cdcd_open
 .text.cdcd_control_xfer_cb
                0x00000000100062c4      0x134 CMakeFiles/Keyboard.dir/home/sidney/pico/pico-sdk/lib/tinyusb/src/class/cdc/cdc_device.c.obj
                0x00000000100062c4                cdcd_control_xfer_cb
 .text.cdcd_xfer_cb
                0x00000000100063f8      0x130 CMakeFiles/Keyboard.dir/home/sidney/pico/pico-sdk/lib/tinyusb/src/class/cdc/cdc_device.c.obj
                0x00000000100063f8                cdcd_xfer_cb
 .text.tusb_init
                0x0000000010006528        0xa CMakeFiles/Keyboard.dir/home/sidney/pico/pico-sdk/lib/tinyusb/src/tusb.c.obj
                0x0000000010006528                tusb_init
 .text.tusb_inited
                0x0000000010006532        0xe CMakeFiles/Keyboard.dir/home/sidney/pico/pico-sdk/lib/tinyusb/src/tusb.c.obj
                0x0000000010006532                tusb_inited
 .text.tu_edpt_claim
                0x0000000010006540       0x50 CMakeFiles/Keyboard.dir/home/sidney/pico/pico-sdk/lib/tinyusb/src/tusb.c.obj
                0x0000000010006540                tu_edpt_claim
 .text.tu_edpt_release
                0x0000000010006590       0x3c CMakeFiles/Keyboard.dir/home/sidney/pico/pico-sdk/lib/tinyusb/src/tusb.c.obj
                0x0000000010006590                tu_edpt_release
 .text.tu_edpt_validate
                0x00000000100065cc       0x78 CMakeFiles/Keyboard.dir/home/sidney/pico/pico-sdk/lib/tinyusb/src/tusb.c.obj
                0x00000000100065cc                tu_edpt_validate
 .text.tu_edpt_bind_driver
                0x0000000010006644       0x26 CMakeFiles/Keyboard.dir/home/sidney/pico/pico-sdk/lib/tinyusb/src/tusb.c.obj
                0x0000000010006644                tu_edpt_bind_driver
 .text.advance_index
                0x000000001000666a       0x1a CMakeFiles/Keyboard.dir/home/sidney/pico/pico-sdk/lib/tinyusb/src/common/tusb_fifo.c.obj
 .text._tu_fifo_peek
                0x0000000010006684       0x56 CMakeFiles/Keyboard.dir/home/sidney/pico/pico-sdk/lib/tinyusb/src/common/tusb_fifo.c.obj
 .text._ff_pull_const_addr
                0x00000000100066da       0x4c CMakeFiles/Keyboard.dir/home/sidney/pico/pico-sdk/lib/tinyusb/src/common/tusb_fifo.c.obj
 .text._ff_pull_n
                0x0000000010006726      0x110 CMakeFiles/Keyboard.dir/home/sidney/pico/pico-sdk/lib/tinyusb/src/common/tusb_fifo.c.obj
 .text._tu_fifo_peek_n
                0x0000000010006836       0x6a CMakeFiles/Keyboard.dir/home/sidney/pico/pico-sdk/lib/tinyusb/src/common/tusb_fifo.c.obj
 .text._tu_fifo_read_n
                0x00000000100068a0       0x4e CMakeFiles/Keyboard.dir/home/sidney/pico/pico-sdk/lib/tinyusb/src/common/tusb_fifo.c.obj
 .text._ff_push_const_addr
                0x00000000100068ee       0x40 CMakeFiles/Keyboard.dir/home/sidney/pico/pico-sdk/lib/tinyusb/src/common/tusb_fifo.c.obj
 .text._ff_push_n
                0x000000001000692e      0x10c CMakeFiles/Keyboard.dir/home/sidney/pico/pico-sdk/lib/tinyusb/src/common/tusb_fifo.c.obj
 .text._tu_fifo_write_n
                0x0000000010006a3a       0xf0 CMakeFiles/Keyboard.dir/home/sidney/pico/pico-sdk/lib/tinyusb/src/common/tusb_fifo.c.obj
 .text.tu_fifo_config
                0x0000000010006b2a       0x7c CMakeFiles/Keyboard.dir/home/sidney/pico/pico-sdk/lib/tinyusb/src/common/tusb_fifo.c.obj
                0x0000000010006b2a                tu_fifo_config
 .text.tu_fifo_count
                0x0000000010006ba6       0x2a CMakeFiles/Keyboard.dir/home/sidney/pico/pico-sdk/lib/tinyusb/src/common/tusb_fifo.c.obj
                0x0000000010006ba6                tu_fifo_count
 .text.tu_fifo_empty
                0x0000000010006bd0       0x10 CMakeFiles/Keyboard.dir/home/sidney/pico/pico-sdk/lib/tinyusb/src/common/tusb_fifo.c.obj
                0x0000000010006bd0                tu_fifo_empty
 .text.tu_fifo_full
                0x0000000010006be0       0x28 CMakeFiles/Keyboard.dir/home/sidney/pico/pico-sdk/lib/tinyusb/src/common/tusb_fifo.c.obj
                0x0000000010006be0                tu_fifo_full
 .text.tu_fifo_remaining
                0x0000000010006c08       0x2c CMakeFiles/Keyboard.dir/home/sidney/pico/pico-sdk/lib/tinyusb/src/common/tusb_fifo.c.obj
                0x0000000010006c08                tu_fifo_remaining
 .text.tu_fifo_read
                0x0000000010006c34       0x42 CMakeFiles/Keyboard.dir/home/sidney/pico/pico-sdk/lib/tinyusb/src/common/tusb_fifo.c.obj
                0x0000000010006c34                tu_fifo_read
 .text.tu_fifo_read_n
                0x0000000010006c76        0xa CMakeFiles/Keyboard.dir/home/sidney/pico/pico-sdk/lib/tinyusb/src/common/tusb_fifo.c.obj
                0x0000000010006c76                tu_fifo_read_n
 .text.tu_fifo_write
                0x0000000010006c80       0x64 CMakeFiles/Keyboard.dir/home/sidney/pico/pico-sdk/lib/tinyusb/src/common/tusb_fifo.c.obj
                0x0000000010006c80                tu_fifo_write
 .text.tu_fifo_write_n
                0x0000000010006ce4        0xa CMakeFiles/Keyboard.dir/home/sidney/pico/pico-sdk/lib/tinyusb/src/common/tusb_fifo.c.obj
                0x0000000010006ce4                tu_fifo_write_n
 .text.tu_fifo_clear
                0x0000000010006cee       0x3e CMakeFiles/Keyboard.dir/home/sidney/pico/pico-sdk/lib/tinyusb/src/common/tusb_fifo.c.obj
                0x0000000010006cee                tu_fifo_clear
 .text.tu_fifo_set_overwritable
                0x0000000010006d2c       0x46 CMakeFiles/Keyboard.dir/home/sidney/pico/pico-sdk/lib/tinyusb/src/common/tusb_fifo.c.obj
                0x0000000010006d2c                tu_fifo_set_overwritable
 *fill*         0x0000000010006d72        0x2 
 .text          0x0000000010006d74       0x5c /usr/lib/gcc/arm-none-eabi/10.3.1/../../../arm-none-eabi/lib/thumb/v6-m/nofp/libg.a(lib_a-strlen-stub.o)
                0x0000000010006d74                strlen
 *(.fini)
 .fini          0x0000000010006dd0        0x4 /usr/lib/gcc/arm-none-eabi/10.3.1/thumb/v6-m/nofp/crti.o
                0x0000000010006dd0                _fini
 *fill*         0x0000000010006dd4        0x4 
 .fini.__stub   0x0000000010006dd8       0xe0 linker stubs
 *crtbegin.o(.ctors)
 *crtbegin?.o(.ctors)
 *(EXCLUDE_FILE(*crtend.o *crtend?.o) .ctors)
 *(SORT_BY_NAME(.ctors.*))
 *(.ctors)
 *crtbegin.o(.dtors)
 *crtbegin?.o(.dtors)
 *(EXCLUDE_FILE(*crtend.o *crtend?.o) .dtors)
 *(SORT_BY_NAME(.dtors.*))
 *(.dtors)
 *(.eh_frame*)
 .eh_frame      0x0000000010006eb8        0x0 /usr/lib/gcc/arm-none-eabi/10.3.1/thumb/v6-m/nofp/crtbegin.o
                0x0000000010006eb8                . = ALIGN (0x4)

.glue_7         0x0000000010006eb8        0x0
 .glue_7        0x0000000010006eb8        0x0 linker stubs

.glue_7t        0x0000000010006eb8        0x0
 .glue_7t       0x0000000010006eb8        0x0 linker stubs

.vfp11_veneer   0x0000000010006eb8        0x0
 .vfp11_veneer  0x0000000010006eb8        0x0 linker stubs

.v4_bx          0x0000000010006eb8        0x0
 .v4_bx         0x0000000010006eb8        0x0 linker stubs

.iplt           0x0000000010006eb8        0x0
 .iplt          0x0000000010006eb8        0x0 /usr/lib/gcc/arm-none-eabi/10.3.1/thumb/v6-m/nofp/crtbegin.o

.rodata         0x0000000010006eb8     0x1570
 *(EXCLUDE_FILE(*libm.a: *libc.a:*lib_a-mem*.o *libgcc.a:) .rodata*)
 .rodata._Z13read_registerv.str1.4
                0x0000000010006eb8        0x4 CMakeFiles/Keyboard.dir/debug.cpp.obj
 .rodata.main.str1.4
                0x0000000010006ebc        0x6 CMakeFiles/Keyboard.dir/debug.cpp.obj
 *fill*         0x0000000010006ec2        0x2 
 .rodata.spin_lock_claim_unused.str1.4
                0x0000000010006ec4       0x1b CMakeFiles/Keyboard.dir/home/sidney/pico/pico-sdk/src/rp2_common/hardware_sync/sync.c.obj
 *fill*         0x0000000010006edf        0x1 
 .rodata.make_branch.str1.4
                0x0000000010006ee0       0x6d CMakeFiles/Keyboard.dir/home/sidney/pico/pico-sdk/src/rp2_common/hardware_irq/irq.c.obj
 *fill*         0x0000000010006f4d        0x3 
 .rodata.insert_branch_and_link.str1.4
                0x0000000010006f50       0x10 CMakeFiles/Keyboard.dir/home/sidney/pico/pico-sdk/src/rp2_common/hardware_irq/irq.c.obj
 .rodata.irq_set_exclusive_handler.str1.4
                0x0000000010006f60       0x36 CMakeFiles/Keyboard.dir/home/sidney/pico/pico-sdk/src/rp2_common/hardware_irq/irq.c.obj
 *fill*         0x0000000010006f96        0x2 
 .rodata.irq_add_shared_handler.str1.4
                0x0000000010006f98       0xd9 CMakeFiles/Keyboard.dir/home/sidney/pico/pico-sdk/src/rp2_common/hardware_irq/irq.c.obj
 *fill*         0x0000000010007071        0x3 
 .rodata.irq_remove_handler.str1.4
                0x0000000010007074       0x3a CMakeFiles/Keyboard.dir/home/sidney/pico/pico-sdk/src/rp2_common/hardware_irq/irq.c.obj
 *fill*         0x00000000100070ae        0x2 
 .rodata.irq_add_tail_to_free_list.str1.4
                0x00000000100070b0       0x3a CMakeFiles/Keyboard.dir/home/sidney/pico/pico-sdk/src/rp2_common/hardware_irq/irq.c.obj
 *fill*         0x00000000100070ea        0x2 
 .rodata.user_irq_claim_unused.str1.4
                0x00000000100070ec       0x1b CMakeFiles/Keyboard.dir/home/sidney/pico/pico-sdk/src/rp2_common/hardware_irq/irq.c.obj
 *fill*         0x0000000010007107        0x1 
 .rodata.__func__.0
                0x0000000010007108       0x1a CMakeFiles/Keyboard.dir/home/sidney/pico/pico-sdk/src/rp2_common/hardware_irq/irq.c.obj
 *fill*         0x0000000010007122        0x2 
 .rodata.__func__.1
                0x0000000010007124       0x17 CMakeFiles/Keyboard.dir/home/sidney/pico/pico-sdk/src/rp2_common/hardware_irq/irq.c.obj
 *fill*         0x000000001000713b        0x1 
 .rodata.__func__.2
                0x000000001000713c       0x13 CMakeFiles/Keyboard.dir/home/sidney/pico/pico-sdk/src/rp2_common/hardware_irq/irq.c.obj
 *fill*         0x000000001000714f        0x1 
 .rodata.__func__.3
                0x0000000010007150        0xc CMakeFiles/Keyboard.dir/home/sidney/pico/pico-sdk/src/rp2_common/hardware_irq/irq.c.obj
 .rodata.__func__.4
                0x000000001000715c        0xf CMakeFiles/Keyboard.dir/home/sidney/pico/pico-sdk/src/rp2_common/hardware_irq/irq.c.obj
 *fill*         0x000000001000716b        0x1 
 .rodata.__func__.5
                0x000000001000716c       0x17 CMakeFiles/Keyboard.dir/home/sidney/pico/pico-sdk/src/rp2_common/hardware_irq/irq.c.obj
 *fill*         0x0000000010007183        0x1 
 .rodata.__func__.6
                0x0000000010007184       0x1a CMakeFiles/Keyboard.dir/home/sidney/pico/pico-sdk/src/rp2_common/hardware_irq/irq.c.obj
 *fill*         0x000000001000719e        0x2 
 .rodata.str1.4
                0x00000000100071a0       0xed CMakeFiles/Keyboard.dir/home/sidney/pico/pico-sdk/src/common/pico_sync/mutex.c.obj
 *fill*         0x000000001000728d        0x3 
 .rodata.__func__.1
                0x0000000010007290        0xb CMakeFiles/Keyboard.dir/home/sidney/pico/pico-sdk/src/common/pico_sync/mutex.c.obj
 *fill*         0x000000001000729b        0x1 
 .rodata.__func__.3
                0x000000001000729c       0x18 CMakeFiles/Keyboard.dir/home/sidney/pico/pico-sdk/src/common/pico_sync/mutex.c.obj
 .rodata.__func__.4
                0x00000000100072b4       0x15 CMakeFiles/Keyboard.dir/home/sidney/pico/pico-sdk/src/common/pico_sync/mutex.c.obj
 *fill*         0x00000000100072c9        0x3 
 .rodata.repeating_timer_callback.str1.4
                0x00000000100072cc       0x4b CMakeFiles/Keyboard.dir/home/sidney/pico/pico-sdk/src/common/pico_time/time.c.obj
 *fill*         0x0000000010007317        0x1 
 .rodata.timer_pool_entry_comparator.str1.4
                0x0000000010007318       0x22 CMakeFiles/Keyboard.dir/home/sidney/pico/pico-sdk/src/common/pico_time/time.c.obj
 *fill*         0x000000001000733a        0x2 
 .rodata.ph_add_child_node.str1.4
                0x000000001000733c       0x96 CMakeFiles/Keyboard.dir/home/sidney/pico/pico-sdk/src/common/pico_time/time.c.obj
 *fill*         0x00000000100073d2        0x2 
 .rodata.add_alarm_under_lock.str1.4
                0x00000000100073d4       0x28 CMakeFiles/Keyboard.dir/home/sidney/pico/pico-sdk/src/common/pico_time/time.c.obj
                                         0x2b (size before relaxing)
 .rodata.alarm_pool_alarm_callback.str1.4
                0x00000000100073fc       0x98 CMakeFiles/Keyboard.dir/home/sidney/pico/pico-sdk/src/common/pico_time/time.c.obj
                                         0xfc (size before relaxing)
 .rodata.alarm_pool_get_default.str1.4
                0x0000000010007494       0x21 CMakeFiles/Keyboard.dir/home/sidney/pico/pico-sdk/src/common/pico_time/time.c.obj
 *fill*         0x00000000100074b5        0x3 
 .rodata.alarm_pool_cancel_alarm.str1.4
                0x00000000100074b8       0x27 CMakeFiles/Keyboard.dir/home/sidney/pico/pico-sdk/src/common/pico_time/time.c.obj
 *fill*         0x00000000100074df        0x1 
 .rodata.sleep_until.str1.4
                0x00000000100074e0       0x4d CMakeFiles/Keyboard.dir/home/sidney/pico/pico-sdk/src/common/pico_time/time.c.obj
 *fill*         0x000000001000752d        0x3 
 .rodata.__func__.1
                0x0000000010007530       0x18 CMakeFiles/Keyboard.dir/home/sidney/pico/pico-sdk/src/common/pico_time/time.c.obj
 .rodata.__func__.10
                0x0000000010007548       0x15 CMakeFiles/Keyboard.dir/home/sidney/pico/pico-sdk/src/common/pico_time/time.c.obj
 *fill*         0x000000001000755d        0x3 
 .rodata.__func__.11
                0x0000000010007560       0x1a CMakeFiles/Keyboard.dir/home/sidney/pico/pico-sdk/src/common/pico_time/time.c.obj
 *fill*         0x000000001000757a        0x2 
 .rodata.__func__.12
                0x000000001000757c        0xa CMakeFiles/Keyboard.dir/home/sidney/pico/pico-sdk/src/common/pico_time/time.c.obj
 *fill*         0x0000000010007586        0x2 
 .rodata.__func__.3
                0x0000000010007588       0x17 CMakeFiles/Keyboard.dir/home/sidney/pico/pico-sdk/src/common/pico_time/time.c.obj
 *fill*         0x000000001000759f        0x1 
 .rodata.__func__.4
                0x00000000100075a0       0x12 CMakeFiles/Keyboard.dir/home/sidney/pico/pico-sdk/src/common/pico_time/time.c.obj
 *fill*         0x00000000100075b2        0x2 
 .rodata.__func__.5
                0x00000000100075b4        0xd CMakeFiles/Keyboard.dir/home/sidney/pico/pico-sdk/src/common/pico_time/time.c.obj
 *fill*         0x00000000100075c1        0x3 
 .rodata.__func__.6
                0x00000000100075c4       0x12 CMakeFiles/Keyboard.dir/home/sidney/pico/pico-sdk/src/common/pico_time/time.c.obj
 *fill*         0x00000000100075d6        0x2 
 .rodata.__func__.7
                0x00000000100075d8        0xf CMakeFiles/Keyboard.dir/home/sidney/pico/pico-sdk/src/common/pico_time/time.c.obj
 *fill*         0x00000000100075e7        0x1 
 .rodata.__func__.8
                0x00000000100075e8        0xc CMakeFiles/Keyboard.dir/home/sidney/pico/pico-sdk/src/common/pico_time/time.c.obj
 .rodata.__func__.9
                0x00000000100075f4       0x15 CMakeFiles/Keyboard.dir/home/sidney/pico/pico-sdk/src/common/pico_time/time.c.obj
 *fill*         0x0000000010007609        0x3 
 .rodata.hardware_alarm_claim.str1.4
                0x000000001000760c       0x22 CMakeFiles/Keyboard.dir/home/sidney/pico/pico-sdk/src/rp2_common/hardware_timer/timer.c.obj
 *fill*         0x000000001000762e        0x2 
 .rodata.hardware_alarm_set_target.str1.4
                0x0000000010007630       0x65 CMakeFiles/Keyboard.dir/home/sidney/pico/pico-sdk/src/rp2_common/hardware_timer/timer.c.obj
 *fill*         0x0000000010007695        0x3 
 .rodata.__func__.0
                0x0000000010007698       0x1a CMakeFiles/Keyboard.dir/home/sidney/pico/pico-sdk/src/rp2_common/hardware_timer/timer.c.obj
 .rodata.ph_add_child_node.str1.4
                0x00000000100076b2       0x96 CMakeFiles/Keyboard.dir/home/sidney/pico/pico-sdk/src/common/pico_util/pheap.c.obj
 *fill*         0x00000000100076b2        0x2 
 .rodata.ph_remove_any_head.str1.4
                0x00000000100076b4       0x8c CMakeFiles/Keyboard.dir/home/sidney/pico/pico-sdk/src/common/pico_util/pheap.c.obj
                                         0xa0 (size before relaxing)
 .rodata.ph_remove_and_free_node.str1.4
                0x0000000010007740       0x1e CMakeFiles/Keyboard.dir/home/sidney/pico/pico-sdk/src/common/pico_util/pheap.c.obj
                                         0x26 (size before relaxing)
 *fill*         0x000000001000775e        0x2 
 .rodata.__func__.0
                0x0000000010007760       0x18 CMakeFiles/Keyboard.dir/home/sidney/pico/pico-sdk/src/common/pico_util/pheap.c.obj
 .rodata.__func__.1
                0x0000000010007778       0x13 CMakeFiles/Keyboard.dir/home/sidney/pico/pico-sdk/src/common/pico_util/pheap.c.obj
 *fill*         0x000000001000778b        0x1 
 .rodata.__func__.2
                0x000000001000778c       0x12 CMakeFiles/Keyboard.dir/home/sidney/pico/pico-sdk/src/common/pico_util/pheap.c.obj
 *fill*         0x000000001000779e        0x2 
 .rodata.__func__.3
                0x00000000100077a0        0xc CMakeFiles/Keyboard.dir/home/sidney/pico/pico-sdk/src/common/pico_util/pheap.c.obj
 .rodata.clock_configure.str1.4
                0x00000000100077ac       0x57 CMakeFiles/Keyboard.dir/home/sidney/pico/pico-sdk/src/rp2_common/hardware_clocks/clocks.c.obj
 *fill*         0x0000000010007803        0x1 
 .rodata.__func__.1
                0x0000000010007804       0x10 CMakeFiles/Keyboard.dir/home/sidney/pico/pico-sdk/src/rp2_common/hardware_clocks/clocks.c.obj
 .rodata.pll_init.str1.4
                0x0000000010007814      0x123 CMakeFiles/Keyboard.dir/home/sidney/pico/pico-sdk/src/rp2_common/hardware_pll/pll.c.obj
 *fill*         0x0000000010007937        0x1 
 .rodata.__func__.0
                0x0000000010007938        0x9 CMakeFiles/Keyboard.dir/home/sidney/pico/pico-sdk/src/rp2_common/hardware_pll/pll.c.obj
 *fill*         0x0000000010007941        0x3 
 .rodata.__assert_func.str1.4
                0x0000000010007944       0x3f CMakeFiles/Keyboard.dir/home/sidney/pico/pico-sdk/src/rp2_common/pico_runtime/runtime.c.obj
                                         0x43 (size before relaxing)
 *fill*         0x0000000010007983        0x1 
 .rodata.runtime_init.str1.4
                0x0000000010007984       0x61 CMakeFiles/Keyboard.dir/home/sidney/pico/pico-sdk/src/rp2_common/pico_runtime/runtime.c.obj
 *fill*         0x00000000100079e5        0x3 
 .rodata.panic.str1.4
                0x00000000100079e8       0x12 CMakeFiles/Keyboard.dir/home/sidney/pico/pico-sdk/src/rp2_common/pico_runtime/runtime.c.obj
 *fill*         0x00000000100079fa        0x2 
 .rodata.__func__.2
                0x00000000100079fc        0xd CMakeFiles/Keyboard.dir/home/sidney/pico/pico-sdk/src/rp2_common/pico_runtime/runtime.c.obj
 *fill*         0x0000000010007a09        0x3 
 .rodata._ftoa.str1.4
                0x0000000010007a0c       0x15 CMakeFiles/Keyboard.dir/home/sidney/pico/pico-sdk/src/rp2_common/pico_printf/printf.c.obj
 *fill*         0x0000000010007a21        0x3 
 .rodata._vsnprintf
                0x0000000010007a24      0x1e0 CMakeFiles/Keyboard.dir/home/sidney/pico/pico-sdk/src/rp2_common/pico_printf/printf.c.obj
 *fill*         0x0000000010007c04        0x4 
 .rodata.pow10.0
                0x0000000010007c08       0x50 CMakeFiles/Keyboard.dir/home/sidney/pico/pico-sdk/src/rp2_common/pico_printf/printf.c.obj
 .rodata.__aeabi_double_init.str1.4
                0x0000000010007c58       0xa8 CMakeFiles/Keyboard.dir/home/sidney/pico/pico-sdk/src/rp2_common/pico_double/double_init_rom.c.obj
 .rodata.__func__.0
                0x0000000010007d00       0x14 CMakeFiles/Keyboard.dir/home/sidney/pico/pico-sdk/src/rp2_common/pico_double/double_init_rom.c.obj
 .rodata.__aeabi_float_init.str1.4
                0x0000000010007d14       0x7a CMakeFiles/Keyboard.dir/home/sidney/pico/pico-sdk/src/rp2_common/pico_float/float_init_rom.c.obj
                                         0x7e (size before relaxing)
 *fill*         0x0000000010007d8e        0x2 
 .rodata.__func__.0
                0x0000000010007d90       0x13 CMakeFiles/Keyboard.dir/home/sidney/pico/pico-sdk/src/rp2_common/pico_float/float_init_rom.c.obj
 *fill*         0x0000000010007da3        0x1 
 .rodata.str1.4
                0x0000000010007da4       0x40 CMakeFiles/Keyboard.dir/home/sidney/pico/pico-sdk/src/rp2_common/pico_standard_link/binary_info.c.obj
 .rodata.__bi_44
                0x0000000010007de4        0xc CMakeFiles/Keyboard.dir/home/sidney/pico/pico-sdk/src/rp2_common/pico_standard_link/binary_info.c.obj
 .rodata.__bi_75
                0x0000000010007df0        0xc CMakeFiles/Keyboard.dir/home/sidney/pico/pico-sdk/src/rp2_common/pico_standard_link/binary_info.c.obj
 .rodata.__bi_81
                0x0000000010007dfc        0xc CMakeFiles/Keyboard.dir/home/sidney/pico/pico-sdk/src/rp2_common/pico_standard_link/binary_info.c.obj
 .rodata.stdout_serialize_begin.str1.4
                0x0000000010007e08       0x61 CMakeFiles/Keyboard.dir/home/sidney/pico/pico-sdk/src/rp2_common/pico_stdio/stdio.c.obj
 .rodata.__func__.3
                0x0000000010007e08       0x15 CMakeFiles/Keyboard.dir/home/sidney/pico/pico-sdk/src/rp2_common/pico_stdio/stdio.c.obj
 *fill*         0x0000000010007e1d        0x3 
 .rodata.crlf_str.2
                0x0000000010007e20        0x2 CMakeFiles/Keyboard.dir/home/sidney/pico/pico-sdk/src/rp2_common/pico_stdio/stdio.c.obj
 *fill*         0x0000000010007e22        0x2 
 .rodata._resetd_driver
                0x0000000010007e24       0x18 CMakeFiles/Keyboard.dir/home/sidney/pico/pico-sdk/src/rp2_common/pico_stdio_usb/reset_interface.c.obj
 .rodata.low_priority_worker_irq.str1.4
                0x0000000010007e3c       0x61 CMakeFiles/Keyboard.dir/home/sidney/pico/pico-sdk/src/rp2_common/pico_stdio_usb/stdio_usb.c.obj
 .rodata.stdio_usb_init.str1.4
                0x0000000010007e3c       0x45 CMakeFiles/Keyboard.dir/home/sidney/pico/pico-sdk/src/rp2_common/pico_stdio_usb/stdio_usb.c.obj
                                         0x4d (size before relaxing)
 *fill*         0x0000000010007e81        0x3 
 .rodata.str1.4
                0x0000000010007e84       0x13 CMakeFiles/Keyboard.dir/home/sidney/pico/pico-sdk/src/rp2_common/pico_stdio_usb/stdio_usb.c.obj
 *fill*         0x0000000010007e97        0x1 
 .rodata.__bi_188.0
                0x0000000010007e98        0xc CMakeFiles/Keyboard.dir/home/sidney/pico/pico-sdk/src/rp2_common/pico_stdio_usb/stdio_usb.c.obj
 .rodata.__func__.1
                0x0000000010007ea4        0xf CMakeFiles/Keyboard.dir/home/sidney/pico/pico-sdk/src/rp2_common/pico_stdio_usb/stdio_usb.c.obj
 *fill*         0x0000000010007eb3        0x1 
 .rodata.__func__.3
                0x0000000010007eb4       0x15 CMakeFiles/Keyboard.dir/home/sidney/pico/pico-sdk/src/rp2_common/pico_stdio_usb/stdio_usb.c.obj
 *fill*         0x0000000010007ec9        0x3 
 .rodata.str1.4
                0x0000000010007ecc       0x2a CMakeFiles/Keyboard.dir/home/sidney/pico/pico-sdk/src/rp2_common/pico_stdio_usb/stdio_usb_descriptors.c.obj
 *fill*         0x0000000010007ef6        0x2 
 .rodata.usbd_desc_cfg
                0x0000000010007ef8       0x54 CMakeFiles/Keyboard.dir/home/sidney/pico/pico-sdk/src/rp2_common/pico_stdio_usb/stdio_usb_descriptors.c.obj
 .rodata.usbd_desc_device
                0x0000000010007f4c       0x12 CMakeFiles/Keyboard.dir/home/sidney/pico/pico-sdk/src/rp2_common/pico_stdio_usb/stdio_usb_descriptors.c.obj
 *fill*         0x0000000010007f5e        0x2 
 .rodata.usbd_desc_str
                0x0000000010007f60       0x18 CMakeFiles/Keyboard.dir/home/sidney/pico/pico-sdk/src/rp2_common/pico_stdio_usb/stdio_usb_descriptors.c.obj
 .rodata.pico_get_unique_board_id_string.str1.4
                0x0000000010007f78       0x4d CMakeFiles/Keyboard.dir/home/sidney/pico/pico-sdk/src/rp2_common/pico_unique_id/unique_id.c.obj
 *fill*         0x0000000010007fc5        0x3 
 .rodata.__func__.0
                0x0000000010007fc8       0x20 CMakeFiles/Keyboard.dir/home/sidney/pico/pico-sdk/src/rp2_common/pico_unique_id/unique_id.c.obj
 .rodata.str1.4
                0x0000000010007fe8      0x15a CMakeFiles/Keyboard.dir/home/sidney/pico/pico-sdk/src/rp2_common/hardware_flash/flash.c.obj
 *fill*         0x0000000010008142        0x2 
 .rodata.__func__.0
                0x0000000010008144        0xd CMakeFiles/Keyboard.dir/home/sidney/pico/pico-sdk/src/rp2_common/hardware_flash/flash.c.obj
 *fill*         0x0000000010008151        0x3 
 .rodata._hw_endpoint_alloc.str1.4
                0x0000000010008154       0xb5 CMakeFiles/Keyboard.dir/home/sidney/pico/pico-sdk/lib/tinyusb/src/portable/raspberrypi/rp2040/dcd_rp2040.c.obj
 *fill*         0x0000000010008209        0x3 
 .rodata.str1.4
                0x000000001000820c       0x14 CMakeFiles/Keyboard.dir/home/sidney/pico/pico-sdk/lib/tinyusb/src/portable/raspberrypi/rp2040/dcd_rp2040.c.obj
 .rodata.dcd_int_enable.str1.4
                0x0000000010008220        0xc CMakeFiles/Keyboard.dir/home/sidney/pico/pico-sdk/lib/tinyusb/src/portable/raspberrypi/rp2040/dcd_rp2040.c.obj
 .rodata.__func__.0
                0x000000001000822c        0xe CMakeFiles/Keyboard.dir/home/sidney/pico/pico-sdk/lib/tinyusb/src/portable/raspberrypi/rp2040/dcd_rp2040.c.obj
 *fill*         0x000000001000823a        0x2 
 .rodata.__func__.1
                0x000000001000823c        0xe CMakeFiles/Keyboard.dir/home/sidney/pico/pico-sdk/lib/tinyusb/src/portable/raspberrypi/rp2040/dcd_rp2040.c.obj
 *fill*         0x000000001000824a        0x2 
 .rodata.__func__.3
                0x000000001000824c       0x10 CMakeFiles/Keyboard.dir/home/sidney/pico/pico-sdk/lib/tinyusb/src/portable/raspberrypi/rp2040/dcd_rp2040.c.obj
 .rodata.__func__.5
                0x000000001000825c        0xf CMakeFiles/Keyboard.dir/home/sidney/pico/pico-sdk/lib/tinyusb/src/portable/raspberrypi/rp2040/dcd_rp2040.c.obj
 *fill*         0x000000001000826b        0x1 
 .rodata.__func__.6
                0x000000001000826c       0x13 CMakeFiles/Keyboard.dir/home/sidney/pico/pico-sdk/lib/tinyusb/src/portable/raspberrypi/rp2040/dcd_rp2040.c.obj
 *fill*         0x000000001000827f        0x1 
 .rodata.__func__.7
                0x0000000010008280        0x9 CMakeFiles/Keyboard.dir/home/sidney/pico/pico-sdk/lib/tinyusb/src/portable/raspberrypi/rp2040/dcd_rp2040.c.obj
 *fill*         0x0000000010008289        0x3 
 .rodata.str1.4
                0x000000001000828c       0xe7 CMakeFiles/Keyboard.dir/home/sidney/pico/pico-sdk/lib/tinyusb/src/portable/raspberrypi/rp2040/rp2040_usb.c.obj
 *fill*         0x0000000010008373        0x1 
 .rodata.__func__.0
                0x0000000010008374        0xf CMakeFiles/Keyboard.dir/home/sidney/pico/pico-sdk/lib/tinyusb/src/portable/raspberrypi/rp2040/rp2040_usb.c.obj
 *fill*         0x0000000010008383        0x1 
 .rodata.process_get_descriptor
                0x0000000010008384       0x40 CMakeFiles/Keyboard.dir/home/sidney/pico/pico-sdk/lib/tinyusb/src/device/usbd.c.obj
 .rodata.process_control_request
                0x00000000100083c4       0x28 CMakeFiles/Keyboard.dir/home/sidney/pico/pico-sdk/lib/tinyusb/src/device/usbd.c.obj
 .rodata.tud_task_ext
                0x00000000100083ec       0x24 CMakeFiles/Keyboard.dir/home/sidney/pico/pico-sdk/lib/tinyusb/src/device/usbd.c.obj
 .rodata._usbd_driver
                0x0000000010008410       0x18 CMakeFiles/Keyboard.dir/home/sidney/pico/pico-sdk/lib/tinyusb/src/device/usbd.c.obj
                0x0000000010008428                . = ALIGN (0x4)
 *(SORT_BY_ALIGNMENT(SORT_BY_NAME(.flashdata*)))
                0x0000000010008428                . = ALIGN (0x4)

.rel.dyn        0x0000000010008428        0x0
 .rel.iplt      0x0000000010008428        0x0 /usr/lib/gcc/arm-none-eabi/10.3.1/thumb/v6-m/nofp/crtbegin.o

.ARM.extab
 *(.ARM.extab* .gnu.linkonce.armextab.*)
                0x0000000010008428                __exidx_start = .

.ARM.exidx
 *(.ARM.exidx* .gnu.linkonce.armexidx.*)
                0x0000000010008428                __exidx_end = .
                0x0000000010008428                . = ALIGN (0x4)
                0x0000000010008428                __binary_info_start = .

.binary_info    0x0000000010008428       0x20
 *(.binary_info.keep.*)
 .binary_info.keep.__bi_ptr22
                0x0000000010008428        0x4 CMakeFiles/Keyboard.dir/home/sidney/pico/pico-sdk/src/rp2_common/pico_standard_link/binary_info.c.obj
 .binary_info.keep.__bi_ptr30
                0x000000001000842c        0x4 CMakeFiles/Keyboard.dir/home/sidney/pico/pico-sdk/src/rp2_common/pico_standard_link/binary_info.c.obj
 .binary_info.keep.__bi_ptr38
                0x0000000010008430        0x4 CMakeFiles/Keyboard.dir/home/sidney/pico/pico-sdk/src/rp2_common/pico_standard_link/binary_info.c.obj
 .binary_info.keep.__bi_ptr44
                0x0000000010008434        0x4 CMakeFiles/Keyboard.dir/home/sidney/pico/pico-sdk/src/rp2_common/pico_standard_link/binary_info.c.obj
 .binary_info.keep.__bi_ptr50
                0x0000000010008438        0x4 CMakeFiles/Keyboard.dir/home/sidney/pico/pico-sdk/src/rp2_common/pico_standard_link/binary_info.c.obj
 .binary_info.keep.__bi_ptr75
                0x000000001000843c        0x4 CMakeFiles/Keyboard.dir/home/sidney/pico/pico-sdk/src/rp2_common/pico_standard_link/binary_info.c.obj
 .binary_info.keep.__bi_ptr81
                0x0000000010008440        0x4 CMakeFiles/Keyboard.dir/home/sidney/pico/pico-sdk/src/rp2_common/pico_standard_link/binary_info.c.obj
 *(.binary_info.*)
 .binary_info.__bi_ptr188
                0x0000000010008444        0x4 CMakeFiles/Keyboard.dir/home/sidney/pico/pico-sdk/src/rp2_common/pico_stdio_usb/stdio_usb.c.obj
                0x0000000010008448                __binary_info_end = .
                0x0000000010008448                . = ALIGN (0x4)
                0x0000000010008448                __etext = .

.ram_vector_table
                0x0000000020000000       0xc0
 *(.ram_vector_table)
 .ram_vector_table
                0x0000000020000000       0xc0 CMakeFiles/Keyboard.dir/home/sidney/pico/pico-sdk/src/rp2_common/pico_runtime/runtime.c.obj
                0x0000000020000000                ram_vector_table

.data           0x00000000200000c0      0xbe0 load address 0x0000000010008448
                0x00000000200000c0                __data_start__ = .
 *(vtable)
 *(.time_critical*)
 .time_critical.mutex_try_enter
                0x00000000200000c0       0x46 CMakeFiles/Keyboard.dir/home/sidney/pico/pico-sdk/src/common/pico_sync/mutex.c.obj
                0x00000000200000c0                mutex_try_enter
 *fill*         0x0000000020000106        0x2 
 .time_critical.mutex_enter_block_until
                0x0000000020000108       0x8c CMakeFiles/Keyboard.dir/home/sidney/pico/pico-sdk/src/common/pico_sync/mutex.c.obj
                0x0000000020000108                mutex_enter_block_until
 .time_critical.mutex_try_enter_block_until
                0x0000000020000194       0x34 CMakeFiles/Keyboard.dir/home/sidney/pico/pico-sdk/src/common/pico_sync/mutex.c.obj
                0x0000000020000194                mutex_try_enter_block_until
 .time_critical.mutex_enter_timeout_ms
                0x00000000200001c8       0x68 CMakeFiles/Keyboard.dir/home/sidney/pico/pico-sdk/src/common/pico_sync/mutex.c.obj
                0x00000000200001c8                mutex_enter_timeout_ms
 .time_critical.mutex_exit
                0x0000000020000230       0x4c CMakeFiles/Keyboard.dir/home/sidney/pico/pico-sdk/src/common/pico_sync/mutex.c.obj
                0x0000000020000230                mutex_exit
 .time_critical.flash_init_boot2_copyout
                0x000000002000027c       0x30 CMakeFiles/Keyboard.dir/home/sidney/pico/pico-sdk/src/rp2_common/hardware_flash/flash.c.obj
 .time_critical.flash_enable_xip_via_boot2
                0x00000000200002ac       0x10 CMakeFiles/Keyboard.dir/home/sidney/pico/pico-sdk/src/rp2_common/hardware_flash/flash.c.obj
 .time_critical.flash_cs_force
                0x00000000200002bc       0x28 CMakeFiles/Keyboard.dir/home/sidney/pico/pico-sdk/src/rp2_common/hardware_flash/flash.c.obj
 .time_critical.flash_do_cmd
                0x00000000200002e4       0xd8 CMakeFiles/Keyboard.dir/home/sidney/pico/pico-sdk/src/rp2_common/hardware_flash/flash.c.obj
                0x00000000200002e4                flash_do_cmd
 .time_critical.reset_non_control_endpoints
                0x00000000200003bc       0x40 CMakeFiles/Keyboard.dir/home/sidney/pico/pico-sdk/lib/tinyusb/src/portable/raspberrypi/rp2040/dcd_rp2040.c.obj
 .time_critical.hw_handle_buff_status
                0x00000000200003fc       0xa4 CMakeFiles/Keyboard.dir/home/sidney/pico/pico-sdk/lib/tinyusb/src/portable/raspberrypi/rp2040/dcd_rp2040.c.obj
 .time_critical.dcd_rp2040_irq
                0x00000000200004a0      0x1cc CMakeFiles/Keyboard.dir/home/sidney/pico/pico-sdk/lib/tinyusb/src/portable/raspberrypi/rp2040/dcd_rp2040.c.obj
 .time_critical.e15_is_bulkin_ep
                0x000000002000066c       0x2c CMakeFiles/Keyboard.dir/home/sidney/pico/pico-sdk/lib/tinyusb/src/portable/raspberrypi/rp2040/rp2040_usb.c.obj
 .time_critical.e15_is_critical_frame_period
                0x0000000020000698       0x30 CMakeFiles/Keyboard.dir/home/sidney/pico/pico-sdk/lib/tinyusb/src/portable/raspberrypi/rp2040/rp2040_usb.c.obj
 .time_critical.prepare_ep_buffer
                0x00000000200006c8       0x70 CMakeFiles/Keyboard.dir/home/sidney/pico/pico-sdk/lib/tinyusb/src/portable/raspberrypi/rp2040/rp2040_usb.c.obj
 .time_critical.sync_ep_buffer
                0x0000000020000738       0x80 CMakeFiles/Keyboard.dir/home/sidney/pico/pico-sdk/lib/tinyusb/src/portable/raspberrypi/rp2040/rp2040_usb.c.obj
 .time_critical._hw_endpoint_xfer_sync
                0x00000000200007b8       0x28 CMakeFiles/Keyboard.dir/home/sidney/pico/pico-sdk/lib/tinyusb/src/portable/raspberrypi/rp2040/rp2040_usb.c.obj
 .time_critical.hw_endpoint_reset_transfer
                0x00000000200007e0        0xc CMakeFiles/Keyboard.dir/home/sidney/pico/pico-sdk/lib/tinyusb/src/portable/raspberrypi/rp2040/rp2040_usb.c.obj
                0x00000000200007e0                hw_endpoint_reset_transfer
 .time_critical._hw_endpoint_buffer_control_update32
                0x00000000200007ec       0x58 CMakeFiles/Keyboard.dir/home/sidney/pico/pico-sdk/lib/tinyusb/src/portable/raspberrypi/rp2040/rp2040_usb.c.obj
                0x00000000200007ec                _hw_endpoint_buffer_control_update32
 .time_critical.hw_endpoint_start_next_buffer
                0x0000000020000844       0x88 CMakeFiles/Keyboard.dir/home/sidney/pico/pico-sdk/lib/tinyusb/src/portable/raspberrypi/rp2040/rp2040_usb.c.obj
                0x0000000020000844                hw_endpoint_start_next_buffer
 .time_critical.hw_endpoint_xfer_continue
                0x00000000200008cc       0x50 CMakeFiles/Keyboard.dir/home/sidney/pico/pico-sdk/lib/tinyusb/src/portable/raspberrypi/rp2040/rp2040_usb.c.obj
                0x00000000200008cc                hw_endpoint_xfer_continue
 .time_critical.tinyusb
                0x000000002000091c      0x1ec CMakeFiles/Keyboard.dir/home/sidney/pico/pico-sdk/lib/tinyusb/src/device/usbd.c.obj
                0x000000002000091c                dcd_event_handler
 *(.text*)
 .text          0x0000000020000b08        0x4 /usr/lib/gcc/arm-none-eabi/10.3.1/thumb/v6-m/nofp/libgcc.a(_dvmd_tls.o)
                0x0000000020000b08                __aeabi_ldiv0
                0x0000000020000b08                __aeabi_idiv0
 *fill*         0x0000000020000b0c        0x4 
 .text.__stub   0x0000000020000b10       0x90 linker stubs
                0x0000000020000ba0                . = ALIGN (0x4)
 *(.rodata*)
                0x0000000020000ba0                . = ALIGN (0x4)
 *(.data*)
 .data.striped_spin_lock_num
                0x0000000020000ba0        0x1 CMakeFiles/Keyboard.dir/home/sidney/pico/pico-sdk/src/rp2_common/hardware_sync/sync.c.obj
 *fill*         0x0000000020000ba1        0x3 
 .data          0x0000000020000ba4       0x48 CMakeFiles/Keyboard.dir/home/sidney/pico/pico-sdk/src/rp2_common/hardware_irq/irq_handler_chain.S.obj
                0x0000000020000ba4                irq_handler_chain_slots
                0x0000000020000bd4                irq_handler_chain_first_slot
                0x0000000020000bde                irq_handler_chain_remove_tail
 .data.default_alarm_pool
                0x0000000020000bec       0x18 CMakeFiles/Keyboard.dir/home/sidney/pico/pico-sdk/src/common/pico_time/time.c.obj
 .data.default_alarm_pool_heap
                0x0000000020000c04       0x10 CMakeFiles/Keyboard.dir/home/sidney/pico/pico-sdk/src/common/pico_time/time.c.obj
 *fill*         0x0000000020000c14        0xc 
 .data.aeabi_bits_funcs
                0x0000000020000c20       0x10 CMakeFiles/Keyboard.dir/home/sidney/pico/pico-sdk/src/rp2_common/pico_bit_ops/bit_ops_aeabi.S.obj
                0x0000000020000c20                aeabi_bits_funcs
                0x0000000020000c30                aeabi_bits_funcs_end
 .data.aeabi_mem_funcs
                0x0000000020000c30       0x10 CMakeFiles/Keyboard.dir/home/sidney/pico/pico-sdk/src/rp2_common/pico_mem_ops/mem_ops_aeabi.S.obj
                0x0000000020000c30                aeabi_mem_funcs
                0x0000000020000c40                aeabi_mem_funcs_end
 .data.stdio_usb
                0x0000000020000c40       0x18 CMakeFiles/Keyboard.dir/home/sidney/pico/pico-sdk/src/rp2_common/pico_stdio_usb/stdio_usb.c.obj
                0x0000000020000c40                stdio_usb
 .data.ep_dir_string
                0x0000000020000c58        0x8 CMakeFiles/Keyboard.dir/home/sidney/pico/pico-sdk/lib/tinyusb/src/portable/raspberrypi/rp2040/rp2040_usb.c.obj
                0x0000000020000c58                ep_dir_string
 .data._usbd_qdef
                0x0000000020000c60       0x1c CMakeFiles/Keyboard.dir/home/sidney/pico/pico-sdk/lib/tinyusb/src/device/usbd.c.obj
                0x0000000020000c60                _usbd_qdef
 .data._usbd_rhport
                0x0000000020000c7c        0x1 CMakeFiles/Keyboard.dir/home/sidney/pico/pico-sdk/lib/tinyusb/src/device/usbd.c.obj
                0x0000000020000c80                . = ALIGN (0x4)
 *fill*         0x0000000020000c7d        0x3 
 *(.after_data.*)
                0x0000000020000c80                . = ALIGN (0x4)
                0x0000000020000c80                PROVIDE (__mutex_array_start = .)
 *(SORT_BY_NAME(.mutex_array.*))
 *(.mutex_array)
 .mutex_array   0x0000000020000c80        0x8 CMakeFiles/Keyboard.dir/home/sidney/pico/pico-sdk/src/rp2_common/pico_stdio/stdio.c.obj
                0x0000000020000c88                PROVIDE (__mutex_array_end = .)
                0x0000000020000c88                . = ALIGN (0x4)
                0x0000000020000c88                PROVIDE (__preinit_array_start = .)
 *(SORT_BY_NAME(.preinit_array.*))
 .preinit_array.00001
                0x0000000020000c88        0x4 CMakeFiles/Keyboard.dir/home/sidney/pico/pico-sdk/src/rp2_common/pico_mem_ops/mem_ops_aeabi.S.obj
 .preinit_array.00010
                0x0000000020000c8c        0x4 CMakeFiles/Keyboard.dir/home/sidney/pico/pico-sdk/src/rp2_common/pico_bit_ops/bit_ops_aeabi.S.obj
 .preinit_array.00020
                0x0000000020000c90        0x4 CMakeFiles/Keyboard.dir/home/sidney/pico/pico-sdk/src/rp2_common/pico_double/double_aeabi.S.obj
 .preinit_array.00020
                0x0000000020000c94        0x4 CMakeFiles/Keyboard.dir/home/sidney/pico/pico-sdk/src/rp2_common/pico_float/float_aeabi.S.obj
 *(.preinit_array)
                0x0000000020000c98                PROVIDE (__preinit_array_end = .)
                0x0000000020000c98                . = ALIGN (0x4)
                0x0000000020000c98                PROVIDE (__init_array_start = .)
 *(SORT_BY_NAME(.init_array.*))
 *(.init_array)
 .init_array    0x0000000020000c98        0x4 /usr/lib/gcc/arm-none-eabi/10.3.1/thumb/v6-m/nofp/crtbegin.o
 .init_array    0x0000000020000c9c        0x4 CMakeFiles/Keyboard.dir/home/sidney/pico/pico-sdk/src/rp2_common/pico_unique_id/unique_id.c.obj
                0x0000000020000ca0                PROVIDE (__init_array_end = .)
                0x0000000020000ca0                . = ALIGN (0x4)
                0x0000000020000ca0                PROVIDE (__fini_array_start = .)
 *(SORT_BY_NAME(.fini_array.*))
 *(.fini_array)
                0x0000000020000ca0                PROVIDE (__fini_array_end = .)
 *(.jcr)
                0x0000000020000ca0                . = ALIGN (0x4)
                0x0000000020000ca0                __data_end__ = .

.tm_clone_table
                0x0000000020000ca0        0x0 load address 0x0000000010009028
 .tm_clone_table
                0x0000000020000ca0        0x0 /usr/lib/gcc/arm-none-eabi/10.3.1/thumb/v6-m/nofp/crtbegin.o
 .tm_clone_table
                0x0000000020000ca0        0x0 /usr/lib/gcc/arm-none-eabi/10.3.1/thumb/v6-m/nofp/crtend.o

.igot.plt       0x0000000020000ca0        0x0 load address 0x0000000010009028
 .igot.plt      0x0000000020000ca0        0x0 /usr/lib/gcc/arm-none-eabi/10.3.1/thumb/v6-m/nofp/crtbegin.o

.uninitialized_data
                0x0000000020000ca0        0x0 load address 0x0000000010009028
                0x0000000020000ca0                . = ALIGN (0x4)
 *(.uninitialized_data*)

.scratch_x      0x0000000020040000        0x0 load address 0x0000000010009028
                0x0000000020040000                __scratch_x_start__ = .
 *(.scratch_x.*)
                0x0000000020040000                . = ALIGN (0x4)
                0x0000000020040000                __scratch_x_end__ = .
                0x0000000010009028                __scratch_x_source__ = LOADADDR (.scratch_x)

.scratch_y      0x0000000020041000        0x0 load address 0x0000000010009028