Archive member included to satisfy reference by file (symbol)

lib/liblvgl.a(lv_disp.c.obj)  CMakeFiles/Keyboard.dir/main.cpp.obj (lv_disp_get_scr_act)
lib/liblvgl.a(lv_event.c.obj)
                              lib/liblvgl.a(lv_disp.c.obj) (lv_event_send)
lib/liblvgl.a(lv_indev.c.obj)
                              lib/liblvgl.a(lv_event.c.obj) (lv_indev_get_act)
lib/liblvgl.a(lv_indev_scroll.c.obj)
                              lib/liblvgl.a(lv_indev.c.obj) (_lv_indev_scroll_handler)
lib/liblvgl.a(lv_obj.c.obj)   CMakeFiles/Keyboard.dir/main.cpp.obj (lv_init)
lib/liblvgl.a(lv_obj_class.c.obj)
                              lib/liblvgl.a(lv_obj.c.obj) (lv_obj_class_create_obj)
lib/liblvgl.a(lv_obj_draw.c.obj)
                              lib/liblvgl.a(lv_obj.c.obj) (lv_obj_init_draw_rect_dsc)
lib/liblvgl.a(lv_obj_pos.c.obj)
                              lib/liblvgl.a(lv_disp.c.obj) (lv_obj_set_x)
lib/liblvgl.a(lv_obj_scroll.c.obj)
                              lib/liblvgl.a(lv_obj.c.obj) (lv_obj_get_scrollbar_mode)
lib/liblvgl.a(lv_obj_style.c.obj)
                              lib/liblvgl.a(lv_obj.c.obj) (_lv_obj_style_init)
lib/liblvgl.a(lv_obj_style_gen.c.obj)
                              lib/liblvgl.a(lv_obj_pos.c.obj) (lv_obj_set_style_width)
lib/liblvgl.a(lv_obj_tree.c.obj)
                              lib/liblvgl.a(lv_indev.c.obj) (lv_obj_get_parent)
lib/liblvgl.a(lv_refr.c.obj)  lib/liblvgl.a(lv_obj.c.obj) (_lv_refr_init)
lib/liblvgl.a(lv_theme.c.obj)
                              lib/liblvgl.a(lv_disp.c.obj) (lv_theme_apply)
lib/liblvgl.a(lv_draw.c.obj)  lib/liblvgl.a(lv_obj.c.obj) (lv_draw_init)
lib/liblvgl.a(lv_draw_img.c.obj)
                              lib/liblvgl.a(lv_refr.c.obj) (lv_draw_img_dsc_init)
lib/liblvgl.a(lv_draw_label.c.obj)
                              lib/liblvgl.a(lv_draw_img.c.obj) (lv_draw_label_dsc_init)
lib/liblvgl.a(lv_draw_layer.c.obj)
                              lib/liblvgl.a(lv_refr.c.obj) (lv_draw_layer_create)
lib/liblvgl.a(lv_draw_line.c.obj)
                              lib/liblvgl.a(lv_draw_label.c.obj) (lv_draw_line_dsc_init)
lib/liblvgl.a(lv_draw_mask.c.obj)
                              lib/liblvgl.a(lv_obj.c.obj) (lv_draw_mask_add)
lib/liblvgl.a(lv_draw_rect.c.obj)
                              lib/liblvgl.a(lv_obj.c.obj) (lv_draw_rect_dsc_init)
lib/liblvgl.a(lv_img_buf.c.obj)
                              lib/liblvgl.a(lv_draw_img.c.obj) (_lv_img_buf_get_transformed_area)
lib/liblvgl.a(lv_img_cache.c.obj)
                              lib/liblvgl.a(lv_draw_img.c.obj) (_lv_img_cache_open)
lib/liblvgl.a(lv_img_decoder.c.obj)
                              lib/liblvgl.a(lv_refr.c.obj) (lv_img_decoder_get_info)
lib/liblvgl.a(lv_extra.c.obj)
                              lib/liblvgl.a(lv_obj.c.obj) (lv_extra_init)
lib/liblvgl.a(lv_font.c.obj)  lib/liblvgl.a(lv_draw_label.c.obj) (lv_font_get_glyph_width)
lib/liblvgl.a(lv_font_fmt_txt.c.obj)
                              lib/liblvgl.a(lv_refr.c.obj) (_lv_font_clean_up_fmt_txt)
lib/liblvgl.a(lv_font_montserrat_14.c.obj)
                              lib/liblvgl.a(lv_theme.c.obj) (lv_font_montserrat_14)
lib/liblvgl.a(lv_hal_disp.c.obj)
                              CMakeFiles/Keyboard.dir/lcd.cpp.obj (lv_disp_drv_init)
lib/liblvgl.a(lv_hal_indev.c.obj)
                              lib/liblvgl.a(lv_indev.c.obj) (lv_indev_get_next)
lib/liblvgl.a(lv_hal_tick.c.obj)
                              lib/liblvgl.a(lv_disp.c.obj) (lv_tick_get)
lib/liblvgl.a(lv_anim.c.obj)  lib/liblvgl.a(lv_obj.c.obj) (_lv_anim_core_init)
lib/liblvgl.a(lv_area.c.obj)  lib/liblvgl.a(lv_disp.c.obj) (lv_area_set)
lib/liblvgl.a(lv_async.c.obj)
                              lib/liblvgl.a(lv_obj_tree.c.obj) (lv_async_call)
lib/liblvgl.a(lv_color.c.obj)
                              lib/liblvgl.a(lv_theme.c.obj) (lv_palette_main)
lib/liblvgl.a(lv_fs.c.obj)    lib/liblvgl.a(lv_obj.c.obj) (_lv_fs_init)
lib/liblvgl.a(lv_gc.c.obj)    lib/liblvgl.a(lv_obj.c.obj) (_lv_gc_clear_roots)
lib/liblvgl.a(lv_ll.c.obj)    lib/liblvgl.a(lv_obj.c.obj) (_lv_ll_init)
lib/liblvgl.a(lv_math.c.obj)  lib/liblvgl.a(lv_draw_mask.c.obj) (lv_trigo_sin)
lib/liblvgl.a(lv_mem.c.obj)   lib/liblvgl.a(lv_obj.c.obj) (lv_mem_init)
lib/liblvgl.a(lv_style.c.obj)
                              lib/liblvgl.a(lv_obj_style.c.obj) (lv_style_init)
lib/liblvgl.a(lv_timer.c.obj)
                              lib/liblvgl.a(lv_hal_disp.c.obj) (lv_timer_create)
lib/liblvgl.a(lv_tlsf.c.obj)  lib/liblvgl.a(lv_mem.c.obj) (lv_tlsf_check)
lib/liblvgl.a(lv_txt.c.obj)   lib/liblvgl.a(lv_draw_label.c.obj) (_lv_txt_get_next_line)
lib/liblvgl.a(lv_utils.c.obj)
                              lib/liblvgl.a(lv_font_fmt_txt.c.obj) (_lv_utils_bsearch)
lib/liblvgl.a(lv_label.c.obj)
                              CMakeFiles/Keyboard.dir/main.cpp.obj (lv_label_create)
lib/liblvgl.a(lv_group.c.obj)
                              lib/liblvgl.a(lv_obj.c.obj) (_lv_group_init)
lib/liblvgl.a(lv_draw_sw.c.obj)
[...]
Memory Configuration

Name             Origin             Length             Attributes
FLASH            0x0000000010000000 0x0000000000200000 xr
RAM              0x0000000020000000 0x0000000000040000 xrw
SCRATCH_X        0x0000000020040000 0x0000000000001000 xrw
SCRATCH_Y        0x0000000020041000 0x0000000000001000 xrw
*default*        0x0000000000000000 0xffffffffffffffff

Linker script and memory map

LOAD /usr/lib/gcc/arm-none-eabi/10.3.1/thumb/v6-m/nofp/crti.o
LOAD /usr/lib/gcc/arm-none-eabi/10.3.1/thumb/v6-m/nofp/crtbegin.o
LOAD /usr/lib/gcc/arm-none-eabi/10.3.1/../../../arm-none-eabi/lib/thumb/v6-m/nofp/crt0.o

.flash_begin    0x0000000010000000        0x0
                0x0000000010000000                __flash_binary_start = .

.boot2          0x0000000010000000      0x100
                0x0000000010000000                __boot2_start__ = .
 *(.boot2)
 .boot2         0x0000000010000000      0x100 /tmp/ccOL0F4u.o
                0x0000000010000100                __boot2_end__ = .
                0x0000000000000001                ASSERT (((__boot2_end__ - __boot2_start__) == 0x100), ERROR: Pico second stage bootloader must be 256 bytes in size)

.text           0x0000000010000100    0x36168
                0x0000000010000100                __logical_binary_start = .
 *(.vectors)
 .vectors       0x0000000010000100       0xd4 CMakeFiles/Keyboard.dir/home/sidney/pico/pico-sdk/src/rp2_common/pico_standard_link/crt0.S.obj
                0x0000000010000100                __vectors
                0x0000000010000100                __VECTOR_TABLE
                0x00000000100001c0                isr_invalid
                0x00000000100001c0                __default_isrs_start
                0x00000000100001c2                isr_nmi
                0x00000000100001c4                isr_hardfault
                0x00000000100001c6                isr_svcall
                0x00000000100001c8                isr_pendsv
                0x00000000100001ca                isr_systick
                0x00000000100001cc                isr_irq30
                0x00000000100001cc                __unhandled_user_irq
                0x00000000100001cc                isr_irq13
                0x00000000100001cc                isr_irq27
                0x00000000100001cc                isr_irq31
                0x00000000100001cc                isr_irq5
                0x00000000100001cc                isr_irq11
                0x00000000100001cc                isr_irq23
                0x00000000100001cc                isr_irq18
                0x00000000100001cc                isr_irq28
                0x00000000100001cc                isr_irq19
                0x00000000100001cc                isr_irq0
                0x00000000100001cc                isr_irq6
                0x00000000100001cc                isr_irq22
                0x00000000100001cc                isr_irq17
                0x00000000100001cc                isr_irq14
                0x00000000100001cc                isr_irq2
                0x00000000100001cc                isr_irq10
                0x00000000100001cc                isr_irq8
                0x00000000100001cc                isr_irq24
                0x00000000100001cc                isr_irq1
                0x00000000100001cc                isr_irq7
                0x00000000100001cc                isr_irq21
                0x00000000100001cc                isr_irq20
                0x00000000100001cc                isr_irq15
                0x00000000100001cc                isr_irq25
                0x00000000100001cc                isr_irq4
                0x00000000100001cc                isr_irq16
                0x00000000100001cc                isr_irq29
                0x00000000100001cc                isr_irq26
                0x00000000100001cc                __default_isrs_end
                0x00000000100001cc                isr_irq3
                0x00000000100001cc                isr_irq12
                0x00000000100001cc                isr_irq9
                0x00000000100001d2                unhandled_user_irq_num_in_r0
 *(.binary_info_header)
 .binary_info_header
                0x00000000100001d4       0x14 CMakeFiles/Keyboard.dir/home/sidney/pico/pico-sdk/src/rp2_common/pico_standard_link/crt0.S.obj
                0x00000000100001e8                __binary_info_header_end = .
 *(.reset)
 .reset         0x00000000100001e8       0xa0 CMakeFiles/Keyboard.dir/home/sidney/pico/pico-sdk/src/rp2_common/pico_standard_link/crt0.S.obj
                0x00000000100001e8                _entry_point
 .reset         0x0000000010000288       0x30 CMakeFiles/Keyboard.dir/home/sidney/pico/pico-sdk/src/rp2_common/pico_standard_link/binary_info.c.obj
 *(.init)
 .init          0x00000000100002b8        0x4 /usr/lib/gcc/arm-none-eabi/10.3.1/thumb/v6-m/nofp/crti.o
                0x00000000100002b8                _init
 *(EXCLUDE_FILE(*libm.a: *libc.a:*lib_a-mem*.o *libgcc.a:) .text*)
 .text          0x00000000100002bc       0x98 /usr/lib/gcc/arm-none-eabi/10.3.1/thumb/v6-m/nofp/crtbegin.o
 .text.lv_scr_act
                0x0000000010000354        0xc CMakeFiles/Keyboard.dir/main.cpp.obj
 .text.main     0x0000000010000360       0x60 CMakeFiles/Keyboard.dir/main.cpp.obj
                0x0000000010000360                main
 .text._Z11lcd_commandh
                0x00000000100003c0       0x24 CMakeFiles/Keyboard.dir/lcd.cpp.obj
                0x00000000100003c0                lcd_command(unsigned char)
 .text._Z8lcd_datah
                0x00000000100003e4       0x24 CMakeFiles/Keyboard.dir/lcd.cpp.obj
                0x00000000100003e4                lcd_data(unsigned char)
 .text._Z15lcd_set_addresshhhh
                0x0000000010000408       0x4e CMakeFiles/Keyboard.dir/lcd.cpp.obj
                0x0000000010000408                lcd_set_address(unsigned char, unsigned char, unsigned char, unsigned char)
 .text._Z9lcd_flushP14_lv_disp_drv_tPK9lv_area_tP12lv_color16_t
                0x0000000010000456       0x5e CMakeFiles/Keyboard.dir/lcd.cpp.obj
                0x0000000010000456                lcd_flush(_lv_disp_drv_t*, lv_area_t const*, lv_color16_t*)
 .text._Z17init_lcd_hardwarev
                0x00000000100004b4       0x58 CMakeFiles/Keyboard.dir/lcd.cpp.obj
                0x00000000100004b4                init_lcd_hardware()
 .text._Z8lcd_initv
                0x000000001000050c       0x34 CMakeFiles/Keyboard.dir/lcd.cpp.obj
                0x000000001000050c                lcd_init()
 .text._Z15lcd_fill_screent
                0x0000000010000540       0x2c CMakeFiles/Keyboard.dir/lcd.cpp.obj
                0x0000000010000540                lcd_fill_screen(unsigned short)
 .text._Z9hal_setupv
                0x000000001000056c       0x4c CMakeFiles/Keyboard.dir/lcd.cpp.obj
                0x000000001000056c                hal_setup()
 .text.gpio_set_function
                0x00000000100005b8       0x30 CMakeFiles/Keyboard.dir/home/sidney/pico/pico-sdk/src/rp2_common/hardware_gpio/gpio.c.obj
                0x00000000100005b8                gpio_set_function
 .text.gpio_init
                0x00000000100005e8       0x16 CMakeFiles/Keyboard.dir/home/sidney/pico/pico-sdk/src/rp2_common/hardware_gpio/gpio.c.obj
                0x00000000100005e8                gpio_init
 *fill*         0x00000000100005fe        0x2 
 .text.running_on_fpga
                0x0000000010000600       0x14 CMakeFiles/Keyboard.dir/home/sidney/pico/pico-sdk/src/rp2_common/pico_platform/platform.c.obj
                0x0000000010000600                running_on_fpga
 .text.hw_claim_lock
                0x0000000010000614       0x18 CMakeFiles/Keyboard.dir/home/sidney/pico/pico-sdk/src/rp2_common/hardware_claim/claim.c.obj
                0x0000000010000614                hw_claim_lock
 .text.hw_claim_unlock
                0x000000001000062c       0x14 CMakeFiles/Keyboard.dir/home/sidney/pico/pico-sdk/src/rp2_common/hardware_claim/claim.c.obj
                0x000000001000062c                hw_claim_unlock
 .text.hw_claim_or_assert
                0x0000000010000640       0x32 CMakeFiles/Keyboard.dir/home/sidney/pico/pico-sdk/src/rp2_common/hardware_claim/claim.c.obj
                0x0000000010000640                hw_claim_or_assert
 *fill*         0x0000000010000672        0x2 
 .text.spin_locks_reset
                0x0000000010000674       0x20 CMakeFiles/Keyboard.dir/home/sidney/pico/pico-sdk/src/rp2_common/hardware_sync/sync.c.obj
                0x0000000010000674                spin_locks_reset
 .text.next_striped_spin_lock_num
                0x0000000010000694       0x1c CMakeFiles/Keyboard.dir/home/sidney/pico/pico-sdk/src/rp2_common/hardware_sync/sync.c.obj
                0x0000000010000694                next_striped_spin_lock_num
 .text.set_raw_irq_handler_and_unlock
                0x00000000100006b0       0x28 CMakeFiles/Keyboard.dir/home/sidney/pico/pico-sdk/src/rp2_common/hardware_irq/irq.c.obj
 .text.make_branch
                0x00000000100006d8       0x48 CMakeFiles/Keyboard.dir/home/sidney/pico/pico-sdk/src/rp2_common/hardware_irq/irq.c.obj
 .text.insert_branch_and_link
                0x0000000010000720       0x40 CMakeFiles/Keyboard.dir/home/sidney/pico/pico-sdk/src/rp2_common/hardware_irq/irq.c.obj
 .text.irq_is_enabled
                0x0000000010000760       0x18 CMakeFiles/Keyboard.dir/home/sidney/pico/pico-sdk/src/rp2_common/hardware_irq/irq.c.obj
                0x0000000010000760                irq_is_enabled
 .text.irq_set_mask_enabled
                0x0000000010000778       0x20 CMakeFiles/Keyboard.dir/home/sidney/pico/pico-sdk/src/rp2_common/hardware_irq/irq.c.obj
                0x0000000010000778                irq_set_mask_enabled
 .text.irq_set_enabled
                0x0000000010000798        0xe CMakeFiles/Keyboard.dir/home/sidney/pico/pico-sdk/src/rp2_common/hardware_irq/irq.c.obj
                0x0000000010000798                irq_set_enabled
 *fill*         0x00000000100007a6        0x2 
 .text.irq_get_vtable_handler
                0x00000000100007a8       0x10 CMakeFiles/Keyboard.dir/home/sidney/pico/pico-sdk/src/rp2_common/hardware_irq/irq.c.obj
                0x00000000100007a8                irq_get_vtable_handler
 .text.irq_set_exclusive_handler
                0x00000000100007b8       0x54 CMakeFiles/Keyboard.dir/home/sidney/pico/pico-sdk/src/rp2_common/hardware_irq/irq.c.obj
                0x00000000100007b8                irq_set_exclusive_handler
 .text.irq_remove_handler
                0x000000001000080c      0x1ac CMakeFiles/Keyboard.dir/home/sidney/pico/pico-sdk/src/rp2_common/hardware_irq/irq.c.obj
                0x000000001000080c                irq_remove_handler
 .text.irq_add_tail_to_free_list
                0x00000000100009b8       0xf0 CMakeFiles/Keyboard.dir/home/sidney/pico/pico-sdk/src/rp2_common/hardware_irq/irq.c.obj
                0x00000000100009b8                irq_add_tail_to_free_list
 .text.irq_init_priorities
                0x0000000010000aa8       0x1c CMakeFiles/Keyboard.dir/home/sidney/pico/pico-sdk/src/rp2_common/hardware_irq/irq.c.obj
                0x0000000010000aa8                irq_init_priorities
 .text.lock_init
                0x0000000010000ac4       0x10 CMakeFiles/Keyboard.dir/home/sidney/pico/pico-sdk/src/common/pico_sync/lock_core.c.obj
                0x0000000010000ac4                lock_init
 .text.mutex_init
                0x0000000010000ad4       0x1a CMakeFiles/Keyboard.dir/home/sidney/pico/pico-sdk/src/common/pico_sync/mutex.c.obj
                0x0000000010000ad4                mutex_init
 .text.recursive_mutex_init
                0x0000000010000aee       0x1e CMakeFiles/Keyboard.dir/home/sidney/pico/pico-sdk/src/common/pico_sync/mutex.c.obj
                0x0000000010000aee                recursive_mutex_init
 .text.alarm_pool_post_alloc_init
                0x0000000010000b0c       0x40 CMakeFiles/Keyboard.dir/home/sidney/pico/pico-sdk/src/common/pico_time/time.c.obj
 .text.sleep_until_callback
                0x0000000010000b4c       0x30 CMakeFiles/Keyboard.dir/home/sidney/pico/pico-sdk/src/common/pico_time/time.c.obj
 .text.timer_pool_entry_comparator
                0x0000000010000b7c       0x7c CMakeFiles/Keyboard.dir/home/sidney/pico/pico-sdk/src/common/pico_time/time.c.obj
                0x0000000010000b7c                timer_pool_entry_comparator
 .text.ph_add_child_node
                0x0000000010000bf8       0xa4 CMakeFiles/Keyboard.dir/home/sidney/pico/pico-sdk/src/common/pico_time/time.c.obj
 .text.ph_merge_nodes
                0x0000000010000c9c       0x3e CMakeFiles/Keyboard.dir/home/sidney/pico/pico-sdk/src/common/pico_time/time.c.obj
 *fill*         0x0000000010000cda        0x2 
 .text.add_alarm_under_lock
                0x0000000010000cdc      0x174 CMakeFiles/Keyboard.dir/home/sidney/pico/pico-sdk/src/common/pico_time/time.c.obj
 .text.alarm_pool_alarm_callback
                0x0000000010000e50      0x33c CMakeFiles/Keyboard.dir/home/sidney/pico/pico-sdk/src/common/pico_time/time.c.obj
 .text.alarm_pool_init_default
                0x000000001000118c       0x40 CMakeFiles/Keyboard.dir/home/sidney/pico/pico-sdk/src/common/pico_time/time.c.obj
                0x000000001000118c                alarm_pool_init_default
 .text.alarm_pool_get_default
                0x00000000100011cc       0x2c CMakeFiles/Keyboard.dir/home/sidney/pico/pico-sdk/src/common/pico_time/time.c.obj
                0x00000000100011cc                alarm_pool_get_default
 .text.alarm_pool_add_alarm_at
                0x00000000100011f8      0x168 CMakeFiles/Keyboard.dir/home/sidney/pico/pico-sdk/src/common/pico_time/time.c.obj
                0x00000000100011f8                alarm_pool_add_alarm_at
 .text.alarm_pool_cancel_alarm
                0x0000000010001360       0xf0 CMakeFiles/Keyboard.dir/home/sidney/pico/pico-sdk/src/common/pico_time/time.c.obj
                0x0000000010001360                alarm_pool_cancel_alarm
 .text.sleep_until
                0x0000000010001450       0xfc CMakeFiles/Keyboard.dir/home/sidney/pico/pico-sdk/src/common/pico_time/time.c.obj
                0x0000000010001450                sleep_until
 .text.sleep_us
                0x000000001000154c       0x58 CMakeFiles/Keyboard.dir/home/sidney/pico/pico-sdk/src/common/pico_time/time.c.obj
                0x000000001000154c                sleep_us
 .text.sleep_ms
                0x00000000100015a4       0x14 CMakeFiles/Keyboard.dir/home/sidney/pico/pico-sdk/src/common/pico_time/time.c.obj
                0x00000000100015a4                sleep_ms
 .text.best_effort_wfe_or_timeout
                0x00000000100015b8       0xac CMakeFiles/Keyboard.dir/home/sidney/pico/pico-sdk/src/common/pico_time/time.c.obj
                0x00000000100015b8                best_effort_wfe_or_timeout
 .text.hardware_alarm_irq_handler
                0x0000000010001664       0x90 CMakeFiles/Keyboard.dir/home/sidney/pico/pico-sdk/src/rp2_common/hardware_timer/timer.c.obj
 .text.hardware_alarm_claim
                0x00000000100016f4       0x18 CMakeFiles/Keyboard.dir/home/sidney/pico/pico-sdk/src/rp2_common/hardware_timer/timer.c.obj
                0x00000000100016f4                hardware_alarm_claim
 .text.time_us_64
                0x000000001000170c       0x18 CMakeFiles/Keyboard.dir/home/sidney/pico/pico-sdk/src/rp2_common/hardware_timer/timer.c.obj
                0x000000001000170c                time_us_64
 .text.busy_wait_until
                0x0000000010001724       0x28 CMakeFiles/Keyboard.dir/home/sidney/pico/pico-sdk/src/rp2_common/hardware_timer/timer.c.obj
                0x0000000010001724                busy_wait_until
 .text.hardware_alarm_set_callback
                0x000000001000174c       0x90 CMakeFiles/Keyboard.dir/home/sidney/pico/pico-sdk/src/rp2_common/hardware_timer/timer.c.obj
                0x000000001000174c                hardware_alarm_set_callback
 .text.hardware_alarm_set_target
                0x00000000100017dc       0xe8 CMakeFiles/Keyboard.dir/home/sidney/pico/pico-sdk/src/rp2_common/hardware_timer/timer.c.obj
                0x00000000100017dc                hardware_alarm_set_target
 .text.hardware_alarm_cancel
                0x00000000100018c4       0x40 CMakeFiles/Keyboard.dir/home/sidney/pico/pico-sdk/src/rp2_common/hardware_timer/timer.c.obj
                0x00000000100018c4                hardware_alarm_cancel
 .text.ph_add_child_node
                0x0000000010001904       0xa4 CMakeFiles/Keyboard.dir/home/sidney/pico/pico-sdk/src/common/pico_util/pheap.c.obj
 .text.ph_merge_nodes
                0x00000000100019a8       0x3e CMakeFiles/Keyboard.dir/home/sidney/pico/pico-sdk/src/common/pico_util/pheap.c.obj
 *fill*         0x00000000100019e6        0x2 
 .text.ph_clear
                0x00000000100019e8       0x70 CMakeFiles/Keyboard.dir/home/sidney/pico/pico-sdk/src/common/pico_util/pheap.c.obj
                0x00000000100019e8                ph_clear
 .text.ph_post_alloc_init
                0x0000000010001a58        0xe CMakeFiles/Keyboard.dir/home/sidney/pico/pico-sdk/src/common/pico_util/pheap.c.obj
                0x0000000010001a58                ph_post_alloc_init
 *fill*         0x0000000010001a66        0x2 
 .text.ph_merge_two_pass
                0x0000000010001a68       0xa8 CMakeFiles/Keyboard.dir/home/sidney/pico/pico-sdk/src/common/pico_util/pheap.c.obj
                0x0000000010001a68                ph_merge_two_pass
 .text.ph_remove_any_head
                0x0000000010001b10      0x128 CMakeFiles/Keyboard.dir/home/sidney/pico/pico-sdk/src/common/pico_util/pheap.c.obj
 .text.ph_remove_head
                0x0000000010001c38       0x14 CMakeFiles/Keyboard.dir/home/sidney/pico/pico-sdk/src/common/pico_util/pheap.c.obj
                0x0000000010001c38                ph_remove_head
 .text.ph_remove_and_free_node
                0x0000000010001c4c       0xf8 CMakeFiles/Keyboard.dir/home/sidney/pico/pico-sdk/src/common/pico_util/pheap.c.obj
                0x0000000010001c4c                ph_remove_and_free_node
 .text.uart_set_baudrate
                0x0000000010001d44       0x5c CMakeFiles/Keyboard.dir/home/sidney/pico/pico-sdk/src/rp2_common/hardware_uart/uart.c.obj
                0x0000000010001d44                uart_set_baudrate
 .text.uart_set_translate_crlf
                0x0000000010001da0       0x28 CMakeFiles/Keyboard.dir/home/sidney/pico/pico-sdk/src/rp2_common/hardware_uart/uart.c.obj
                0x0000000010001da0                uart_set_translate_crlf
 .text.uart_init
                0x0000000010001dc8       0x80 CMakeFiles/Keyboard.dir/home/sidney/pico/pico-sdk/src/rp2_common/hardware_uart/uart.c.obj
                0x0000000010001dc8                uart_init
 .text.clock_configure
                0x0000000010001e48      0x104 CMakeFiles/Keyboard.dir/home/sidney/pico/pico-sdk/src/rp2_common/hardware_clocks/clocks.c.obj
                0x0000000010001e48                clock_configure
 .text.clocks_init
                0x0000000010001f4c      0x100 CMakeFiles/Keyboard.dir/home/sidney/pico/pico-sdk/src/rp2_common/hardware_clocks/clocks.c.obj
                0x0000000010001f4c                clocks_init
 .text.clock_get_hz
                0x000000001000204c        0xc CMakeFiles/Keyboard.dir/home/sidney/pico/pico-sdk/src/rp2_common/hardware_clocks/clocks.c.obj
                0x000000001000204c                clock_get_hz
 .text.pll_init
                0x0000000010002058      0x12c CMakeFiles/Keyboard.dir/home/sidney/pico/pico-sdk/src/rp2_common/hardware_pll/pll.c.obj
                0x0000000010002058                pll_init
 .text.watchdog_start_tick
                0x0000000010002184       0x10 CMakeFiles/Keyboard.dir/home/sidney/pico/pico-sdk/src/rp2_common/hardware_watchdog/watchdog.c.obj
                0x0000000010002184                watchdog_start_tick
 .text.xosc_init
                0x0000000010002194       0x28 CMakeFiles/Keyboard.dir/home/sidney/pico/pico-sdk/src/rp2_common/hardware_xosc/xosc.c.obj
                0x0000000010002194                xosc_init
 .text._exit    0x00000000100021bc        0x4 CMakeFiles/Keyboard.dir/home/sidney/pico/pico-sdk/src/rp2_common/pico_runtime/runtime.c.obj
                0x00000000100021bc                _exit
 .text.exit     0x00000000100021c0        0x6 CMakeFiles/Keyboard.dir/home/sidney/pico/pico-sdk/src/rp2_common/pico_runtime/runtime.c.obj
                0x00000000100021c0                exit
 *fill*         0x00000000100021c6        0x2 
 .text.__assert_func
                0x00000000100021c8       0x3c CMakeFiles/Keyboard.dir/home/sidney/pico/pico-sdk/src/rp2_common/pico_runtime/runtime.c.obj
                0x00000000100021c8                __assert_func
 .text.runtime_init
                0x0000000010002204       0xf8 CMakeFiles/Keyboard.dir/home/sidney/pico/pico-sdk/src/rp2_common/pico_runtime/runtime.c.obj
                0x0000000010002204                runtime_init
 .text.panic    0x00000000100022fc       0x30 CMakeFiles/Keyboard.dir/home/sidney/pico/pico-sdk/src/rp2_common/pico_runtime/runtime.c.obj
                0x00000000100022fc                panic
 .text._out_null
                0x000000001000232c        0x2 CMakeFiles/Keyboard.dir/home/sidney/pico/pico-sdk/src/rp2_common/pico_printf/printf.c.obj
 .text._out_fct
                0x000000001000232e        0xe CMakeFiles/Keyboard.dir/home/sidney/pico/pico-sdk/src/rp2_common/pico_printf/printf.c.obj
 .text._atoi    0x000000001000233c       0x24 CMakeFiles/Keyboard.dir/home/sidney/pico/pico-sdk/src/rp2_common/pico_printf/printf.c.obj
 .text._out_rev
                0x0000000010002360       0xae CMakeFiles/Keyboard.dir/home/sidney/pico/pico-sdk/src/rp2_common/pico_printf/printf.c.obj
 .text._ntoa_format
                0x000000001000240e      0x112 CMakeFiles/Keyboard.dir/home/sidney/pico/pico-sdk/src/rp2_common/pico_printf/printf.c.obj
 .text._ntoa_long
                0x0000000010002520       0xbc CMakeFiles/Keyboard.dir/home/sidney/pico/pico-sdk/src/rp2_common/pico_printf/printf.c.obj
 .text._ntoa_long_long
                0x00000000100025dc       0xe2 CMakeFiles/Keyboard.dir/home/sidney/pico/pico-sdk/src/rp2_common/pico_printf/printf.c.obj
 *fill*         0x00000000100026be        0x2 
 .text._etoa    0x00000000100026c0      0x414 CMakeFiles/Keyboard.dir/home/sidney/pico/pico-sdk/src/rp2_common/pico_printf/printf.c.obj
 .text._ftoa    0x0000000010002ad4      0x354 CMakeFiles/Keyboard.dir/home/sidney/pico/pico-sdk/src/rp2_common/pico_printf/printf.c.obj
 .text._vsnprintf
                0x0000000010002e28      0x624 CMakeFiles/Keyboard.dir/home/sidney/pico/pico-sdk/src/rp2_common/pico_printf/printf.c.obj
 .text.vfctprintf
                0x000000001000344c       0x20 CMakeFiles/Keyboard.dir/home/sidney/pico/pico-sdk/src/rp2_common/pico_printf/printf.c.obj
                0x000000001000344c                vfctprintf
 .text          0x000000001000346c       0x10 CMakeFiles/Keyboard.dir/home/sidney/pico/pico-sdk/src/rp2_common/pico_bit_ops/bit_ops_aeabi.S.obj
 .text.clzsi    0x000000001000347c        0xc CMakeFiles/Keyboard.dir/home/sidney/pico/pico-sdk/src/rp2_common/pico_bit_ops/bit_ops_aeabi.S.obj
                0x000000001000347c                __wrap___clz
                0x000000001000347c                __wrap___clzsi2
                0x000000001000347c                __wrap___clzl
 .text.ctzsi    0x0000000010003488        0xc CMakeFiles/Keyboard.dir/home/sidney/pico/pico-sdk/src/rp2_common/pico_bit_ops/bit_ops_aeabi.S.obj
                0x0000000010003488                __wrap___ctzsi2
 .text.rom_func_lookup
                0x0000000010003494       0x10 CMakeFiles/Keyboard.dir/home/sidney/pico/pico-sdk/src/rp2_common/pico_bootrom/bootrom.c.obj
                0x0000000010003494                rom_func_lookup
 .text.rom_data_lookup
                0x00000000100034a4       0x10 CMakeFiles/Keyboard.dir/home/sidney/pico/pico-sdk/src/rp2_common/pico_bootrom/bootrom.c.obj
                0x00000000100034a4                rom_data_lookup
 .text.rom_funcs_lookup
                0x00000000100034b4       0x36 CMakeFiles/Keyboard.dir/home/sidney/pico/pico-sdk/src/rp2_common/pico_bootrom/bootrom.c.obj
                0x00000000100034b4                rom_funcs_lookup
 *fill*         0x00000000100034ea        0x2 
 .text.__wrap___aeabi_idiv
                0x00000000100034ec       0x50 CMakeFiles/Keyboard.dir/home/sidney/pico/pico-sdk/src/rp2_common/pico_divider/divider.S.obj
                0x00000000100034ec                __wrap___aeabi_idivmod
                0x00000000100034ec                divmod_s32s32
                0x00000000100034ec                div_s32s32
                0x00000000100034ec                __wrap___aeabi_idiv
                0x00000000100034f4                divmod_s32s32_unsafe
                0x0000000010003520                divmod_s32s32_savestate
 .text.__wrap___aeabi_uidiv
                0x000000001000353c       0x4c CMakeFiles/Keyboard.dir/home/sidney/pico/pico-sdk/src/rp2_common/pico_divider/divider.S.obj
                0x000000001000353c                __wrap___aeabi_uidiv
                0x000000001000353c                __wrap___aeabi_uidivmod
                0x000000001000353c                div_u32u32
                0x000000001000353c                divmod_u32u32
                0x0000000010003544                divmod_u32u32_unsafe
                0x000000001000356c                divmod_u32u32_savestate
 .text.__wrap___aeabi_ldiv
                0x0000000010003588      0x424 CMakeFiles/Keyboard.dir/home/sidney/pico/pico-sdk/src/rp2_common/pico_divider/divider.S.obj
                0x0000000010003588                div_s64s64
                0x0000000010003588                divmod_s64s64
                0x0000000010003588                __wrap___aeabi_ldivmod
                0x00000000100035b8                div_u64u64
                0x00000000100035b8                divmod_u64u64
                0x00000000100035b8                __wrap___aeabi_uldivmod
                0x00000000100035c8                divmod_u64u64_savestate
                0x00000000100035e8                divmod_s64s64_unsafe
                0x0000000010003670                divmod_u64u64_unsafe
 .text.__wrap___aeabi_darithmetic
                0x00000000100039ac       0x80 CMakeFiles/Keyboard.dir/home/sidney/pico/pico-sdk/src/rp2_common/pico_double/double_aeabi.S.obj
                0x00000000100039ac                __wrap___aeabi_drsub
                0x00000000100039b2                __wrap___aeabi_dsub
                0x00000000100039c4                __wrap___aeabi_dadd
                0x00000000100039d6                __wrap___aeabi_ddiv
                0x0000000010003a12                __wrap___aeabi_dmul
 .text.__wrap___aeabi_cdcmple
                0x0000000010003a2c       0x6c CMakeFiles/Keyboard.dir/home/sidney/pico/pico-sdk/src/rp2_common/pico_double/double_aeabi.S.obj
                0x0000000010003a2c                __wrap___aeabi_cdrcmple
                0x0000000010003a3c                __wrap___aeabi_cdcmple
                0x0000000010003a3c                __wrap___aeabi_cdcmpeq
 .text.__wrap___aeabi_dcmplt
                0x0000000010003a98        0xc CMakeFiles/Keyboard.dir/home/sidney/pico/pico-sdk/src/rp2_common/pico_double/double_aeabi.S.obj
                0x0000000010003a98                __wrap___aeabi_dcmplt
 .text.__wrap___aeabi_dcmple
                0x0000000010003aa4       0x10 CMakeFiles/Keyboard.dir/home/sidney/pico/pico-sdk/src/rp2_common/pico_double/double_aeabi.S.obj
                0x0000000010003aa4                __wrap___aeabi_dcmple
 .text.__wrap___aeabi_dcmpge
                0x0000000010003ab4       0x10 CMakeFiles/Keyboard.dir/home/sidney/pico/pico-sdk/src/rp2_common/pico_double/double_aeabi.S.obj
                0x0000000010003ab4                __wrap___aeabi_dcmpge
 .text.__wrap___aeabi_dcmpgt
                0x0000000010003ac4        0xa CMakeFiles/Keyboard.dir/home/sidney/pico/pico-sdk/src/rp2_common/pico_double/double_aeabi.S.obj
                0x0000000010003ac4                __wrap___aeabi_dcmpgt
 .text.__wrap___aeabi_dcmpun
                0x0000000010003ace       0x1c CMakeFiles/Keyboard.dir/home/sidney/pico/pico-sdk/src/rp2_common/pico_double/double_aeabi.S.obj
                0x0000000010003ace                __wrap___aeabi_dcmpun
 *fill*         0x0000000010003aea        0x2 
 .text.__wrap___aeabi_i2d
                0x0000000010003aec       0x38 CMakeFiles/Keyboard.dir/home/sidney/pico/pico-sdk/src/rp2_common/pico_double/double_aeabi.S.obj
                0x0000000010003aec                __wrap___aeabi_ui2d
                0x0000000010003af4                __wrap___aeabi_i2d
 .text.__wrap___aeabi_d2iz
                0x0000000010003b24       0x48 CMakeFiles/Keyboard.dir/home/sidney/pico/pico-sdk/src/rp2_common/pico_double/double_aeabi.S.obj
                0x0000000010003b24                __wrap___aeabi_d2iz
                0x0000000010003b24                double2int_z
 .text.__wrap___aeabi_d2uiz
                0x0000000010003b6c       0x18 CMakeFiles/Keyboard.dir/home/sidney/pico/pico-sdk/src/rp2_common/pico_double/double_aeabi.S.obj
                0x0000000010003b6c                double2uint
                0x0000000010003b6c                __wrap___aeabi_d2uiz
 .text.__aeabi_double_init
                0x0000000010003b84       0xc8 CMakeFiles/Keyboard.dir/home/sidney/pico/pico-sdk/src/rp2_common/pico_double/double_init_rom.c.obj
                0x0000000010003b84                __aeabi_double_init
 .text.double_table_shim_on_use_helper
                0x0000000010003c4c       0x34 CMakeFiles/Keyboard.dir/home/sidney/pico/pico-sdk/src/rp2_common/pico_double/double_v1_rom_shim.S.obj
                0x0000000010003c4c                double_table_shim_on_use_helper
 .text.__wrap___aeabi_dsub
                0x0000000010003c80       0x10 CMakeFiles/Keyboard.dir/home/sidney/pico/pico-sdk/src/rp2_common/pico_double/double_v1_rom_shim.S.obj
                0x0000000010003c80                drsub_shim
                0x0000000010003c86                dsub_shim
 .text.dadd_shim
                0x0000000010003c90      0x15c CMakeFiles/Keyboard.dir/home/sidney/pico/pico-sdk/src/rp2_common/pico_double/double_v1_rom_shim.S.obj
                0x0000000010003c90                dadd_shim
 .text.dmul_shim
                0x0000000010003dec      0x15c CMakeFiles/Keyboard.dir/home/sidney/pico/pico-sdk/src/rp2_common/pico_double/double_v1_rom_shim.S.obj
                0x0000000010003dec                dmul_shim
 .text.ddiv_shim
                0x0000000010003f48      0x1b0 CMakeFiles/Keyboard.dir/home/sidney/pico/pico-sdk/src/rp2_common/pico_double/double_v1_rom_shim.S.obj
                0x0000000010003f48                ddiv_shim
 .text.double2uint_shim
                0x00000000100040f8        0xe CMakeFiles/Keyboard.dir/home/sidney/pico/pico-sdk/src/rp2_common/pico_double/double_v1_rom_shim.S.obj
                0x00000000100040f8                double2uint_shim
                0x00000000100040fa                double2ufix_shim
 *fill*         0x0000000010004106        0x2 
 .text.double2uint64_shim
                0x0000000010004108       0x70 CMakeFiles/Keyboard.dir/home/sidney/pico/pico-sdk/src/rp2_common/pico_double/double_v1_rom_shim.S.obj
                0x0000000010004108                double2uint64_shim
                0x000000001000410a                double2ufix64_shim
                0x000000001000412a                d2fix_a
 .text.dunpacks
                0x0000000010004178       0x3c CMakeFiles/Keyboard.dir/home/sidney/pico/pico-sdk/src/rp2_common/pico_double/double_v1_rom_shim.S.obj
                0x0000000010004178                dunpacks
 .text.__aeabi_lmul
                0x00000000100041b4       0x32 CMakeFiles/Keyboard.dir/home/sidney/pico/pico-sdk/src/rp2_common/pico_int64_ops/pico_int64_ops_aeabi.S.obj
                0x00000000100041b4                __wrap___aeabi_lmul
 *fill*         0x00000000100041e6        0x2 
 .text.__aeabi_float_init
                0x00000000100041e8       0xfc CMakeFiles/Keyboard.dir/home/sidney/pico/pico-sdk/src/rp2_common/pico_float/float_init_rom.c.obj
                0x00000000100041e8                __aeabi_float_init
 .text.float_table_shim_on_use_helper
                0x00000000100042e4       0x34 CMakeFiles/Keyboard.dir/home/sidney/pico/pico-sdk/src/rp2_common/pico_float/float_v1_rom_shim.S.obj
                0x00000000100042e4                float_table_shim_on_use_helper
 .text          0x0000000010004318       0x10 CMakeFiles/Keyboard.dir/home/sidney/pico/pico-sdk/src/rp2_common/pico_mem_ops/mem_ops_aeabi.S.obj
                0x0000000010004318                __aeabi_mem_init
 .text.memset   0x0000000010004328        0xc CMakeFiles/Keyboard.dir/home/sidney/pico/pico-sdk/src/rp2_common/pico_mem_ops/mem_ops_aeabi.S.obj
                0x0000000010004328                __wrap_memset
 .text.memcpy   0x0000000010004334        0xc CMakeFiles/Keyboard.dir/home/sidney/pico/pico-sdk/src/rp2_common/pico_mem_ops/mem_ops_aeabi.S.obj
                0x0000000010004334                __wrap___aeabi_memcpy
                0x0000000010004334                __wrap_memcpy
 .text.stdio_out_chars_no_crlf
                0x0000000010004340        0xe CMakeFiles/Keyboard.dir/home/sidney/pico/pico-sdk/src/rp2_common/pico_stdio/stdio.c.obj
 *fill*         0x000000001000434e        0x2 
 .text.stdio_out_chars_crlf
                0x0000000010004350       0x80 CMakeFiles/Keyboard.dir/home/sidney/pico/pico-sdk/src/rp2_common/pico_stdio/stdio.c.obj
 .text.stdio_stack_buffer_flush
                0x00000000100043d0       0x44 CMakeFiles/Keyboard.dir/home/sidney/pico/pico-sdk/src/rp2_common/pico_stdio/stdio.c.obj
 .text.stdio_buffered_printer
                0x0000000010004414       0x20 CMakeFiles/Keyboard.dir/home/sidney/pico/pico-sdk/src/rp2_common/pico_stdio/stdio.c.obj
 .text.stdout_serialize_begin
                0x0000000010004434       0x5c CMakeFiles/Keyboard.dir/home/sidney/pico/pico-sdk/src/rp2_common/pico_stdio/stdio.c.obj
                0x0000000010004434                stdout_serialize_begin
 .text.stdout_serialize_end
                0x0000000010004490       0x10 CMakeFiles/Keyboard.dir/home/sidney/pico/pico-sdk/src/rp2_common/pico_stdio/stdio.c.obj
                0x0000000010004490                stdout_serialize_end
 .text.stdio_put_string
                0x00000000100044a0       0x98 CMakeFiles/Keyboard.dir/home/sidney/pico/pico-sdk/src/rp2_common/pico_stdio/stdio.c.obj
 .text.stdio_set_driver_enabled
                0x0000000010004538       0x2c CMakeFiles/Keyboard.dir/home/sidney/pico/pico-sdk/src/rp2_common/pico_stdio/stdio.c.obj
                0x0000000010004538                stdio_set_driver_enabled
 .text.stdio_flush
                0x0000000010004564       0x20 CMakeFiles/Keyboard.dir/home/sidney/pico/pico-sdk/src/rp2_common/pico_stdio/stdio.c.obj
                0x0000000010004564                stdio_flush
 .text.__wrap_puts
                0x0000000010004584       0x1e CMakeFiles/Keyboard.dir/home/sidney/pico/pico-sdk/src/rp2_common/pico_stdio/stdio.c.obj
                0x0000000010004584                __wrap_puts
 *fill*         0x00000000100045a2        0x2 
 .text.__wrap_vprintf
                0x00000000100045a4       0x40 CMakeFiles/Keyboard.dir/home/sidney/pico/pico-sdk/src/rp2_common/pico_stdio/stdio.c.obj
                0x00000000100045a4                __wrap_vprintf
 .text.__wrap_printf
                0x00000000100045e4       0x18 CMakeFiles/Keyboard.dir/home/sidney/pico/pico-sdk/src/rp2_common/pico_stdio/stdio.c.obj
                0x00000000100045e4                __wrap_printf
 .text.stdio_uart_out_chars
                0x00000000100045fc       0x74 CMakeFiles/Keyboard.dir/home/sidney/pico/pico-sdk/src/rp2_common/pico_stdio_uart/stdio_uart.c.obj
 .text.stdio_uart_in_chars
                0x0000000010004670       0x80 CMakeFiles/Keyboard.dir/home/sidney/pico/pico-sdk/src/rp2_common/pico_stdio_uart/stdio_uart.c.obj
                0x0000000010004670                stdio_uart_in_chars
 .text.on_uart_rx
                0x00000000100046f0       0x28 CMakeFiles/Keyboard.dir/home/sidney/pico/pico-sdk/src/rp2_common/pico_stdio_uart/stdio_uart.c.obj
 .text.stdio_uart_set_chars_available_callback
                0x0000000010004718       0x8c CMakeFiles/Keyboard.dir/home/sidney/pico/pico-sdk/src/rp2_common/pico_stdio_uart/stdio_uart.c.obj
 .text.stdio_uart_init_full
                0x00000000100047a4       0x44 CMakeFiles/Keyboard.dir/home/sidney/pico/pico-sdk/src/rp2_common/pico_stdio_uart/stdio_uart.c.obj
                0x00000000100047a4                stdio_uart_init_full
 .text.board_init
                0x00000000100047e8       0x30 CMakeFiles/Keyboard.dir/home/sidney/pico/pico-sdk/lib/tinyusb/hw/bsp/rp2040/family.c.obj
                0x00000000100047e8                board_init
 .text.spi_set_baudrate
                0x0000000010004818       0x92 CMakeFiles/Keyboard.dir/home/sidney/pico/pico-sdk/src/rp2_common/hardware_spi/spi.c.obj
                0x0000000010004818                spi_set_baudrate
 *fill*         0x00000000100048aa        0x2 
 .text.spi_init
                0x00000000100048ac       0x68 CMakeFiles/Keyboard.dir/home/sidney/pico/pico-sdk/src/rp2_common/hardware_spi/spi.c.obj
                0x00000000100048ac                spi_init
 .text          0x0000000010004914      0x66c lib/liblvgl.a(lv_disp.c.obj)
                0x00000000100049ec                lv_disp_get_scr_act
                0x0000000010004a24                lv_disp_get_scr_prev
                0x0000000010004a38                lv_disp_get_layer_top
                0x0000000010004a4c                lv_disp_get_layer_sys
                0x0000000010004a60                lv_disp_set_theme
                0x0000000010004aae                lv_disp_get_theme
                0x0000000010004abe                lv_disp_set_bg_color
                0x0000000010004b0a                lv_disp_set_bg_image
                0x0000000010004b56                lv_disp_set_bg_opa
                0x0000000010004ba4                lv_scr_load_anim
                0x0000000010004e8c                lv_disp_load_scr
                0x0000000010004ea0                lv_disp_get_inactive_time
                0x0000000010004ee2                lv_disp_trig_activity
                0x0000000010004f00                lv_disp_clean_dcache
                0x0000000010004f1c                lv_disp_enable_invalidation
                0x0000000010004f4a                lv_disp_is_invalidation_enabled
                0x0000000010004f6c                _lv_disp_get_refr_timer
 .text          0x0000000010004f80      0x614 lib/liblvgl.a(lv_event.c.obj)
                0x0000000010004fe4                lv_obj_event_base
                0x000000001000514e                lv_event_send
                0x000000001000519c                lv_event_get_target
                0x00000000100051a0                lv_event_get_current_target
                0x00000000100051a4                lv_event_get_code
                0x00000000100051ac                lv_event_get_param
                0x00000000100051b0                lv_event_get_user_data
                0x00000000100051b4                lv_event_stop_bubbling
                0x00000000100051be                lv_event_stop_processing
                0x00000000100051c8                lv_event_register_id
                0x00000000100051d8                _lv_event_mark_deleted
                0x0000000010005200                lv_obj_add_event_cb
                0x000000001000529c                lv_obj_remove_event_cb
                0x000000001000532c                lv_obj_remove_event_cb_with_user_data
                0x00000000100053d0                lv_obj_remove_event_dsc
                0x0000000010005460                lv_obj_get_event_user_data
                0x0000000010005492                lv_event_get_indev
                0x00000000100054a8                lv_event_get_draw_part_dsc
                0x00000000100054be                lv_event_get_draw_ctx
                0x00000000100054e2                lv_event_get_old_size
                0x00000000100054f4                lv_event_get_key
                0x0000000010005510                lv_event_get_scroll_anim
                0x0000000010005522                lv_event_set_ext_draw_size
                0x0000000010005542                lv_event_get_self_size_info
                0x0000000010005554                lv_event_get_hit_test_info
                0x0000000010005566                lv_event_get_cover_area
                0x000000001000557a                lv_event_set_cover_res
 .text          0x0000000010005594     0x1204 lib/liblvgl.a(lv_indev.c.obj)
                0x0000000010006030                lv_indev_enable
                0x0000000010006070                lv_indev_get_act
                0x000000001000607c                lv_indev_get_type
                0x000000001000608a                lv_indev_reset
                0x0000000010006140                lv_indev_reset_long_press
                0x000000001000615a                lv_indev_set_cursor
                0x000000001000619c                lv_indev_set_group
                0x00000000100061ac                lv_indev_set_button_points
                0x00000000100061ba                lv_indev_get_point
                0x00000000100061ea                lv_indev_get_gesture_dir
                0x00000000100061f2                lv_indev_get_key
                0x0000000010006202                lv_indev_get_scroll_dir
                0x0000000010006224                lv_indev_get_scroll_obj
                0x000000001000623c                lv_indev_get_vect
                0x0000000010006260                lv_indev_wait_release
                0x000000001000626e                lv_indev_get_obj_act
                0x0000000010006278                lv_indev_get_read_timer
                0x0000000010006280                lv_indev_search_obj
                0x00000000100066c6                lv_indev_read_timer_cb
 .text          0x0000000010006798      0xddc lib/liblvgl.a(lv_indev_scroll.c.obj)
                0x0000000010007124                _lv_indev_scroll_handler
                0x00000000100072d4                _lv_indev_scroll_throw_handler
                0x0000000010007508                lv_indev_scroll_throw_predict
                0x000000001000754a                lv_indev_scroll_get_snap_dist
 .text          0x0000000010007574      0xf54 lib/liblvgl.a(lv_obj.c.obj)
                0x0000000010007df8                lv_is_initialized
                0x0000000010007e04                lv_init
                0x0000000010007e60                lv_deinit
                0x0000000010007e7c                lv_obj_create
                0x0000000010007e94                lv_obj_add_flag
                0x0000000010007f0c                lv_obj_clear_flag
                0x0000000010007f86                lv_obj_add_state
                0x0000000010007f98                lv_obj_clear_state
                0x0000000010007fb0                lv_obj_has_flag
                0x0000000010007fbe                lv_obj_has_flag_any
                0x0000000010007fca                lv_obj_get_state
                0x0000000010007fce                lv_obj_has_state
                0x0000000010007fda                lv_obj_get_group
                0x0000000010008410                lv_obj_allocate_spec_attr
                0x0000000010008454                lv_obj_check_type
                0x0000000010008468                lv_obj_has_class
                0x000000001000847e                lv_obj_get_class
                0x0000000010008482                lv_obj_is_valid
 .text          0x00000000100084c8      0x210 lib/liblvgl.a(lv_obj_class.c.obj)
                0x0000000010008510                lv_obj_class_create_obj
                0x00000000100085ec                _lv_obj_destruct
                0x000000001000860e                lv_obj_is_editable
                0x0000000010008636                lv_obj_is_group_def
                0x0000000010008660                lv_obj_class_init_obj
 .text          0x00000000100086d8      0x79e lib/liblvgl.a(lv_obj_draw.c.obj)
                0x00000000100086d8                lv_obj_init_draw_rect_dsc
                0x00000000100089da                lv_obj_init_draw_label_dsc
                0x0000000010008a9a                lv_obj_init_draw_img_dsc
                0x0000000010008b56                lv_obj_init_draw_line_dsc
                0x0000000010008c24                lv_obj_init_draw_arc_dsc
                0x0000000010008cd2                lv_obj_calculate_ext_draw_size
                0x0000000010008dbc                lv_obj_draw_dsc_init
                0x0000000010008dcc                lv_obj_draw_part_check_type
                0x0000000010008de4                _lv_obj_get_ext_draw_size
                0x0000000010008df4                lv_obj_refresh_ext_draw_size
                0x0000000010008e66                _lv_obj_get_layer_type
 *fill*         0x0000000010008e76        0x2 
 .text          0x0000000010008e78     0x1b8c lib/liblvgl.a(lv_obj_pos.c.obj)
                0x0000000010008f9c                lv_obj_set_x
                0x0000000010008fcc                lv_obj_set_y
                0x0000000010008ffc                lv_obj_set_pos
                0x0000000010009010                lv_obj_set_width
                0x0000000010009040                lv_obj_set_height
                0x0000000010009070                lv_obj_set_size
                0x0000000010009084                lv_obj_set_content_width
                0x00000000100090c2                lv_obj_set_content_height
                0x0000000010009100                lv_obj_is_layout_positioned
                0x0000000010009134                lv_obj_mark_layout_as_dirty
                0x000000001000915c                lv_obj_set_layout
                0x0000000010009170                lv_layout_register
                0x00000000100091b4                lv_obj_set_align
                0x00000000100091be                lv_obj_align
                0x00000000100091d8                lv_obj_get_coords
                0x00000000100091f2                lv_obj_get_x
                0x0000000010009238                lv_obj_get_y
                0x000000001000927e                lv_obj_get_x_aligned
                0x000000001000928c                lv_obj_get_y_aligned
                0x000000001000929a                lv_obj_get_width
                0x00000000100092aa                lv_obj_get_x2
                0x00000000100092c2                lv_obj_get_height
                0x00000000100092d2                lv_obj_get_y2
                0x00000000100092ea                lv_obj_get_content_width
                0x000000001000932a                lv_obj_get_content_height
                0x000000001000936a                lv_obj_get_content_coords
                0x00000000100093d8                lv_obj_get_self_width
                0x00000000100095fc                lv_obj_get_self_height
                0x000000001000974c                lv_obj_refresh_self_size
                0x0000000010009784                lv_obj_move_children_by
                0x00000000100097fa                lv_obj_transform_point
                0x0000000010009864                lv_obj_get_transformed_area
                0x00000000100099ae                lv_obj_area_is_visible
                0x0000000010009acc                lv_obj_invalidate_area
                0x0000000010009b1e                lv_obj_invalidate
                0x0000000010009b66                lv_obj_move_to
                0x0000000010009cce                lv_obj_refr_pos
                0x0000000010009fa4                lv_obj_is_visible
                0x0000000010009fec                lv_obj_set_ext_click_area
                0x0000000010009ffc                lv_obj_get_click_area
                0x000000001000a03c                lv_obj_hit_test
                0x000000001000a09e                lv_clamp_width
                0x000000001000a124                lv_clamp_height
                0x000000001000a1a8                lv_obj_refr_size
                0x000000001000a560                lv_obj_update_layout
                0x000000001000a5a0                lv_obj_align_to
 .text          0x000000001000aa04     0x1430 lib/liblvgl.a(lv_obj_scroll.c.obj)
                0x000000001000aa12                lv_obj_set_scrollbar_mode
                0x000000001000aa3e                lv_obj_set_scroll_dir
                0x000000001000aa64                lv_obj_set_scroll_snap_x
                0x000000001000aa82                lv_obj_set_scroll_snap_y
                0x000000001000aaa0                lv_obj_get_scrollbar_mode
                0x000000001000aab2                lv_obj_get_scroll_dir
                0x000000001000aac4                lv_obj_get_scroll_snap_x
                0x000000001000aad6                lv_obj_get_scroll_snap_y
                0x000000001000aae8                lv_obj_get_scroll_x
                0x000000001000aafa                lv_obj_get_scroll_y
                0x000000001000ab0c                lv_obj_get_scroll_top
                0x000000001000ab1e                lv_obj_get_scroll_bottom
                0x000000001000abe0                lv_obj_get_scroll_left
                0x000000001000ace0                lv_obj_get_scroll_right
                0x000000001000adc0                lv_obj_get_scroll_end
                0x000000001000ae08                _lv_obj_scroll_by_raw
                0x000000001000ae88                lv_obj_scroll_by
                0x000000001000afb0                lv_obj_scroll_by_bounded
                0x000000001000b0ac                lv_obj_scroll_to_x
                0x000000001000b0d4                lv_obj_scroll_to_y
                0x000000001000b0fc                lv_obj_scroll_to
                0x000000001000b484                lv_obj_scroll_to_view
                0x000000001000b4aa                lv_obj_scroll_to_view_recursive
                0x000000001000b4e8                lv_obj_is_scrolling
                0x000000001000b514                lv_obj_update_snap
                0x000000001000b540                lv_obj_get_scrollbar_area
                0x000000001000bd42                lv_obj_scrollbar_invalidate
                0x000000001000bd90                lv_obj_readjust_scroll
 .text          0x000000001000be34     0x10bc lib/liblvgl.a(lv_obj_style.c.obj)
                0x000000001000c0c8                _lv_obj_style_init
                0x000000001000c0d8                lv_obj_enable_style_refresh
                0x000000001000c0e4                lv_obj_get_local_style_prop
                0x000000001000c11a                lv_obj_fade_in
                0x000000001000c158                lv_obj_style_get_selector_state
                0x000000001000c15c                _lv_obj_style_state_compare
                0x000000001000c3e6                lv_obj_style_get_selector_part
                0x000000001000c528                lv_obj_get_style_prop
                0x000000001000c5d2                lv_obj_fade_out
                0x000000001000c66a                _lv_obj_style_create_transition
                0x000000001000c7c0                _lv_obj_style_apply_color_filter
                0x000000001000c804                lv_obj_refresh_style
                0x000000001000c95c                lv_obj_add_style
                0x000000001000ca6c                lv_obj_report_style_change
                0x000000001000caac                lv_obj_set_local_style_prop
                0x000000001000cad0                lv_obj_set_local_style_prop_meta
                0x000000001000caf4                lv_obj_remove_local_style_prop
                0x000000001000cca4                lv_obj_remove_style
                0x000000001000cecc                lv_obj_calculate_style_text_align
 .text          0x000000001000cef0      0x498 lib/liblvgl.a(lv_obj_style_gen.c.obj)
                0x000000001000cef0                lv_obj_set_style_width
                0x000000001000cefe                lv_obj_set_style_min_width
                0x000000001000cf0c                lv_obj_set_style_max_width
                0x000000001000cf1a                lv_obj_set_style_height
                0x000000001000cf28                lv_obj_set_style_min_height
                0x000000001000cf36                lv_obj_set_style_max_height
                0x000000001000cf44                lv_obj_set_style_x
                0x000000001000cf52                lv_obj_set_style_y
                0x000000001000cf60                lv_obj_set_style_align
                0x000000001000cf6e                lv_obj_set_style_transform_width
                0x000000001000cf7c                lv_obj_set_style_transform_height
                0x000000001000cf8a                lv_obj_set_style_translate_x
                0x000000001000cf98                lv_obj_set_style_translate_y
                0x000000001000cfa6                lv_obj_set_style_transform_zoom
                0x000000001000cfb4                lv_obj_set_style_transform_angle
                0x000000001000cfc2                lv_obj_set_style_transform_pivot_x
                0x000000001000cfd0                lv_obj_set_style_transform_pivot_y
                0x000000001000cfde                lv_obj_set_style_pad_top
                0x000000001000cfec                lv_obj_set_style_pad_bottom
                0x000000001000cffa                lv_obj_set_style_pad_left
                0x000000001000d008                lv_obj_set_style_pad_right
                0x000000001000d016                lv_obj_set_style_pad_row
                0x000000001000d024                lv_obj_set_style_pad_column
                0x000000001000d032                lv_obj_set_style_bg_color
                0x000000001000d040                lv_obj_set_style_bg_opa
                0x000000001000d04e                lv_obj_set_style_bg_grad_color
                0x000000001000d05c                lv_obj_set_style_bg_grad_dir
                0x000000001000d06a                lv_obj_set_style_bg_main_stop
                0x000000001000d078                lv_obj_set_style_bg_grad_stop
                0x000000001000d086                lv_obj_set_style_bg_grad
                0x000000001000d094                lv_obj_set_style_bg_dither_mode
                0x000000001000d0a2                lv_obj_set_style_bg_img_src
                0x000000001000d0b0                lv_obj_set_style_bg_img_opa
                0x000000001000d0be                lv_obj_set_style_bg_img_recolor
                0x000000001000d0cc                lv_obj_set_style_bg_img_recolor_opa
                0x000000001000d0da                lv_obj_set_style_bg_img_tiled
                0x000000001000d0e8                lv_obj_set_style_border_color
                0x000000001000d0f6                lv_obj_set_style_border_opa
                0x000000001000d104                lv_obj_set_style_border_width
                0x000000001000d112                lv_obj_set_style_border_side
                0x000000001000d120                lv_obj_set_style_border_post
                0x000000001000d12e                lv_obj_set_style_outline_width
                0x000000001000d13c                lv_obj_set_style_outline_color
                0x000000001000d14a                lv_obj_set_style_outline_opa
                0x000000001000d158                lv_obj_set_style_outline_pad
                0x000000001000d166                lv_obj_set_style_shadow_width
                0x000000001000d174                lv_obj_set_style_shadow_ofs_x
                0x000000001000d182                lv_obj_set_style_shadow_ofs_y
                0x000000001000d190                lv_obj_set_style_shadow_spread
                0x000000001000d19e                lv_obj_set_style_shadow_color
                0x000000001000d1ac                lv_obj_set_style_shadow_opa
                0x000000001000d1ba                lv_obj_set_style_img_opa
                0x000000001000d1c8                lv_obj_set_style_img_recolor
                0x000000001000d1d6                lv_obj_set_style_img_recolor_opa
                0x000000001000d1e4                lv_obj_set_style_line_width
                0x000000001000d1f2                lv_obj_set_style_line_dash_width
                0x000000001000d200                lv_obj_set_style_line_dash_gap
                0x000000001000d20e                lv_obj_set_style_line_rounded
                0x000000001000d21c                lv_obj_set_style_line_color
                0x000000001000d22a                lv_obj_set_style_line_opa
                0x000000001000d238                lv_obj_set_style_arc_width
                0x000000001000d246                lv_obj_set_style_arc_rounded
                0x000000001000d254                lv_obj_set_style_arc_color
                0x000000001000d262                lv_obj_set_style_arc_opa
                0x000000001000d270                lv_obj_set_style_arc_img_src
                0x000000001000d27e                lv_obj_set_style_text_color
                0x000000001000d28c                lv_obj_set_style_text_opa
                0x000000001000d29a                lv_obj_set_style_text_font
                0x000000001000d2a8                lv_obj_set_style_text_letter_space
                0x000000001000d2b6                lv_obj_set_style_text_line_space
                0x000000001000d2c4                lv_obj_set_style_text_decor
                0x000000001000d2d2                lv_obj_set_style_text_align
                0x000000001000d2e0                lv_obj_set_style_radius
                0x000000001000d2ee                lv_obj_set_style_clip_corner
                0x000000001000d2fc                lv_obj_set_style_opa
                0x000000001000d30a                lv_obj_set_style_color_filter_dsc
                0x000000001000d318                lv_obj_set_style_color_filter_opa
                0x000000001000d326                lv_obj_set_style_anim
                0x000000001000d334                lv_obj_set_style_anim_time
                0x000000001000d342                lv_obj_set_style_anim_speed
                0x000000001000d350                lv_obj_set_style_transition
                0x000000001000d35e                lv_obj_set_style_blend_mode
                0x000000001000d36c                lv_obj_set_style_layout
                0x000000001000d37a                lv_obj_set_style_base_dir
 .text          0x000000001000d388      0x54c lib/liblvgl.a(lv_obj_tree.c.obj)
                0x000000001000d388                lv_obj_del_delayed
                0x000000001000d3b8                lv_obj_del_async
                0x000000001000d3c8                lv_obj_get_parent
                0x000000001000d3d0                lv_obj_get_screen
                0x000000001000d3e0                lv_obj_get_disp
                0x000000001000d420                lv_obj_get_child
                0x000000001000d44c                lv_obj_get_child_cnt
                0x000000001000d4d2                lv_obj_get_index
                0x000000001000d612                lv_obj_del
                0x000000001000d684                lv_obj_del_anim_ready_cb
                0x000000001000d696                lv_obj_clean
                0x000000001000d6d4                lv_obj_set_parent
                0x000000001000d7b0                lv_obj_move_to_index
                0x000000001000d830                lv_obj_swap
                0x000000001000d8ca                lv_obj_tree_walk
 .text          0x000000001000d8d4     0x12ac lib/liblvgl.a(lv_refr.c.obj)
                0x000000001000e0e0                _lv_refr_init
                0x000000001000e0e2                lv_obj_redraw
                0x000000001000e940                _lv_inv_area
                0x000000001000ea60                _lv_refr_get_disp_refreshing
                0x000000001000ea6c                _lv_refr_set_disp_refreshing
                0x000000001000ea78                _lv_disp_refr_timer
                0x000000001000eb44                lv_refr_now
 .text          0x000000001000eb80       0xd4 lib/liblvgl.a(lv_theme.c.obj)
                0x000000001000eb9e                lv_theme_get_from_obj
                0x000000001000ebb4                lv_theme_apply
                0x000000001000ebd8                lv_theme_set_parent
                0x000000001000ebdc                lv_theme_set_apply_cb
                0x000000001000ebe0                lv_theme_get_font_small
                0x000000001000ebf8                lv_theme_get_font_normal
                0x000000001000ec10                lv_theme_get_font_large
                0x000000001000ec28                lv_theme_get_color_primary
                0x000000001000ec3e                lv_theme_get_color_secondary
 .text          0x000000001000ec54        0xe lib/liblvgl.a(lv_draw.c.obj)
                0x000000001000ec54                lv_draw_init
                0x000000001000ec56                lv_draw_wait_for_finish
 *fill*         0x000000001000ec62        0x2 
 .text          0x000000001000ec64      0x3cc lib/liblvgl.a(lv_draw_img.c.obj)
                0x000000001000ecb4                lv_draw_img_dsc_init
                0x000000001000ecd4                lv_img_cf_get_px_size
                0x000000001000ed04                lv_img_cf_is_chroma_keyed
                0x000000001000ed18                lv_img_cf_has_alpha
                0x000000001000ed38                lv_img_src_get_type
                0x000000001000ed5e                lv_draw_img_decoded
                0x000000001000efd8                lv_draw_img
 .text          0x000000001000f030      0x6d4 lib/liblvgl.a(lv_draw_label.c.obj)
                0x000000001000f074                lv_draw_label_dsc_init
                0x000000001000f0ac                lv_draw_letter
                0x000000001000f0b4                lv_draw_label
 .text          0x000000001000f704       0xc0 lib/liblvgl.a(lv_draw_layer.c.obj)
                0x000000001000f704                lv_draw_layer_create
                0x000000001000f768                lv_draw_layer_adjust
                0x000000001000f774                lv_draw_layer_blend
                0x000000001000f780                lv_draw_layer_destroy
 .text          0x000000001000f7c4       0x2e lib/liblvgl.a(lv_draw_line.c.obj)
                0x000000001000f7c4                lv_draw_line_dsc_init
                0x000000001000f7dc                lv_draw_line
 *fill*         0x000000001000f7f2        0x2 
 .text          0x000000001000f7f4     0x1c30 lib/liblvgl.a(lv_draw_mask.c.obj)
                0x00000000100109f0                lv_draw_mask_add
                0x0000000010010a24                lv_draw_mask_apply
                0x0000000010010a80                lv_draw_mask_apply_ids
                0x0000000010010afc                lv_draw_mask_remove_id
                0x0000000010010b18                lv_draw_mask_remove_custom
                0x0000000010010b4c                lv_draw_mask_free_param
                0x0000000010010b86                _lv_draw_mask_cleanup
                0x0000000010010bc0                lv_draw_mask_get_cnt
                0x0000000010010be4                lv_draw_mask_is_any
                0x0000000010010c50                lv_draw_mask_line_points_init
                0x000000001001107a                lv_draw_mask_line_angle_init
                0x00000000100110d4                lv_draw_mask_angle_init
                0x00000000100111ac                lv_draw_mask_radius_init
                0x0000000010011304                lv_draw_mask_fade_init
                0x0000000010011340                lv_draw_mask_map_init
                0x000000001001136c                lv_draw_mask_polygon_init
 .text          0x0000000010011424       0x84 lib/liblvgl.a(lv_draw_rect.c.obj)
                0x0000000010011424                lv_draw_rect_dsc_init
                0x0000000010011480                lv_draw_rect
 .text          0x00000000100114a8      0x7b4 lib/liblvgl.a(lv_img_buf.c.obj)
                0x00000000100114a8                lv_img_buf_get_px_color
                0x00000000100115d6                lv_img_buf_get_px_alpha
                0x00000000100116d0                lv_img_buf_set_px_alpha
                0x00000000100117cc                lv_img_buf_set_px_color
                0x000000001001192c                lv_img_buf_set_palette
                0x00000000100119be                lv_img_buf_free
                0x00000000100119d6                lv_img_buf_get_img_size
                0x0000000010011a74                lv_img_buf_alloc
                0x0000000010011b00                _lv_img_buf_get_transformed_area
 .text          0x0000000010011c5c       0x68 lib/liblvgl.a(lv_img_cache.c.obj)
                0x0000000010011c5c                _lv_img_cache_open
                0x0000000010011cc0                lv_img_cache_set_size
                0x0000000010011cc2                lv_img_cache_invalidate_src
 .text          0x0000000010011cc4      0x944 lib/liblvgl.a(lv_img_decoder.c.obj)
                0x0000000010011cc4                lv_img_decoder_built_in_info
                0x0000000010011db0                lv_img_decoder_built_in_close
                0x0000000010011de8                lv_img_decoder_built_in_open
                0x00000000100123a2                lv_img_decoder_built_in_read_line
                0x0000000010012404                lv_img_decoder_get_info
                0x0000000010012460                lv_img_decoder_open
                0x0000000010012530                lv_img_decoder_read_line
                0x0000000010012554                lv_img_decoder_close
                0x000000001001257c                lv_img_decoder_create
                0x0000000010012598                lv_img_decoder_delete
                0x00000000100125b0                lv_img_decoder_set_info_cb
                0x00000000100125b4                lv_img_decoder_set_open_cb
                0x00000000100125b8                lv_img_decoder_set_read_line_cb
                0x00000000100125bc                lv_img_decoder_set_close_cb
                0x00000000100125c0                _lv_img_decoder_init
 .text          0x0000000010012608        0xc lib/liblvgl.a(lv_extra.c.obj)
                0x0000000010012608                lv_extra_init
 .text          0x0000000010012614       0xf8 lib/liblvgl.a(lv_font.c.obj)
                0x0000000010012614                lv_font_get_glyph_bitmap
                0x0000000010012622                lv_font_get_glyph_dsc
                0x00000000100126f0                lv_font_get_glyph_width
 .text          0x000000001001270c      0x2c0 lib/liblvgl.a(lv_font_fmt_txt.c.obj)
                0x00000000100128e0                lv_font_get_bitmap_fmt_txt
                0x0000000010012918                lv_font_get_glyph_dsc_fmt_txt
                0x00000000100129ca                _lv_font_clean_up_fmt_txt
 .text          0x00000000100129cc      0x8b4 lib/liblvgl.a(lv_hal_disp.c.obj)
                0x0000000010012ccc                lv_disp_drv_init
                0x0000000010012d24                lv_disp_draw_buf_init
                0x0000000010012d3e                lv_disp_drv_register
                0x0000000010012e88                lv_disp_set_default
                0x0000000010012e94                lv_disp_get_default
                0x0000000010012ea0                lv_disp_remove
                0x0000000010012f2c                lv_disp_get_hor_res
                0x0000000010012f5c                lv_disp_get_ver_res
                0x0000000010012f8c                lv_disp_drv_update
                0x0000000010013050                lv_disp_get_physical_hor_res
                0x0000000010013092                lv_disp_get_physical_ver_res
                0x00000000100130d4                lv_disp_get_offset_x
                0x0000000010013124                lv_disp_get_offset_y
                0x0000000010013174                lv_disp_get_antialiasing
                0x0000000010013194                lv_disp_get_dpi
                0x00000000100131b2                lv_disp_flush_ready
                0x00000000100131be                lv_disp_flush_is_last
                0x00000000100131ca                lv_disp_get_next
                0x00000000100131e4                lv_disp_get_draw_buf
                0x00000000100131ea                lv_disp_set_rotation
                0x0000000010013216                lv_disp_get_rotation
                0x0000000010013234                lv_disp_drv_use_generic_set_px_cb
 .text          0x0000000010013280      0x168 lib/liblvgl.a(lv_hal_indev.c.obj)
                0x0000000010013280                lv_indev_drv_init
                0x00000000100132aa                lv_indev_drv_register
                0x00000000100132f8                lv_indev_drv_update
                0x0000000010013358                lv_indev_delete
                0x0000000010013388                lv_indev_get_next
                0x00000000100133a4                _lv_indev_read
 .text          0x00000000100133e8       0x3c lib/liblvgl.a(lv_hal_tick.c.obj)
                0x00000000100133e8                lv_tick_inc
                0x00000000100133fc                lv_tick_get
                0x0000000010013410                lv_tick_elaps
 .text          0x0000000010013424      0x638 lib/liblvgl.a(lv_anim.c.obj)
                0x00000000100135ec                lv_anim_path_linear
                0x0000000010013614                _lv_anim_core_init
                0x0000000010013644                lv_anim_init
                0x0000000010013678                lv_anim_get_playtime
                0x00000000100136c4                lv_anim_del
                0x0000000010013730                lv_anim_start
                0x00000000100137c8                lv_anim_del_all
                0x00000000100137dc                lv_anim_get
                0x0000000010013810                lv_anim_get_timer
                0x000000001001381c                lv_anim_count_running
                0x0000000010013844                lv_anim_speed_to_time
                0x000000001001386a                lv_anim_refr_now
                0x0000000010013874                lv_anim_path_ease_in
                0x00000000100138a8                lv_anim_path_ease_out
                0x00000000100138e4                lv_anim_path_ease_in_out
                0x000000001001391a                lv_anim_path_overshoot
                0x0000000010013954                lv_anim_path_bounce
                0x0000000010013a4c                lv_anim_path_step
 .text          0x0000000010013a5c      0xa30 lib/liblvgl.a(lv_area.c.obj)
                0x0000000010013a9e                lv_area_set
                0x0000000010013ab0                lv_area_set_width
                0x0000000010013abc                lv_area_set_height
                0x0000000010013ac8                _lv_area_set_pos
                0x0000000010013afa                lv_area_get_size
                0x0000000010013b18                lv_area_increase
                0x0000000010013b36                lv_area_move
                0x0000000010013b54                _lv_area_intersect
                0x0000000010013bba                _lv_area_join
                0x0000000010013c06                _lv_area_is_point_on
                0x0000000010013d82                _lv_area_is_on
                0x0000000010013dc8                _lv_area_is_in
                0x0000000010013e7e                _lv_area_is_out
                0x0000000010013f4e                _lv_area_is_equal
                0x0000000010013f94                lv_area_align
                0x00000000100142f4                lv_point_transform
 .text          0x000000001001448c       0xb0 lib/liblvgl.a(lv_async.c.obj)
                0x000000001001449e                lv_async_call
                0x00000000100144dc                lv_async_call_cancel
 .text          0x000000001001453c      0x3b0 lib/liblvgl.a(lv_color.c.obj)
                0x000000001001453c                lv_color_fill
                0x0000000010014576                lv_color_lighten
                0x00000000100145b4                lv_color_darken
                0x00000000100145d8                lv_color_change_lightness
                0x00000000100145fc                lv_color_hsv_to_rgb
                0x00000000100146e4                lv_color_rgb_to_hsv
                0x0000000010014822                lv_color_to_hsv
                0x000000001001488a                lv_palette_main
                0x00000000100148a0                lv_palette_lighten
                0x00000000100148c8                lv_palette_darken
 .text          0x00000000100148ec      0x5b8 lib/liblvgl.a(lv_fs.c.obj)
                0x0000000010014a52                _lv_fs_init
                0x0000000010014a64                lv_fs_close
                0x0000000010014aac                lv_fs_read
                0x0000000010014afc                lv_fs_write
                0x0000000010014b3c                lv_fs_seek
                0x0000000010014be8                lv_fs_tell
                0x0000000010014c20                lv_fs_dir_read
                0x0000000010014c4a                lv_fs_dir_close
                0x0000000010014c76                lv_fs_drv_init
                0x0000000010014c80                lv_fs_drv_register
                0x0000000010014c98                lv_fs_get_drv
                0x0000000010014cc4                lv_fs_is_ready
                0x0000000010014ce0                lv_fs_open
                0x0000000010014d66                lv_fs_dir_open
                0x0000000010014db8                lv_fs_get_letters
                0x0000000010014dec                lv_fs_get_ext
                0x0000000010014e20                lv_fs_up
                0x0000000010014e66                lv_fs_get_last
 .text          0x0000000010014ea4       0xcc lib/liblvgl.a(lv_gc.c.obj)
                0x0000000010014ea4                _lv_gc_clear_roots
 .text          0x0000000010014f70      0x2f6 lib/liblvgl.a(lv_ll.c.obj)
                0x0000000010014f86                _lv_ll_init
                0x0000000010014f96                _lv_ll_ins_head
                0x0000000010014fd8                _lv_ll_ins_tail
                0x000000001001501a                _lv_ll_get_head
                0x0000000010015022                _lv_ll_get_tail
                0x000000001001502a                _lv_ll_get_next
                0x0000000010015032                _lv_ll_get_prev
                0x0000000010015038                _lv_ll_ins_prev
                0x00000000100150a2                _lv_ll_remove
                0x0000000010015124                _lv_ll_clear
                0x0000000010015150                _lv_ll_chg_list
                0x00000000100151c0                _lv_ll_get_len
                0x00000000100151e0                _lv_ll_move_before
                0x0000000010015246                _lv_ll_is_empty
 *fill*         0x0000000010015266        0x2 
 .text          0x0000000010015268      0x264 lib/liblvgl.a(lv_math.c.obj)
                0x0000000010015268                lv_trigo_sin
                0x00000000100152d8                lv_bezier3
                0x0000000010015334                lv_sqrt
                0x000000001001535c                lv_atan2
                0x0000000010015412                lv_pow
                0x000000001001545c                lv_map
                0x00000000100154a4                lv_rand
 .text          0x00000000100154cc      0x4e8 lib/liblvgl.a(lv_mem.c.obj)
                0x00000000100154ee                lv_mem_init
                0x0000000010015508                lv_mem_deinit
                0x000000001001551c                lv_mem_alloc
                0x0000000010015554                lv_mem_free
                0x0000000010015588                lv_mem_realloc
                0x00000000100155bc                lv_mem_test
                0x0000000010015600                lv_mem_buf_get
                0x00000000100156b4                lv_mem_buf_release
                0x00000000100156e0                lv_mem_buf_free_all
                0x0000000010015718                lv_memcpy
                0x0000000010015834                lv_memset
                0x0000000010015894                lv_mem_monitor
                0x00000000100158f8                lv_memset_00
                0x0000000010015954                lv_memset_ff
 .text          0x00000000100159b4      0x4d0 lib/liblvgl.a(lv_style.c.obj)
                0x00000000100159be                lv_style_init
                0x00000000100159c8                lv_style_reset
                0x00000000100159f0                lv_style_register_prop
                0x0000000010015a74                lv_style_get_num_custom_props
                0x0000000010015a84                lv_style_remove_prop
                0x0000000010015b7c                lv_style_transition_dsc_init
                0x0000000010015ba8                lv_style_prop_get_default
                0x0000000010015bfc                lv_style_get_prop
                0x0000000010015cc4                lv_style_is_empty
                0x0000000010015cce                _lv_style_get_prop_group
                0x0000000010015e08                lv_style_set_prop
                0x0000000010015e18                lv_style_set_prop_meta
                0x0000000010015e34                _lv_style_prop_lookup_flags
 .text          0x0000000010015e84      0x294 lib/liblvgl.a(lv_timer.c.obj)
                0x0000000010015e9c                lv_timer_create
                0x0000000010015edc                lv_timer_create_basic
                0x0000000010015eec                lv_timer_set_cb
                0x0000000010015ef0                lv_timer_del
                0x0000000010015f74                lv_timer_handler
                0x0000000010016094                lv_timer_pause
                0x000000001001609e                lv_timer_resume
                0x00000000100160a8                lv_timer_set_period
                0x00000000100160ac                lv_timer_ready
                0x00000000100160be                lv_timer_set_repeat_count
                0x00000000100160c2                lv_timer_reset
                0x00000000100160ce                lv_timer_enable
                0x00000000100160d8                _lv_timer_core_init
                0x00000000100160f0                lv_timer_get_idle
                0x00000000100160fc                lv_timer_get_next
 .text          0x0000000010016118      0xa38 lib/liblvgl.a(lv_tlsf.c.obj)
                0x00000000100166f6                lv_tlsf_check
                0x00000000100167c6                lv_tlsf_walk_pool
                0x0000000010016824                lv_tlsf_block_size
                0x0000000010016838                lv_tlsf_check_pool
                0x0000000010016854                lv_tlsf_size
                0x000000001001685c                lv_tlsf_align_size
                0x0000000010016860                lv_tlsf_block_size_min
                0x0000000010016864                lv_tlsf_block_size_max
                0x000000001001686a                lv_tlsf_pool_overhead
                0x000000001001686e                lv_tlsf_alloc_overhead
                0x0000000010016872                lv_tlsf_add_pool
                0x00000000100168e8                lv_tlsf_remove_pool
                0x0000000010016946                lv_tlsf_create
                0x000000001001695a                lv_tlsf_create_with_pool
                0x0000000010016978                lv_tlsf_destroy
                0x000000001001697a                lv_tlsf_get_pool
                0x0000000010016986                lv_tlsf_malloc
                0x00000000100169a8                lv_tlsf_memalign
                0x0000000010016a34                lv_tlsf_free
                0x0000000010016a74                lv_tlsf_realloc
 .text          0x0000000010016b50      0x8e4 lib/liblvgl.a(lv_txt.c.obj)
                0x0000000010016e7c                _lv_txt_is_cmd
                0x000000001001706c                _lv_txt_get_next_line
                0x0000000010017190                _lv_txt_ins
                0x00000000100171e8                _lv_txt_cut
                0x000000001001722c                _lv_txt_set_text_vfmt
                0x0000000010017272                _lv_txt_encoded_letter_next_2
                0x00000000100172a0                lv_txt_get_width
                0x000000001001733e                lv_txt_get_size
 .text          0x0000000010017434       0x50 lib/liblvgl.a(lv_utils.c.obj)
                0x0000000010017434                _lv_utils_bsearch
 .text          0x0000000010017484     0x13d4 lib/liblvgl.a(lv_label.c.obj)
                0x00000000100175a2                lv_label_create
                0x00000000100175bc                lv_label_set_text_sel_start
                0x00000000100175c6                lv_label_set_text_sel_end
                0x00000000100175d0                lv_label_get_text
                0x00000000100175d4                lv_label_get_long_mode
                0x00000000100175de                lv_label_get_recolor
                0x00000000100175ea                lv_label_get_letter_pos
                0x000000001001781c                lv_label_get_letter_on
                0x0000000010017fac                lv_label_set_text
                0x0000000010018026                lv_label_set_text_fmt
                0x0000000010018078                lv_label_set_text_static
                0x00000000100180ac                lv_label_set_long_mode
                0x000000001001818c                lv_label_set_recolor
                0x00000000100181b2                lv_label_is_char_under_pos
                0x00000000100183d8                lv_label_get_text_selection_start
                0x00000000100183dc                lv_label_get_text_selection_end
                0x00000000100187b8                lv_label_ins_text
                0x000000001001882c                lv_label_cut_text
 .text          0x0000000010018858      0x67c lib/liblvgl.a(lv_group.c.obj)
                0x00000000100189d8                _lv_group_init
                0x00000000100189e8                lv_group_create
                0x0000000010018a30                lv_group_del
                0x0000000010018acc                lv_group_set_default
                0x0000000010018ad8                lv_group_get_default
                0x0000000010018ae4                lv_group_remove_all_objs
                0x0000000010018b36                lv_group_focus_next
                0x0000000010018b5c                lv_group_focus_prev
                0x0000000010018bb2                lv_group_remove_obj
                0x0000000010018c56                lv_group_add_obj
                0x0000000010018cd6                lv_group_focus_freeze
                0x0000000010018cee                lv_group_set_focus_cb
                0x0000000010018cf2                lv_group_set_edge_cb
                0x0000000010018cf6                lv_group_set_refocus_policy
                0x0000000010018d08                lv_group_set_wrap
                0x0000000010018d1a                lv_group_get_focused
                0x0000000010018d28                lv_group_send_data
                0x0000000010018d56                lv_group_set_editing
                0x0000000010018da0                lv_group_focus_obj
                0x0000000010018e30                lv_group_swap_obj
                0x0000000010018e8e                lv_group_get_focus_cb
                0x0000000010018e9a                lv_group_get_edge_cb
                0x0000000010018ea6                lv_group_get_editing
                0x0000000010018eb8                lv_group_get_wrap
                0x0000000010018eca                lv_group_get_obj_count
 .text          0x0000000010018ed4      0x11c lib/liblvgl.a(lv_draw_sw.c.obj)
                0x0000000010018ed4                lv_draw_sw_wait_for_finish
                0x0000000010018ed6                lv_draw_sw_buffer_copy
                0x0000000010018f58                lv_draw_sw_init_ctx
                0x0000000010018fe4                lv_draw_sw_deinit_ctx
 .text          0x0000000010018ff0      0xc94 lib/liblvgl.a(lv_draw_sw_arc.c.obj)
                0x0000000010019900                lv_draw_sw_arc
 .text          0x0000000010019c84     0x11a8 lib/liblvgl.a(lv_draw_sw_blend.c.obj)
                0x000000001001abb8                lv_draw_sw_blend
                0x000000001001abec                lv_draw_sw_blend_basic
 .text          0x000000001001ae2c      0x628 lib/liblvgl.a(lv_draw_sw_img.c.obj)
                0x000000001001b042                lv_draw_sw_img_decoded
 .text          0x000000001001b454      0x224 lib/liblvgl.a(lv_draw_sw_layer.c.obj)
                0x000000001001b454                lv_draw_sw_layer_create
                0x000000001001b562                lv_draw_sw_layer_adjust
                0x000000001001b5bc                lv_draw_sw_layer_blend
                0x000000001001b66c                lv_draw_sw_layer_destroy
 .text          0x000000001001b678      0x438 lib/liblvgl.a(lv_draw_sw_letter.c.obj)
                0x000000001001b984                lv_draw_sw_letter
 .text          0x000000001001bab0      0x8ac lib/liblvgl.a(lv_draw_sw_line.c.obj)
                0x000000001001c1a0                lv_draw_sw_line
 .text          0x000000001001c35c      0x2e0 lib/liblvgl.a(lv_draw_sw_polygon.c.obj)
                0x000000001001c35c                lv_draw_sw_polygon
 .text          0x000000001001c63c     0x2038 lib/liblvgl.a(lv_draw_sw_rect.c.obj)
                0x000000001001de64                lv_draw_sw_bg
                0x000000001001de7c                draw_border_generic
                0x000000001001e63e                lv_draw_sw_rect
 .text          0x000000001001e674      0x844 lib/liblvgl.a(lv_draw_sw_transform.c.obj)
                0x000000001001ec80                lv_draw_sw_transform
 .text          0x000000001001eeb8      0xde4 lib/liblvgl.a(lv_flex.c.obj)
                0x000000001001fb18                lv_flex_init
                0x000000001001fb58                lv_style_set_flex_flow
                0x000000001001fb6c                lv_style_set_flex_main_place
                0x000000001001fb80                lv_style_set_flex_cross_place
                0x000000001001fb94                lv_style_set_flex_track_place
                0x000000001001fba8                lv_style_set_flex_grow
                0x000000001001fbbc                lv_obj_set_style_flex_flow
                0x000000001001fbd4                lv_obj_set_flex_flow
                0x000000001001fbf0                lv_obj_set_style_flex_main_place
                0x000000001001fc08                lv_obj_set_style_flex_cross_place
                0x000000001001fc20                lv_obj_set_style_flex_track_place
                0x000000001001fc38                lv_obj_set_flex_align
                0x000000001001fc6c                lv_obj_set_style_flex_grow
                0x000000001001fc84                lv_obj_set_flex_grow
 .text          0x000000001001fc9c      0xd74 lib/liblvgl.a(lv_grid.c.obj)
                0x0000000010020748                lv_grid_init
                0x00000000100207b0                lv_style_set_grid_row_dsc_array
                0x00000000100207c4                lv_style_set_grid_column_dsc_array
                0x00000000100207d8                lv_style_set_grid_row_align
                0x00000000100207ec                lv_style_set_grid_column_align
                0x0000000010020800                lv_style_set_grid_cell_column_pos
                0x0000000010020814                lv_style_set_grid_cell_column_span
                0x0000000010020828                lv_style_set_grid_cell_row_pos
                0x000000001002083c                lv_style_set_grid_cell_row_span
                0x0000000010020850                lv_style_set_grid_cell_x_align
                0x0000000010020864                lv_style_set_grid_cell_y_align
                0x0000000010020878                lv_obj_set_style_grid_row_dsc_array
                0x0000000010020890                lv_obj_set_style_grid_column_dsc_array
                0x00000000100208a8                lv_obj_set_grid_dsc_array
                0x00000000100208d0                lv_obj_set_style_grid_row_align
                0x00000000100208e8                lv_obj_set_style_grid_column_align
                0x0000000010020900                lv_obj_set_grid_align
                0x0000000010020918                lv_obj_set_style_grid_cell_column_pos
                0x0000000010020930                lv_obj_set_style_grid_cell_column_span
                0x0000000010020948                lv_obj_set_style_grid_cell_row_pos
                0x0000000010020960                lv_obj_set_style_grid_cell_row_span
                0x0000000010020978                lv_obj_set_style_grid_cell_x_align
                0x0000000010020990                lv_obj_set_style_grid_cell_y_align
                0x00000000100209a8                lv_obj_set_grid_cell
 .text          0x0000000010020a10     0x4768 lib/liblvgl.a(lv_theme_default.c.obj)
                0x0000000010025098                lv_theme_default_is_inited
                0x00000000100250a8                lv_theme_default_init
                0x0000000010025160                lv_theme_default_get
 .text          0x0000000010025178      0x540 lib/liblvgl.a(lv_calendar.c.obj)
                0x0000000010025382                lv_calendar_create
                0x000000001002539c                lv_calendar_set_day_names
                0x00000000100253ba                lv_calendar_set_today_date
                0x00000000100253cc                lv_calendar_set_highlighted_dates
                0x00000000100253de                lv_calendar_set_showed_date
                0x0000000010025644                lv_calendar_get_btnmatrix
                0x0000000010025648                lv_calendar_get_today_date
                0x000000001002564c                lv_calendar_get_showed_date
                0x0000000010025650                lv_calendar_get_highlighted_dates
                0x0000000010025654                lv_calendar_get_highlighted_dates_num
                0x0000000010025658                lv_calendar_get_pressed_date
 .text          0x00000000100256b8      0x1d8 lib/liblvgl.a(lv_calendar_header_arrow.c.obj)
                0x0000000010025874                lv_calendar_header_arrow_create
 .text          0x0000000010025890      0x170 lib/liblvgl.a(lv_calendar_header_dropdown.c.obj)
                0x00000000100259e8                lv_calendar_header_dropdown_create
 .text          0x0000000010025a00     0x25a0 lib/liblvgl.a(lv_chart.c.obj)
                0x0000000010026ce0                lv_chart_create
                0x0000000010026cf8                lv_chart_set_update_mode
                0x0000000010026d1e                lv_chart_set_div_line_count
                0x0000000010026d40                lv_chart_set_zoom_x
                0x0000000010026d64                lv_chart_set_zoom_y
                0x0000000010026d88                lv_chart_get_zoom_x
                0x0000000010026d8e                lv_chart_get_zoom_y
                0x0000000010026d94                lv_chart_get_type
                0x0000000010026d9e                lv_chart_get_point_count
                0x0000000010026da4                lv_chart_get_x_start_point
                0x0000000010026dae                lv_chart_get_point_pos_by_id
                0x00000000100271f8                lv_chart_refresh
                0x0000000010027200                lv_chart_set_type
                0x0000000010027290                lv_chart_set_point_count
                0x0000000010027304                lv_chart_set_range
                0x000000001002734e                lv_chart_add_series
                0x000000001002740c                lv_chart_remove_series
                0x0000000010027438                lv_chart_hide_series
                0x0000000010027454                lv_chart_set_series_color
                0x0000000010027464                lv_chart_set_x_start_point
                0x0000000010027476                lv_chart_get_series_next
                0x000000001002748c                lv_chart_add_cursor
                0x00000000100274b8                lv_chart_set_cursor_pos
                0x00000000100274da                lv_chart_set_cursor_point
                0x0000000010027506                lv_chart_get_cursor_point
                0x0000000010027520                lv_chart_set_all_value
                0x0000000010027548                lv_chart_set_next_value
                0x0000000010027578                lv_chart_set_next_value2
                0x00000000100275b8                lv_chart_set_value_by_id
                0x00000000100275d8                lv_chart_set_value_by_id2
                0x000000001002760e                lv_chart_set_ext_y_array
                0x000000001002763e                lv_chart_set_ext_x_array
                0x000000001002766e                lv_chart_get_y_array
                0x0000000010027678                lv_chart_get_x_array
                0x0000000010027682                lv_chart_get_pressed_point
                0x0000000010027688                get_tick_gsc
                0x0000000010027f28                lv_chart_set_axis_tick
 .text          0x0000000010027fa0      0xbd0 lib/liblvgl.a(lv_colorwheel.c.obj)
                0x0000000010028538                lv_colorwheel_create
                0x0000000010028558                lv_colorwheel_set_hsv
                0x0000000010028638                lv_colorwheel_set_rgb
                0x000000001002869e                lv_colorwheel_set_mode
                0x00000000100286c0                lv_colorwheel_set_mode_fixed